cargo : warning: output filename collision at E:\_src\rust-lang\target\debug\examples\rust_193_features_demo.exe
At line:1 char:1
+ cargo test --workspace > test_output.txt 2>&1; $code = $LASTEXITCODE; ...
+ ~~~~~~~~~~~~~~~~~~~~~~~~~~~~~~~~~~~~~~~~~~~~~
    + CategoryInfo          : NotSpecified: (warning: output...atures_demo.exe:String) [], RemoteException
    + FullyQualifiedErrorId : NativeCommandError
 
  |
  = note: the example target `rust_193_features_demo` in package `c04_generic v0.1.0 (E:\_src\rust-lang\crates\c04_gene
ric)` has the same output filename as the example target `rust_193_features_demo` in package `c01_ownership_borrow_scop
e v0.1.0 (E:\_src\rust-lang\crates\c01_ownership_borrow_scope)`
  = note: this may become a hard error in the future; see <https://github.com/rust-lang/cargo/issues/6313>
  = help: consider changing their names to be unique or compiling them separately
warning: output filename collision at E:\_src\rust-lang\target\debug\examples\rust_193_features_demo.pdb
  |
  = note: the example target `rust_193_features_demo` in package `c04_generic v0.1.0 (E:\_src\rust-lang\crates\c04_gene
ric)` has the same output filename as the example target `rust_193_features_demo` in package `c01_ownership_borrow_scop
e v0.1.0 (E:\_src\rust-lang\crates\c01_ownership_borrow_scope)`
  = note: this may become a hard error in the future; see <https://github.com/rust-lang/cargo/issues/6313>
  = help: consider changing their names to be unique or compiling them separately
warning: output filename collision at E:\_src\rust-lang\target\debug\examples\rust_193_features_demo.exe
  |
  = note: the example target `rust_193_features_demo` in package `c05_threads v0.1.0 (E:\_src\rust-lang\crates\c05_thre
ads)` has the same output filename as the example target `rust_193_features_demo` in package `c04_generic v0.1.0 (E:\_s
rc\rust-lang\crates\c04_generic)`
  = note: this may become a hard error in the future; see <https://github.com/rust-lang/cargo/issues/6313>
  = help: consider changing their names to be unique or compiling them separately
warning: output filename collision at E:\_src\rust-lang\target\debug\examples\rust_193_features_demo.pdb
  |
  = note: the example target `rust_193_features_demo` in package `c05_threads v0.1.0 (E:\_src\rust-lang\crates\c05_thre
ads)` has the same output filename as the example target `rust_193_features_demo` in package `c04_generic v0.1.0 (E:\_s
rc\rust-lang\crates\c04_generic)`
  = note: this may become a hard error in the future; see <https://github.com/rust-lang/cargo/issues/6313>
  = help: consider changing their names to be unique or compiling them separately
warning: output filename collision at E:\_src\rust-lang\target\debug\examples\rust_193_features_demo.exe
  |
  = note: the example target `rust_193_features_demo` in package `c06_async v0.1.0 (E:\_src\rust-lang\crates\c06_async)
` has the same output filename as the example target `rust_193_features_demo` in package `c05_threads v0.1.0 (E:\_src\r
ust-lang\crates\c05_threads)`
  = note: this may become a hard error in the future; see <https://github.com/rust-lang/cargo/issues/6313>
  = help: consider changing their names to be unique or compiling them separately
warning: output filename collision at E:\_src\rust-lang\target\debug\examples\rust_193_features_demo.pdb
  |
  = note: the example target `rust_193_features_demo` in package `c06_async v0.1.0 (E:\_src\rust-lang\crates\c06_async)
` has the same output filename as the example target `rust_193_features_demo` in package `c05_threads v0.1.0 (E:\_src\r
ust-lang\crates\c05_threads)`
  = note: this may become a hard error in the future; see <https://github.com/rust-lang/cargo/issues/6313>
  = help: consider changing their names to be unique or compiling them separately
warning: output filename collision at E:\_src\rust-lang\target\debug\examples\performance_optimization_demo.exe
  |
  = note: the example target `performance_optimization_demo` in package `c07_process v0.1.0 (E:\_src\rust-lang\crates\c
07_process)` has the same output filename as the example target `performance_optimization_demo` in package `c05_threads
 v0.1.0 (E:\_src\rust-lang\crates\c05_threads)`
  = note: this may become a hard error in the future; see <https://github.com/rust-lang/cargo/issues/6313>
  = help: consider changing their names to be unique or compiling them separately
warning: output filename collision at E:\_src\rust-lang\target\debug\examples\performance_optimization_demo.pdb
  |
  = note: the example target `performance_optimization_demo` in package `c07_process v0.1.0 (E:\_src\rust-lang\crates\c
07_process)` has the same output filename as the example target `performance_optimization_demo` in package `c05_threads
 v0.1.0 (E:\_src\rust-lang\crates\c05_threads)`
  = note: this may become a hard error in the future; see <https://github.com/rust-lang/cargo/issues/6313>
  = help: consider changing their names to be unique or compiling them separately
warning: output filename collision at E:\_src\rust-lang\target\debug\examples\rust_193_features_demo.exe
  |
  = note: the example target `rust_193_features_demo` in package `c07_process v0.1.0 (E:\_src\rust-lang\crates\c07_proc
ess)` has the same output filename as the example target `rust_193_features_demo` in package `c06_async v0.1.0 (E:\_src
\rust-lang\crates\c06_async)`
  = note: this may become a hard error in the future; see <https://github.com/rust-lang/cargo/issues/6313>
  = help: consider changing their names to be unique or compiling them separately
warning: output filename collision at E:\_src\rust-lang\target\debug\examples\rust_193_features_demo.pdb
  |
  = note: the example target `rust_193_features_demo` in package `c07_process v0.1.0 (E:\_src\rust-lang\crates\c07_proc
ess)` has the same output filename as the example target `rust_193_features_demo` in package `c06_async v0.1.0 (E:\_src
\rust-lang\crates\c06_async)`
  = note: this may become a hard error in the future; see <https://github.com/rust-lang/cargo/issues/6313>
  = help: consider changing their names to be unique or compiling them separately
warning: output filename collision at E:\_src\rust-lang\target\debug\examples\rust_193_features_demo.exe
  |
  = note: the example target `rust_193_features_demo` in package `c08_algorithms v0.1.0 (E:\_src\rust-lang\crates\c08_a
lgorithms)` has the same output filename as the example target `rust_193_features_demo` in package `c07_process v0.1.0 
(E:\_src\rust-lang\crates\c07_process)`
  = note: this may become a hard error in the future; see <https://github.com/rust-lang/cargo/issues/6313>
  = help: consider changing their names to be unique or compiling them separately
warning: output filename collision at E:\_src\rust-lang\target\debug\examples\rust_193_features_demo.pdb
  |
  = note: the example target `rust_193_features_demo` in package `c08_algorithms v0.1.0 (E:\_src\rust-lang\crates\c08_a
lgorithms)` has the same output filename as the example target `rust_193_features_demo` in package `c07_process v0.1.0 
(E:\_src\rust-lang\crates\c07_process)`
  = note: this may become a hard error in the future; see <https://github.com/rust-lang/cargo/issues/6313>
  = help: consider changing their names to be unique or compiling them separately
warning: output filename collision at E:\_src\rust-lang\target\debug\examples\rust_193_features_demo.exe
  |
  = note: the example target `rust_193_features_demo` in package `c09_design_pattern v0.1.0 (E:\_src\rust-lang\crates\c
09_design_pattern)` has the same output filename as the example target `rust_193_features_demo` in package `c08_algorit
hms v0.1.0 (E:\_src\rust-lang\crates\c08_algorithms)`
  = note: this may become a hard error in the future; see <https://github.com/rust-lang/cargo/issues/6313>
  = help: consider changing their names to be unique or compiling them separately
warning: output filename collision at E:\_src\rust-lang\target\debug\examples\rust_193_features_demo.pdb
  |
  = note: the example target `rust_193_features_demo` in package `c09_design_pattern v0.1.0 (E:\_src\rust-lang\crates\c
09_design_pattern)` has the same output filename as the example target `rust_193_features_demo` in package `c08_algorit
hms v0.1.0 (E:\_src\rust-lang\crates\c08_algorithms)`
  = note: this may become a hard error in the future; see <https://github.com/rust-lang/cargo/issues/6313>
  = help: consider changing their names to be unique or compiling them separately
warning: output filename collision at E:\_src\rust-lang\target\debug\examples\rust_193_features_demo.exe
  |
  = note: the example target `rust_193_features_demo` in package `c10_networks v0.1.0 (E:\_src\rust-lang\crates\c10_net
works)` has the same output filename as the example target `rust_193_features_demo` in package `c09_design_pattern v0.1
.0 (E:\_src\rust-lang\crates\c09_design_pattern)`
  = note: this may become a hard error in the future; see <https://github.com/rust-lang/cargo/issues/6313>
  = help: consider changing their names to be unique or compiling them separately
warning: output filename collision at E:\_src\rust-lang\target\debug\examples\rust_193_features_demo.pdb
  |
  = note: the example target `rust_193_features_demo` in package `c10_networks v0.1.0 (E:\_src\rust-lang\crates\c10_net
works)` has the same output filename as the example target `rust_193_features_demo` in package `c09_design_pattern v0.1
.0 (E:\_src\rust-lang\crates\c09_design_pattern)`
  = note: this may become a hard error in the future; see <https://github.com/rust-lang/cargo/issues/6313>
  = help: consider changing their names to be unique or compiling them separately
warning: output filename collision at E:\_src\rust-lang\target\debug\examples\rust_193_features_demo.exe
  |
  = note: the example target `rust_193_features_demo` in package `c11_macro_system v0.1.0 (E:\_src\rust-lang\crates\c11
_macro_system)` has the same output filename as the example target `rust_193_features_demo` in package `c10_networks v0
.1.0 (E:\_src\rust-lang\crates\c10_networks)`
  = note: this may become a hard error in the future; see <https://github.com/rust-lang/cargo/issues/6313>
  = help: consider changing their names to be unique or compiling them separately
warning: output filename collision at E:\_src\rust-lang\target\debug\examples\rust_193_features_demo.pdb
  |
  = note: the example target `rust_193_features_demo` in package `c11_macro_system v0.1.0 (E:\_src\rust-lang\crates\c11
_macro_system)` has the same output filename as the example target `rust_193_features_demo` in package `c10_networks v0
.1.0 (E:\_src\rust-lang\crates\c10_networks)`
  = note: this may become a hard error in the future; see <https://github.com/rust-lang/cargo/issues/6313>
  = help: consider changing their names to be unique or compiling them separately
warning: output filename collision at E:\_src\rust-lang\target\debug\examples\rust_191_features_demo.exe
  |
  = note: the example target `rust_191_features_demo` in package `c12_wasm v0.1.0 (E:\_src\rust-lang\crates\c12_wasm)` 
has the same output filename as the example target `rust_191_features_demo` in package `c11_macro_system v0.1.0 (E:\_sr
c\rust-lang\crates\c11_macro_system)`
  = note: this may become a hard error in the future; see <https://github.com/rust-lang/cargo/issues/6313>
  = help: consider changing their names to be unique or compiling them separately
warning: output filename collision at E:\_src\rust-lang\target\debug\examples\rust_191_features_demo.pdb
  |
  = note: the example target `rust_191_features_demo` in package `c12_wasm v0.1.0 (E:\_src\rust-lang\crates\c12_wasm)` 
has the same output filename as the example target `rust_191_features_demo` in package `c11_macro_system v0.1.0 (E:\_sr
c\rust-lang\crates\c11_macro_system)`
  = note: this may become a hard error in the future; see <https://github.com/rust-lang/cargo/issues/6313>
  = help: consider changing their names to be unique or compiling them separately
warning: output filename collision at E:\_src\rust-lang\target\debug\examples\rust_192_features_demo.exe
  |
  = note: the example target `rust_192_features_demo` in package `c12_wasm v0.1.0 (E:\_src\rust-lang\crates\c12_wasm)` 
has the same output filename as the example target `rust_192_features_demo` in package `c11_macro_system v0.1.0 (E:\_sr
c\rust-lang\crates\c11_macro_system)`
  = note: this may become a hard error in the future; see <https://github.com/rust-lang/cargo/issues/6313>
  = help: consider changing their names to be unique or compiling them separately
warning: output filename collision at E:\_src\rust-lang\target\debug\examples\rust_192_features_demo.pdb
  |
  = note: the example target `rust_192_features_demo` in package `c12_wasm v0.1.0 (E:\_src\rust-lang\crates\c12_wasm)` 
has the same output filename as the example target `rust_192_features_demo` in package `c11_macro_system v0.1.0 (E:\_sr
c\rust-lang\crates\c11_macro_system)`
  = note: this may become a hard error in the future; see <https://github.com/rust-lang/cargo/issues/6313>
  = help: consider changing their names to be unique or compiling them separately
warning: unused import: `std::sync::Arc`
  --> crates\c05_threads\src\concurrency\memory_ordering.rs:30:5
   |
30 | use std::sync::Arc;
   |     ^^^^^^^^^^^^^^
   |
   = note: `#[warn(unused_imports)]` (part of `#[warn(unused)]`) on by default

warning: unused import: `std::thread`
  --> crates\c05_threads\src\concurrency\memory_ordering.rs:31:5
   |
31 | use std::thread;
   |     ^^^^^^^^^^^

warning: unused import: `std::thread`
  --> crates\c05_threads\src\concurrency\work_stealing.rs:15:5
   |
15 | use std::thread;
   |     ^^^^^^^^^^^

warning: unnecessary `unsafe` block
   --> crates\c08_algorithms\src\simd_operations.rs:100:22
    |
100 |             let vr = unsafe { _mm256_add_ps(va, vb) };
    |                      ^^^^^^ unnecessary `unsafe` block
    |
    = note: `#[warn(unused_unsafe)]` (part of `#[warn(unused)]`) on by default

warning: unnecessary `unsafe` block
   --> crates\c08_algorithms\src\simd_operations.rs:121:22
    |
121 |             let vr = unsafe { _mm_add_ps(va, vb) };
    |                      ^^^^^^ unnecessary `unsafe` block

warning: unnecessary `unsafe` block
  --> crates\c13_embedded\src\raw_pointers_advanced.rs:86:22
   |
86 |         let result = unsafe { core::arch::x86_64::__cpuid_count(1, 0) };
   |                      ^^^^^^ unnecessary `unsafe` block
   |
   = note: `#[warn(unused_unsafe)]` (part of `#[warn(unused)]`) on by default

warning: `c05_threads` (lib) generated 3 warnings (run `cargo fix --lib -p c05_threads` to apply 3 suggestions)
warning: `c08_algorithms` (lib) generated 2 warnings
warning: `c13_embedded` (lib) generated 1 warning
warning: unused import: `std::thread`
  --> crates\c05_threads\src\concurrency\work_stealing.rs:15:5
   |
15 | use std::thread;
   |     ^^^^^^^^^^^
   |
   = note: `#[warn(unused_imports)]` (part of `#[warn(unused)]`) on by default

warning: `c05_threads` (lib test) generated 1 warning (run `cargo fix --lib -p c05_threads --tests` to apply 1 suggesti
on)
warning: unreachable statement
   --> crates\c05_threads\examples\advanced_concurrency_patterns_demo.rs:257:13
    |
240 | /             loop {
241 | |                 for (_i, receiver) in worker_receivers.iter().enumerate() {
242 | |                     if let Ok(result) = receiver.try_recv() {
243 | |                         results.push(result);
...   |
254 | |                 thread::sleep(Duration::from_millis(1));
255 | |             }
    | |_____________- any code following this expression is unreachable
256 |
257 |               println!("扇入聚合器停止");
    |               ^^^^^^^^^^^^^^^^^^^^^^^^^^ unreachable statement
    |
    = note: `#[warn(unreachable_code)]` (part of `#[warn(unused)]`) on by default

warning: unused variable: `active_workers`
   --> crates\c05_threads\examples\advanced_concurrency_patterns_demo.rs:238:17
    |
238 |             let active_workers = num_workers;
    |                 ^^^^^^^^^^^^^^ help: if this is intentional, prefix it with an underscore: `_active_workers`
    |
    = note: `#[warn(unused_variables)]` (part of `#[warn(unused)]`) on by default

warning: `c05_threads` (example "advanced_concurrency_patterns_demo") generated 2 warnings (run `cargo fix --example "a
dvanced_concurrency_patterns_demo" -p c05_threads` to apply 1 suggestion)
warning: unused doc comment
   --> crates\c12_wasm\src\rust_196_features.rs:416:1
    |
416 | / /// 标准 C 库函数声明（Rust 2024 语法）
417 | | ///
418 | | /// `unsafe extern "C"` 明确表示这些函数来自外部不安全代码，
419 | | /// 调用者必须负责满足前置条件（如有效指针、正确内存布局等）。
    | |______________________________________________________________^
420 |   #[cfg(not(target_arch = "wasm32"))]
421 | / unsafe extern "C" {
422 | |     /// 计算 C 字符串长度（以 null 结尾）
423 | |     ///
424 | |     /// # Safety
...   |
433 | |     fn memcmp(s1: *const std::ffi::c_void, s2: *const std::ffi::c_void, n: usize) -> i32;
434 | | }
    | |_- rustdoc does not generate documentation for extern blocks
    |
    = help: use `//` for a plain comment
    = note: `#[warn(unused_doc_comments)]` (part of `#[warn(unused)]`) on by default

warning: function `memcmp` is never used
   --> crates\c12_wasm\src\rust_196_features.rs:433:8
    |
433 |     fn memcmp(s1: *const std::ffi::c_void, s2: *const std::ffi::c_void, n: usize) -> i32;
    |        ^^^^^^
    |
    = note: `#[warn(dead_code)]` (part of `#[warn(unused)]`) on by default

warning: `c12_wasm` (lib) generated 2 warnings
warning: `c12_wasm` (lib test) generated 2 warnings (2 duplicates)
warning: `c08_algorithms` (lib test) generated 2 warnings (2 duplicates)
warning: `c13_embedded` (lib test) generated 1 warning (1 duplicate)
    Finished `test` profile [optimized + debuginfo] target(s) in 0.69s
     Running unittests src\lib.rs (target\debug\deps\c01_ownership_borrow_scope-2387272f83648459.exe)

running 67 tests
test error::tests::test_error_conversion ... ok
test internal_mut::cell::cell01::tests::test_cell01 ... ok
test error::tests::test_error_creation ... ok
test miri_tests::benchmarks::bench_slice_operations ... ok
test internal_mut::refcell::refcell_match::tests::test_refcell_match01 ... ok
test internal_mut::refcell::refcell_match_threads::tests::test_refcell_match_threads01 ... ok
test internal_mut::refcell::thread::tests::test_thread01 ... ok
test miri_tests::test_16_use_after_free ... ignored, This test should fail with UB
test internal_mut::unsafecell::test01::tests::test_unsafecell01 ... ok
test layout_guarantees::tests::test_packed_struct ... ok
test layout_guarantees::tests::test_padding_needed ... ok
test layout_guarantees::tests::test_struct_layout ... ok
test layout_guarantees::tests::test_zst ... ok
test miri_tests::benchmarks::bench_reborrow_chain ... ok
test internal_mut::refcell::refcell01::tests::test_refcell01 ... ok
test miri_tests::test_17_data_race ... ignored, This test should fail with data race
test miri_tests::test_10_match_reborrow ... ok
test miri_tests::test_11_zero_sized_types ... ok
test miri_tests::test_1_basic_reborrow ... ok
test miri_tests::test_12_empty_slice ... ok
test miri_tests::test_13_nested_struct ... ok
test miri_tests::test_14_array_windows ... ok
test layout_guarantees::tests::test_dst ... ok
test internal_mut::threads::threads01::tests::test_threads01 ... ok
test layout_guarantees::tests::test_primitive_layouts ... ok
test miri_tests::test_15_iterator_mut ... ok
test internal_mut::refcell::refcell_threads::tests::test_refcell_threads01 ... ok
test miri_tests::test_2_reborrow_chain ... ok
test miri_tests::test_3_loop_reborrow ... ok
test miri_tests::test_4_slice_split ... ok
test miri_tests::test_5_overlapping_slices_no_conflict ... ok
test miri_tests::test_6_vec_push_while_iter ... ok
test miri_tests::test_7_raw_pointer_alias ... ok
test miri_tests::test_8_pointer_arithmetic_fields ... ok
test miri_tests::test_9_fn_arg_reborrow ... ok
test ownership_utils::tests::test_borrow_tracker ... ok
test ownership_utils::tests::test_lifetime_tracker ... ok
test ownership_utils::tests::test_ownership_system_manager ... ok
test ownership_utils::tests::test_ownership_tracker ... ok
test rust_194_features::tests::bench_array_windows_vs_windows ... ok
test rust_194_features::tests::test_array_windows_empty ... ok
test rust_194_features::tests::test_batch_process ... ok
test rust_194_features::tests::test_batch_process_success ... ok
test rust_194_features::tests::test_count_increasing_triplets ... ok
test rust_194_features::tests::test_golden_section_search ... ok
test rust_194_features::tests::test_harmonic_number ... ok
test rust_194_features::tests::test_has_abba ... ok
test rust_194_features::tests::test_lazycell_get ... ok
test rust_194_features::tests::test_lazycell_get_mut ... ok
test rust_194_features::tests::test_lazylock_hot_path ... ok
test rust_194_features::tests::test_math_constants_precision ... ok
test rust_194_features::tests::test_search_in_matrix ... ok
test rust_194_features::tests::test_sliding_window_averages ... ok
test rust_194_features::tests::test_validate_data ... ok
test rust_196_features::tests::test_check_optional_ownership ... ok
test rust_196_features::tests::test_check_ownership_bounds ... ok
test rust_196_features::tests::test_check_transfer_status ... ok
test rust_196_features::tests::test_get_rust_196_ownership_info ... ok
test rust_196_features::tests::test_parse_handle ... ok
test rust_196_features::tests::test_safe_slice_borrow ... ok
test rust_196_features::tests::test_transfer_ownership_tuple ... ok
test rust_196_features::tests::test_transfer_with_metadata ... ok
test rust_196_features::tests::test_validate_resource_owner ... ok
test scope::tests::test_scope_creation ... ok
test scope::tests::test_scope_exit ... ok
test scope::tests::test_variable_declaration ... ok
test rust_196_features::tests::test_prefix_borrow ... ok

test result: ok. 65 passed; 0 failed; 2 ignored; 0 measured; 0 filtered out; finished in 0.00s

     Running unittests src\bin\main.rs (target\debug\deps\obs-92999e9689b29a81.exe)

running 0 tests

test result: ok. 0 passed; 0 failed; 0 ignored; 0 measured; 0 filtered out; finished in 0.00s

     Running tests\concurrent_safety_tests.rs (target\debug\deps\concurrent_safety_tests-ca7a39dbdc007ad5.exe)

running 5 tests
test test_shared_state_safety ... ok
test test_synchronization_primitives ... ok
test test_memory_safety ... ok
test test_atomic_operations ... ok
test test_race_conditions ... ok

test result: ok. 5 passed; 0 failed; 0 ignored; 0 measured; 0 filtered out; finished in 0.01s

     Running tests\edge_cases_tests.rs (target\debug\deps\edge_cases_tests-d81a0fbca7df575c.exe)

running 6 tests
test test_boundary_values ... ok
test test_empty_collections ... ok
test test_overflow_underflow ... ok
test test_error_paths ... ok
test test_max_min_values ... ok
test test_resource_exhaustion ... ok

test result: ok. 6 passed; 0 failed; 0 ignored; 0 measured; 0 filtered out; finished in 0.01s

     Running tests\error_paths_tests.rs (target\debug\deps\error_paths_tests-f9dd27d249518478.exe)

running 5 tests
test test_error_inputs ... ok
test test_error_states ... ok
test test_exception_cases ... ok
test test_concurrent_safety ... ok
test test_resource_exhaustion ... ok

test result: ok. 5 passed; 0 failed; 0 ignored; 0 measured; 0 filtered out; finished in 0.00s

     Running tests\integration_tests.rs (target\debug\deps\integration_tests-1c8bb221cb405ac9.exe)

running 6 tests
test test_borrowing_integration ... ok
test test_lifetime_integration ... ok
test test_concurrent_ownership_integration ... ok
test test_ownership_transfer_integration ... ok
test test_scope_integration ... ok
test test_smart_pointer_integration ... ok

test result: ok. 6 passed; 0 failed; 0 ignored; 0 measured; 0 filtered out; finished in 0.00s

     Running tests\scope_tests.rs (target\debug\deps\scope_tests-03edca53cd80144a.exe)

running 13 tests
test test_scope_error_display ... ok
test test_scope_analyzer ... ok
test test_scope_creation ... ok
test test_scope_manager_error_handling ... ok
test test_scope_manager_nested_scopes ... ok
test test_scope_manager_basic_operations ... ok
test test_scope_manager_edge_cases ... ok
test test_scope_manager_variable_declaration ... ok
test test_scope_type_variants ... ok
test test_scope_visibility_rules ... ok
test test_scope_manager_complex_scenario ... ok
test test_scope_variable_management ... ok
test test_variable_info ... ok

test result: ok. 13 passed; 0 failed; 0 ignored; 0 measured; 0 filtered out; finished in 0.00s

     Running tests\test1.rs (target\debug\deps\test1-bcce8796d6eb3a00.exe)

running 0 tests

test result: ok. 0 passed; 0 failed; 0 ignored; 0 measured; 0 filtered out; finished in 0.00s

     Running unittests src\lib.rs (target\debug\deps\c02_type_system-165e62ee273440e7.exe)

running 108 tests
test advanced_error_handling::tests::test_contextual_error ... ok
test advanced_error_handling::tests::test_error_context ... ok
test advanced_pattern_matching::tests::test_expression_evaluation ... ok
test advanced_error_handling::tests::test_error_recovery ... ok
test advanced_error_handling::tests::test_error_monitor ... ok
test miri_tests::test_double_free ... ignored, This test should fail with double-free
test advanced_pattern_matching::tests::test_nested_pattern_matching ... ok
test advanced_pattern_matching::tests::test_pattern_optimization ... ok
test archive::rust_192_features::tests::test_calculate_aligned_size ... ok
test advanced_pattern_matching::tests::test_dynamic_pattern_matching ... ok
test archive::rust_192_features::tests::test_compare_type_lists ... ok
test miri_tests::test_ffi_pointer ... ok
test archive::rust_192_features::tests::test_type_converter ... ok
test archive::rust_192_features::tests::test_type_list_validator ... ok
test error::tests::test_error_conversion ... ok
test exercises::type_tricks::tests::test_default_value ... ok
test exercises::type_tricks::tests::test_enum_variants ... ok
test exercises::type_tricks::tests::test_newtype_pattern ... ok
test miri_tests::test_addr_of ... ok
test error::tests::test_error_creation ... ok
test miri_tests::test_atomic_operations ... ok
test archive::rust_192_features::tests::test_generic_type_converter ... ok
test archive::rust_192_features::tests::test_maybe_uninit_manager ... ok
test miri_tests::test_from_ne_bytes_basic ... ok
test archive::rust_192_features::tests::test_type_size_calculator ... ok
test miri_tests::test_manually_drop ... ok
test miri_tests::test_manually_drop_access ... ok
test exercises::type_tricks::tests::test_type_alias ... ok
test miri_tests::test_interior_mutability ... ok
test miri_tests::test_alignment ... ok
test miri_tests::test_maybeuninit_array ... ok
test miri_tests::test_maybeuninit_basic ... ok
test miri_tests::test_nonnull_basic ... ok
test miri_tests::test_out_of_bounds ... ignored, This test should fail with out-of-bounds
test miri_tests::test_null_check ... ok
test miri_tests::test_raw_pointer_alias ... ok
test miri_tests::test_self_referential ... ok
test miri_tests::test_tree_borrows_shared_ref ... ok
test miri_tests::test_unaligned_read ... ok
test miri_tests::test_union_basic ... ok
test miri_tests::test_use_after_free ... ignored, This test should fail with use-after-free
test miri_tests::test_zst_pointers ... ok
test performance::benchmarks_simple::tests::test_benchmark_runner ... ok
test performance::benchmarks_simple::tests::test_performance_analyzer ... ok
test rust_194_features::tests::test_char_to_usize_ascii ... ok
test rust_194_features::tests::test_char_to_usize_unicode ... ok
test rust_194_features::tests::test_char_to_usize_unicode_boundaries ... ok
test rust_194_features::tests::test_demonstrate_features ... ok
test rust_194_features::tests::test_edition_2024_wrapper ... ok
test rust_194_features::tests::test_euler_gamma_f64 ... ok
test rust_194_features::tests::test_find_repeated_triplets ... ok
test rust_194_features::tests::test_get_info ... ok
test rust_194_features::tests::test_golden_ratio_conjugate ... ok
test rust_194_features::tests::test_golden_ratio_f64 ... ok
test rust_194_features::tests::test_golden_section_search ... ok
test rust_194_features::tests::test_golden_section_search_edge_cases ... ok
test rust_194_features::tests::test_harmonic_number ... ok
test rust_194_features::tests::test_harmonic_number_approx ... ok
test rust_194_features::tests::test_is_monotonically_decreasing ... ok
test rust_194_features::tests::test_is_monotonically_increasing ... ok
test rust_194_features::tests::test_lazy_factory ... ok
test rust_194_features::tests::test_math_consts_f32 ... ok
test rust_194_features::tests::test_precise_type_validator ... ok
test rust_194_features::tests::test_string_to_char_values ... ok
test rust_194_features::tests::test_thread_safe_type_cache ... ok
test rust_194_features::tests::test_type_bool ... ok
test rust_194_features::tests::test_type_inferred_cache_get ... ok
test rust_194_features::tests::test_type_inferred_cache_get_mut ... ok
test rust_194_features::tests::test_type_processor ... ok
test rust_194_features::tests::test_type_validator_actual_check ... ok
test rust_194_features::tests::test_typed_container ... ok
test rust_194_features::tests::test_typed_container_map ... ok
test rust_194_features::tests::test_typed_container_trait ... ok
test rust_194_features::tests::test_unicode_char_info ... ok
test rust_194_features::tests::test_window_analyzer_detect_pattern ... ok
test rust_196_features::tests::test_app_config_load_critical ... ok
test rust_196_features::tests::test_compile_time_compute ... ok
test rust_196_features::tests::test_conditional_never ... ok
test rust_196_features::tests::test_demonstrate_exhaustive_match ... ok
test rust_196_features::tests::test_demonstrate_option_never ... ok
test rust_196_features::tests::test_filtered_result ... ok
test rust_196_features::tests::test_get_never_type_info ... ok
test rust_196_features::tests::test_parse_known_valid ... ok
test rust_196_features::tests::test_process_infallible_stream ... ok
test rust_196_features::tests::test_safe_add ... ok
test rust_196_features::tests::test_unwrap_infallible ... ok
test rust_196_features::tests::test_validate_positive ... ok
test rust_196_tuple_coercion::tests::test_complex_lifetime ... ok
test rust_196_tuple_coercion::tests::test_config_creation ... ok
test rust_196_tuple_coercion::tests::test_coordinate_conversion ... ok
test rust_196_tuple_coercion::tests::test_dynamic_functions ... ok
test rust_196_tuple_coercion::tests::test_elided_lifetime_coercion ... ok
test rust_196_tuple_coercion::tests::test_heterogeneous_tuple ... ok
test rust_196_tuple_coercion::tests::test_lifetime_propagation ... ok
test rust_196_tuple_coercion::tests::test_parse_type_id ... ok
test rust_196_tuple_coercion::tests::test_query_results ... ok
test rust_196_tuple_coercion::tests::test_static_lifetime_coercion ... ok
test rust_196_tuple_coercion::tests::test_validate_conversion ... ok
test rust_196_tuple_coercion::tests::test_wrapper_coercion ... ok
test type_system_validator::tests::test_lifetime_validation ... ok
test type_system_validator::tests::test_type_compatibility ... ok
test type_system_validator::tests::test_type_inference ... ok
test type_system_validator::tests::test_type_validation ... ok
test type_variance::contravariance::define::tests::test_animal_sound ... ok
test wasm_support::tests::test_function_exporter ... ok
test wasm_support::tests::test_js_interop ... ok
test wasm_support::tests::test_wasm_operations ... ok
test wasm_support::tests::test_memory_manager ... ok

test result: ok. 105 passed; 0 failed; 3 ignored; 0 measured; 0 filtered out; finished in 0.00s

     Running unittests src\bin\array_exp01.rs (target\debug\deps\array_exp01-d9ca16013d9e77fc.exe)

running 0 tests

test result: ok. 0 passed; 0 failed; 0 ignored; 0 measured; 0 filtered out; finished in 0.00s

     Running unittests src\bin\assignment01.rs (target\debug\deps\assignment01-88afb18ecb502146.exe)

running 0 tests

test result: ok. 0 passed; 0 failed; 0 ignored; 0 measured; 0 filtered out; finished in 0.00s

     Running unittests src\bin\bit_operation.rs (target\debug\deps\bit_operation-5e03b26fdb5d54dd.exe)

running 0 tests

test result: ok. 0 passed; 0 failed; 0 ignored; 0 measured; 0 filtered out; finished in 0.00s

     Running unittests src\bin\boolean_operation.rs (target\debug\deps\boolean_operation-b5924cd96c0d2e81.exe)

running 0 tests

test result: ok. 0 passed; 0 failed; 0 ignored; 0 measured; 0 filtered out; finished in 0.00s

     Running unittests src\bin\byte_operation.rs (target\debug\deps\byte_operation-6f3a694ceaffe6a8.exe)

running 0 tests

test result: ok. 0 passed; 0 failed; 0 ignored; 0 measured; 0 filtered out; finished in 0.00s

     Running unittests src\bin\char_operation.rs (target\debug\deps\char_operation-d4fa2bc7aa528c01.exe)

running 0 tests

test result: ok. 0 passed; 0 failed; 0 ignored; 0 measured; 0 filtered out; finished in 0.00s

     Running unittests src\bin\match_decompositin_exp01.rs (target\debug\deps\match_decompositin_exp01-73b2b2859b095162
.exe)

running 0 tests

test result: ok. 0 passed; 0 failed; 0 ignored; 0 measured; 0 filtered out; finished in 0.00s

     Running unittests src\bin\number_operation.rs (target\debug\deps\number_operation-4e5a645afab7170f.exe)

running 0 tests

test result: ok. 0 passed; 0 failed; 0 ignored; 0 measured; 0 filtered out; finished in 0.00s

     Running unittests src\bin\slice_exp01.rs (target\debug\deps\slice_exp01-950fd3ca1b037c59.exe)

running 0 tests

test result: ok. 0 passed; 0 failed; 0 ignored; 0 measured; 0 filtered out; finished in 0.00s

     Running unittests src\bin\string_operation.rs (target\debug\deps\string_operation-987154c46a8ade1f.exe)

running 0 tests

test result: ok. 0 passed; 0 failed; 0 ignored; 0 measured; 0 filtered out; finished in 0.00s

     Running unittests src\bin\trait_exp01.rs (target\debug\deps\trait_exp01-d0c5e4e19cb0e42a.exe)

running 0 tests

test result: ok. 0 passed; 0 failed; 0 ignored; 0 measured; 0 filtered out; finished in 0.00s

     Running unittests src\bin\main.rs (target\debug\deps\ts-b870ede1ef52fb0f.exe)

running 0 tests

test result: ok. 0 passed; 0 failed; 0 ignored; 0 measured; 0 filtered out; finished in 0.00s

     Running unittests src\bin\tuple_exp01.rs (target\debug\deps\tuple_exp01-2a2e5ab44e1f9979.exe)

running 0 tests

test result: ok. 0 passed; 0 failed; 0 ignored; 0 measured; 0 filtered out; finished in 0.00s

     Running unittests src\bin\type_size.rs (target\debug\deps\type_size-de28c95b50156fe8.exe)

running 0 tests

test result: ok. 0 passed; 0 failed; 0 ignored; 0 measured; 0 filtered out; finished in 0.00s

     Running tests\associated_types_tests.rs (target\debug\deps\associated_types_tests-b21b0dd585ef5a59.exe)

running 9 tests
test test_associated_constants ... ok
test test_associated_type_aliases ... ok
test test_associated_types_with_where ... ok
test test_associated_types_in_generics ... ok
test test_associated_type_constraints ... ok
test test_basic_associated_types ... ok
test test_complex_associated_type_pattern ... ok
test test_generic_associated_types ... ok
test test_default_associated_types ... ok

test result: ok. 9 passed; 0 failed; 0 ignored; 0 measured; 0 filtered out; finished in 0.00s

     Running tests\generic_bounds_tests.rs (target\debug\deps\generic_bounds_tests-6f8ee7ef5ae15c45.exe)

running 12 tests
test test_associated_types_with_generics ... ok
test test_basic_generic_function ... ok
test test_generic_methods ... ok
test test_generic_with_lifetimes ... ok
test test_trait_bounds ... ok
test test_generic_struct ... ok
test test_const_generics ... ok
test test_default_generic_type ... ok
test test_multiple_generic_params ... ok
test test_where_clause ... ok
test test_multiple_bounds ... ok
test test_generic_enum ... ok

test result: ok. 12 passed; 0 failed; 0 ignored; 0 measured; 0 filtered out; finished in 0.00s

     Running tests\trait_system_tests.rs (target\debug\deps\trait_system_tests-266479260e3ca7d1.exe)

running 9 tests
test test_associated_types ... ok
test test_basic_trait ... ok
test test_default_trait_methods ... ok
test test_trait_inheritance ... ok
test test_impl_trait_return ... ok
test test_multiple_trait_bounds ... ok
test test_trait_bounds ... ok
test test_generic_trait_impl ... ok
test test_trait_objects ... ok

test result: ok. 9 passed; 0 failed; 0 ignored; 0 measured; 0 filtered out; finished in 0.00s

     Running tests\type_inference_tests.rs (target\debug\deps\type_inference_tests-b0030122c5932da0.exe)

running 8 tests
test test_basic_type_inference ... ok
test test_dynamic_types ... ok
test test_generic_type_inference ... ok
test test_option_type_operations ... ok
test test_result_type_operations ... ok
test test_slice_types ... ok
test test_type_coercion ... ok
test test_type_annotations ... ok

test result: ok. 8 passed; 0 failed; 0 ignored; 0 measured; 0 filtered out; finished in 0.00s

     Running unittests src\lib.rs (target\debug\deps\c03_control_fn-bca9e6ddc3ba8d53.exe)

running 94 tests
test basic_syntax::tests::test_basic_syntax_demo_creation ... ok
test basic_syntax::tests::test_basic_syntax_demo_display ... ok
test basic_syntax::tests::test_basic_syntax_demo_metadata ... ok
test basic_syntax::tests::test_basic_syntax_demo_update ... ok
test basic_syntax::tests::test_factorial ... ok
test basic_syntax::tests::test_max_value ... ok
test miri_tests::test_conditional_ptr_write ... ok
test error::tests::test_error_conversion ... ok
test miri_tests::test_break_with_value ... ok
test miri_tests::test_closure_capture ... ok
test miri_tests::test_closure_mut_capture ... ok
test basic_syntax::tests::test_parse_and_double ... ok
test miri_tests::test_control_flow_init ... ok
test miri_tests::test_pattern_match_safety ... ok
test error::tests::test_error_creation ... ok
test miri_tests::test_early_return_safety ... ok
test miri_tests::test_labeled_continue ... ok
test miri_tests::test_loop_as_goto ... ok
test miri_tests::test_loop_memory_operations ... ok
test miri_tests::test_match_reborrow ... ok
test miri_tests::test_iterator_unsafe ... ok
test miri_tests::test_function_pointer ... ok
test miri_tests::test_custom_iterator ... ok
test miri_tests::test_tail_call_concept ... ok
test miri_tests::test_recursion_depth ... ok
test miri_tests::test_panic_safety ... ok
test miri_tests::test_result_control_flow ... ok
test miri_tests::test_ptr_read_write ... ok
test miri_tests::test_unsafe_fn_pointer ... ok
test rust_194_features::tests::test_branchless_computation ... ok
test rust_194_features::tests::test_branch_predictor_friendly ... ok
test rust_194_features::tests::test_check_condition_sequence ... ok
test rust_194_features::tests::test_closure_capture_analyzer ... ok
test rust_194_features::tests::test_closure_mutator ... ok
test rust_194_features::tests::test_compose_functions ... ok
test rust_194_features::tests::test_conditional_lazy_controller_failure ... ok
test rust_194_features::tests::test_conditional_lazy_controller_get ... ok
test rust_194_features::tests::test_conditional_lazy_controller_success ... ok
test rust_194_features::tests::test_control_flow_batch ... ok
test rust_194_features::tests::test_control_flow_lazy_cache ... ok
test rust_194_features::tests::test_control_flow_lazy_cache_reset ... ok
test rust_194_features::tests::test_control_flow_matrix_search ... ok
test rust_194_features::tests::test_control_flow_validate ... ok
test rust_194_features::tests::test_controlled_harmonic_sum_approximation ... ok
test rust_194_features::tests::test_controlled_harmonic_sum_small ... ok
test rust_194_features::tests::test_convergence_controller_tolerance ... ok
test rust_194_features::tests::test_create_precise_closure ... ok
test rust_194_features::tests::test_data_filter_processor ... ok
test rust_194_features::tests::test_detect_loops ... ok
test rust_194_features::tests::test_demonstrate_features ... ok
test rust_194_features::tests::test_detect_spikes ... ok
test rust_194_features::tests::test_detect_transitions ... ok
test rust_194_features::tests::test_edition_2024_control_flow ... ok
test rust_194_features::tests::test_edition_wrapper_uninitialized ... ok
test rust_194_features::tests::test_enhanced_matcher ... ok
test rust_194_features::tests::test_function_ptr_wrapper ... ok
test rust_194_features::tests::test_generic_parser ... ok
test rust_194_features::tests::test_generic_parser_require ... ok
test rust_194_features::tests::test_get_info ... ok
test rust_194_features::tests::test_golden_section_search ... ok
test rust_194_features::tests::test_match_or_default ... ok
test rust_194_features::tests::test_process_event_pairs ... ok
test rust_194_features::tests::test_simple_lexer_empty_input ... ok
test rust_194_features::tests::test_simple_lexer_expect_char ... ok
test rust_194_features::tests::test_simple_lexer_identifier ... ok
test rust_194_features::tests::test_simple_lexer_invalid_number ... ok
test rust_194_features::tests::test_simple_lexer_mixed ... ok
test rust_194_features::tests::test_simple_lexer_number ... ok
test rust_194_features::tests::test_token_iterator ... ok
test rust_194_features::tests::test_validate_data_edge_cases ... ok
test rust_196_features::tests::test_classify_value ... ok
test rust_194_features::tests::test_vectorizable_loop ... ok
test rust_196_features::tests::test_extract_deep_value ... ok
test rust_196_features::tests::test_combine_options ... ok
test rust_196_features::tests::test_filter_valid_records ... ok
test rust_196_features::tests::test_get_let_chains_info ... ok
test rust_196_features::tests::test_server_config_from_args ... ok
test rust_196_features::tests::test_sum_positive_entries ... ok
test rust_196_features::tests::test_parse_and_validate ... ok
test rust_196_gen_examples::tests::test_combinations_gen ... ok
test rust_196_gen_examples::tests::test_cumulative_sum ... ok
test rust_196_gen_examples::tests::test_fibonacci_gen ... ok
test rust_196_gen_examples::tests::test_filter_map_gen ... ok
test rust_196_gen_examples::tests::test_flatten_gen ... ok
test rust_196_gen_examples::tests::test_handle_nested_result ... ok
test rust_196_gen_examples::tests::test_parse_command_arg ... ok
test rust_196_gen_examples::tests::test_permutations_gen ... ok
test rust_196_gen_examples::tests::test_range_gen ... ok
test rust_196_gen_examples::tests::test_repeat_gen ... ok
test rust_196_gen_examples::tests::test_simple_counter ... ok
test rust_196_gen_examples::tests::test_tree_traversal ... ok
test rust_196_gen_examples::tests::test_window_gen ... ok
test tests::test_project_info ... ok
test tests::test_init ... ok

test result: ok. 94 passed; 0 failed; 0 ignored; 0 measured; 0 filtered out; finished in 0.00s

     Running unittests src\bin\main.rs (target\debug\deps\cf-3824b4be9d7a7e82.exe)

running 0 tests

test result: ok. 0 passed; 0 failed; 0 ignored; 0 measured; 0 filtered out; finished in 0.00s

     Running unittests src\bin\closure_exp.rs (target\debug\deps\closure_exp-0fa1f8844ac0ab8f.exe)

running 0 tests

test result: ok. 0 passed; 0 failed; 0 ignored; 0 measured; 0 filtered out; finished in 0.00s

     Running unittests src\bin\error_handle_exp01.rs (target\debug\deps\error_handle_exp01-8da09d525a814c92.exe)

running 0 tests

test result: ok. 0 passed; 0 failed; 0 ignored; 0 measured; 0 filtered out; finished in 0.00s

     Running unittests src\bin\exp_async.rs (target\debug\deps\exp_async-c97725294d4cdd38.exe)

running 0 tests

test result: ok. 0 passed; 0 failed; 0 ignored; 0 measured; 0 filtered out; finished in 0.00s

     Running unittests src\bin\match_control_exp01.rs (target\debug\deps\match_control_exp01-ea469eb9836e3012.exe)

running 0 tests

test result: ok. 0 passed; 0 failed; 0 ignored; 0 measured; 0 filtered out; finished in 0.00s

     Running tests\concurrent_safety_tests.rs (target\debug\deps\concurrent_safety_tests-d4be6b5b8b78245a.exe)

running 5 tests
test test_atomic_operations ... ok
test test_race_conditions ... ok
test test_synchronization_primitives ... ok
test test_shared_state_safety ... ok
test test_memory_safety ... ok

test result: ok. 5 passed; 0 failed; 0 ignored; 0 measured; 0 filtered out; finished in 0.04s

     Running tests\integration_tests.rs (target\debug\deps\integration_tests-1928ff9555551d01.exe)

running 6 tests
test test_closure_integration ... ok
test test_function_call_integration ... ok
test test_loop_integration ... ok
test test_control_flow_integration ... ok
test test_pattern_matching_integration ... ok
test test_error_handling_integration ... ok

test result: ok. 6 passed; 0 failed; 0 ignored; 0 measured; 0 filtered out; finished in 0.00s

     Running tests\snippets_compile.rs (target\debug\deps\snippets_compile-67639de4d7d765d0.exe)

running 1 test
test test_async_control_flow_snippet_runs ... ok

test result: ok. 1 passed; 0 failed; 0 ignored; 0 measured; 0 filtered out; finished in 0.00s

     Running unittests src\lib.rs (target\debug\deps\c04_generic-de46e17754e65337.exe)

running 267 tests
test advanced::gat_patterns::tests::test_hlist_length ... ok
test advanced::gat_patterns::tests::test_window_iter ... ok
test advanced_patterns::builder_pattern::tests::test_builder_pattern ... ok
test advanced_patterns::observer_pattern::tests::test_observer_pattern ... ok
test advanced_patterns::strategy_pattern::tests::test_strategy_pattern ... ok
test archive::rust_189_comprehensive::lifetime_inference_enhancements::tests::test_lifetime_inference ... ok
test archive::rust_189_comprehensive::new_generic_constraint_syntax::tests::test_complex_constraints ... ok
test advanced_patterns::integration_tests::test_all_advanced_patterns ... ok
test advanced_patterns::singleton_pattern::tests::test_singleton_pattern ... ok
test archive::rust_189_features::const_generics::tests::test_ring_buffer ... ok
test advanced_patterns::decorator_pattern::tests::test_decorator_pattern ... ok
test archive::rust_189_comprehensive::enhanced_const_generics::tests::test_matrix_operations ... ok
test archive::rust_189_features::tait_like::tests::test_map_then_filter ... ok
test archive::rust_189_comprehensive::integration_tests::test_all_rust_189_features ... ok
test archive::rust_189_comprehensive::new_generic_constraint_syntax::tests::test_advanced_generic_function ... ok
test advanced_patterns::factory_pattern::tests::test_factory_pattern ... ok
test archive::rust_189_comprehensive::rpitit_features::tests::test_rpitit_number_processor ... ok
test archive::rust_189_comprehensive::rpitit_features::tests::test_rpitit_string_processor ... ok
test archive::rust_189_comprehensive::type_inference_improvements::tests::test_type_inference ... ok
test archive::rust_189_gat_hrtbs::hrtb_demo::tests::test_hrtb_map_all ... ok
test advanced_patterns::command_pattern::tests::test_command_pattern ... ok
test archive::rust_189_features::rpitit::tests::test_rpitit_basic ... ok
test archive::rust_189_comprehensive::enhanced_const_generics::tests::test_ring_buffer ... ok
test archive::rust_190_features::tests::test_boxed_pipeline ... ok
test archive::rust_189_gat_hrtbs::gat_demo::tests::test_gat_slice_provider ... ok
test archive::rust_189_comprehensive::trait_upcasting::tests::test_shape_processor ... ok
test archive::rust_189_comprehensive::new_generic_constraint_syntax::tests::test_new_constraint_syntax ... ok
test archive::rust_189_comprehensive::trait_upcasting::tests::test_trait_upcasting ... ok
test archive::rust_190_features::tests::test_async_add_generic ... ok
test archive::rust_190_features::tests::test_data_pipeline ... ok
test archive::rust_190_real_generics::tests::test_comprehensive_demo ... ok
test archive::rust_190_real_generics::tests::test_const_generic_matrix ... ok
test archive::rust_190_real_generics::tests::test_generic_constraints ... ok
test archive::rust_190_real_generics::tests::test_improved_associated_types ... ok
test archive::rust_190_real_generics::tests::test_improved_trait_bounds ... ok
test archive::rust_190_features::tests::test_mutex_counter ... ok
test archive::rust_192_features::tests::test_generic_container ... ok
test archive::rust_192_features::tests::test_compare_generic_collections ... ok
test archive::rust_192_features::tests::test_calculate_generic_aligned_size ... ok
test archive::rust_192_features::tests::test_generic_memory_allocator ... ok
test archive::rust_192_features::tests::test_generic_lifetime_processor ... ok
test archive::rust_190_real_generics::tests::test_generic_specialization ... ok
test archive::rust_192_features::tests::test_generic_collection_validator ... ok
test associated_type::tests::test_key_value_iterator ... ok
test associated_type::tests::test_number_stream ... ok
test archive::rust_190_real_generics::tests::test_type_inference_optimized ... ok
test archive::rust_192_features::tests::test_generic_transformer ... ok
test associated_type::tests::test_vec_storage ... ok
test associated_type::tests::test_simple_graph ... ok
test associated_type::tests::test_sqlite_database ... ok
test associated_type::tests::test_counter ... ok
test basic_syntax::advanced_patterns::tests::test_integer_builder ... ok
test associated_type::tests::test_vec_storage_empty ... ok
test basic_syntax::advanced_patterns::tests::test_state_machine ... ok
test basic_syntax::basic_generic_functions::tests::test_clone_value ... ok
test basic_syntax::advanced_patterns::tests::test_string_builder ... ok
test archive::rust_190_features::tests::test_rwlock_accumulate ... ok
test basic_syntax::basic_generic_functions::tests::test_identity ... ok
test basic_syntax::basic_generic_functions::tests::test_max ... ok
test basic_syntax::basic_generic_functions::tests::test_swap ... ok
test basic_syntax::generic_enums::tests::test_my_option ... ok
test basic_syntax::generic_enums::tests::test_my_result ... ok
test basic_syntax::generic_methods::tests::test_container_basic ... ok
test basic_syntax::generic_methods::tests::test_container_search_methods ... ok
test basic_syntax::generic_methods::tests::test_container_string_methods ... ok
test basic_syntax::generic_structs::tests::test_node ... ok
test basic_syntax::generic_structs::tests::test_pair ... ok
test basic_syntax::generic_structs::tests::test_wrapper ... ok
test basic_syntax::generic_trait_impls::tests::test_comparable_i32 ... ok
test basic_syntax::generic_trait_impls::tests::test_comparable_string ... ok
test basic_syntax::generic_trait_impls::tests::test_convertible ... ok
test basic_syntax::integration_tests::test_all_modules_integration ... ok
test basic_syntax::lifetime_parameters::tests::test_create_wrapper ... ok
test basic_syntax::lifetime_parameters::tests::test_longer_ref ... ok
test basic_syntax::lifetime_parameters::tests::test_ref_pair ... ok
test basic_syntax::lifetime_parameters::tests::test_ref_wrapper ... ok
test basic_syntax::rust_189_new_features::enhanced_type_inference::tests::test_complex_inference ... ok
test basic_syntax::rust_189_new_features::enhanced_type_inference::tests::test_conditional_inference ... ok
test basic_syntax::rust_189_new_features::enhanced_type_inference::tests::test_nested_inference ... ok
test basic_syntax::rust_189_new_features::enhanced_type_inference::tests::test_smart_inference ... ok
test basic_syntax::rust_189_new_features::explicit_const_generic_inference::tests::test_array_product_inference ... ok
test basic_syntax::rust_189_new_features::explicit_const_generic_inference::tests::test_array_sum_inference ... ok
test basic_syntax::rust_189_new_features::explicit_const_generic_inference::tests::test_fixed_vector_inference ... ok
test basic_syntax::rust_189_new_features::explicit_const_generic_inference::tests::test_matrix_transpose_inference ... ok
test basic_syntax::rust_189_new_features::improved_lifetime_syntax::tests::test_complex_lifetime ... ok
test basic_syntax::rust_189_new_features::improved_lifetime_syntax::tests::test_elided_lifetime ... ok
test basic_syntax::rust_189_new_features::improved_lifetime_syntax::tests::test_explicit_lifetime ... ok
test basic_syntax::rust_189_new_features::improved_lifetime_syntax::tests::test_mixed_lifetime ... ok
test ecosystem_examples::tests::test_serde_roundtrip ... ok
test ecosystem_examples::tests::test_anyhow_thiserror ... ok
test ecosystem_examples::tests::test_sum_of_pairs ... ok
test error::tests::test_error_conversion ... ok
test error::tests::test_error_creation ... ok
test miri_tests::test_associated_type ... ok
test miri_tests::test_closure_trait_bound ... ok
test miri_tests::test_const_generic ... ok
test miri_tests::test_default_type_params ... ok
test miri_tests::test_const_generic_expr ... ok
test miri_tests::test_generic_ptr_ops ... ok
test ecosystem_examples::tests::test_parallel_square_sum ... ok
test miri_tests::test_generic_transmute ... ok
test miri_tests::test_generic_array_init ... ok
test miri_tests::test_generic_drop ... ok
test miri_tests::test_complex_lifetimes ... ok
test miri_tests::test_generic_replace ... ok
test natural_transformation::tests::test_conditional_transformation ... ok
test natural_transformation::tests::test_error_handling_transformation ... ok
test miri_tests::test_phantomdata_lifetime ... ok
test miri_tests::test_phantomdata_send_sync ... ok
test miri_tests::test_type_erasure ... ok
test miri_tests::test_unsized_bound ... ok
test polymorphism::generic_trait::tests::test_factories ... ok
test polymorphism::generic_trait::tests::test_filtering_algorithm ... ok
test natural_transformation::tests::test_vec_to_linked_list ... ok
test miri_tests::test_sized_bound ... ok
test polymorphism::generic_trait::tests::test_dynamic_array ... ok
test natural_transformation::tests::test_string_transformation ... ok
test polymorphism::generic_trait::tests::test_memory_storage ... ok
test polymorphism::trait_object::tests::test_lowercase_processor ... ok
test natural_transformation::tests::test_basic_transformation ... ok
test polymorphism::trait_object::tests::test_memory_storage ... ok
test polymorphism::trait_object::tests::test_circle_draw ... ok
test polymorphism::trait_object::tests::test_plugin_manager ... ok
test polymorphism::trait_object::tests::test_reverse_processor ... ok
test polymorphism::trait_object::tests::test_square_draw ... ok
test polymorphism::trait_object::tests::test_trait_upcasting_refs_and_box ... ok
test practical_examples::algorithms::tests::test_binary_search ... ok
test polymorphism::trait_object::tests::test_uppercase_processor ... ok
test polymorphism::generic_trait::tests::test_sorting_algorithm ... ok
test practical_examples::algorithms::tests::test_fibonacci ... ok
test practical_examples::algorithms::tests::test_gcd ... ok
test practical_examples::algorithms::tests::test_lcm ... ok
test practical_examples::algorithms::tests::test_linear_search ... ok
test practical_examples::algorithms::tests::test_mergesort ... ok
test practical_examples::algorithms::tests::test_quicksort ... ok
test practical_examples::concurrency::tests::test_read_write_data ... ok
test practical_examples::concurrency::tests::test_thread_safe_counter ... ok
test practical_examples::data_structures::tests::test_lru_cache ... ok
test practical_examples::data_structures::tests::test_ring_buffer ... ok
test practical_examples::data_structures::tests::test_stack ... ok
test practical_examples::error_handling::tests::test_find_item ... ok
test practical_examples::error_handling::tests::test_process_data ... ok
test practical_examples::error_handling::tests::test_validate_input ... ok
test practical_examples::integration_tests::test_all_practical_examples ... ok
test practical_examples::performance::tests::test_batch_processor ... ok
test practical_examples::performance::tests::test_cache ... ok
test practical_examples::rust_190_improvements::tests::test_better_lifetime_inference ... ok
test practical_examples::rust_190_improvements::tests::test_enhanced_const_generics ... ok
test practical_examples::rust_190_improvements::tests::test_enhanced_error_handling ... ok
test practical_examples::rust_190_improvements::tests::test_improved_iterator_chains ... ok
test practical_examples::rust_190_improvements::tests::test_improved_type_inference ... ok
test practical_examples::rust_190_improvements::tests::test_simplified_constraint_syntax ... ok
test practical_examples::rust_190_improvements::tests::test_use_improved_aliases ... ok
test rust_194_features::tests::test_adapter_batch ... ok
test rust_194_features::tests::test_char_map ... ok
test rust_194_features::tests::test_compile_time_assert ... ok
test rust_194_features::tests::test_complex_bounds_struct ... ok
test rust_194_features::tests::test_control_flow_batch ... ok
test rust_194_features::tests::test_control_flow_matrix_search ... ok
test rust_194_features::tests::test_control_flow_validate ... ok
test rust_194_features::tests::test_demonstrate_features ... ok
test rust_194_features::tests::test_edition_2024_generic ... ok
test rust_194_features::tests::test_fibonacci_calculator ... ok
test rust_194_features::tests::test_fibonacci_precision_limit ... ok
test rust_194_features::tests::test_generic_adapter ... ok
test rust_194_features::tests::test_generic_composer ... ok
test rust_194_features::tests::test_generic_validator ... ok
test rust_194_features::tests::test_get_info ... ok
test rust_194_features::tests::test_lazy_cell_container ... ok
test rust_194_features::tests::test_lazy_cell_container_reinit ... ok
test rust_194_features::tests::test_lazy_cell_container_set ... ok
test rust_194_features::tests::test_lazy_container_cell ... ok
test rust_194_features::tests::test_lazy_container_set ... ignored, LazyContainer::Cell 不再支持手动设置值
test rust_194_features::tests::test_lazy_container_lock ... ok
test rust_194_features::tests::test_math_constants_f32 ... ok
test rust_194_features::tests::test_math_constants_f64 ... ok
test rust_194_features::tests::test_sliding_window_empty ... ok
test rust_194_features::tests::test_sliding_window_empty_extended ... ok
test rust_194_features::tests::test_sliding_window_processor_find ... ok
test rust_194_features::tests::test_sliding_window_processor_sum ... ok
test rust_194_features::tests::test_smart_container ... ok
test rust_194_features::tests::test_smart_container_with_metadata ... ok
test rust_194_features::tests::test_string_to_int_adapter ... ok
test rust_194_features::tests::test_type_level_validation ... ok
test rust_194_features::tests::test_usize_char_encoder ... ok
test rust_196_features::gen_block_tests::test_generic_fibonacci_u32 ... ok
test rust_196_features::gen_block_tests::test_generic_filter_map ... ok
test rust_196_features::gen_block_tests::test_generic_zip ... ok
test rust_196_features::gen_block_tests::test_lazy_map_gen ... ok
test rust_196_features::tests::test_dual_result ... ok
test rust_196_features::tests::test_filter_by_range ... ok
test rust_196_features::tests::test_generate_ranges ... ok
test rust_196_features::tests::test_get_rust_196_generic_info ... ok
test rust_196_features::tests::test_paginate ... ok
test rust_196_features::tests::test_parse_generic_number ... ok
test rust_196_features::tests::test_practical_generic_applications ... ok
test rust_196_features::tests::test_slice_by_range ... ok
test rust_196_features::tests::test_validate_range ... ok
test trait_bound::debug::tests::test_debug_example ... ok
test trait_bound::debug::tests::test_manual_debug ... ok
test trait_bound::default::tests::test_config_default ... ok
test trait_bound::default::tests::test_container_default ... ok
test trait_bound::default::tests::test_default_example ... ok
test trait_bound::default::tests::test_status_default ... ok
test trait_bound::display::tests::test_display_example ... ok
test trait_bound::display::tests::test_point_display ... ok
test trait_bound::display::tests::test_status_display ... ok
test trait_bound::drop::tests::test_chained_resource ... ok
test trait_bound::drop::tests::test_conditional_resource ... ok
test trait_bound::drop::tests::test_drop_example ... ok
test trait_bound::drop::tests::test_file_handle ... ok
test trait_bound::drop::tests::test_memory_pool ... ok
test trait_bound::eq::tests::test_eq_example ... ok
test trait_bound::eq::tests::test_point_eq ... ok
test trait_bound::eq::tests::test_status_eq ... ok
test trait_bound::from_into::tests::test_example_from_tuple ... ok
test trait_bound::from_into::tests::test_into_conversion ... ok
test trait_bound::from_into::tests::test_point_from_array ... ok
test trait_bound::from_into::tests::test_point_from_tuple ... ok
test trait_bound::from_into::tests::test_point_from_value ... ok
test trait_bound::from_into::tests::test_status_from_code ... ok
test trait_bound::from_into::tests::test_status_from_string ... ok
test trait_bound::hash::tests::test_hash_consistency ... ok
test trait_bound::hash::tests::test_hash_example ... ok
test trait_bound::hash::tests::test_point_hash ... ok
test trait_bound::hash::tests::test_status_hash ... ok
test trait_bound::order::tests::test_find_min_max ... ok
test trait_bound::order::tests::test_ord_example ... ok
test trait_bound::order::tests::test_point_ord ... ok
test trait_bound::order::tests::test_sorting ... ok
test trait_bound::order::tests::test_status_ord ... ok
test trait_bound::partial_eq::tests::test_find_item ... ok
test trait_bound::partial_eq::tests::test_nan_equality ... ok
test trait_bound::partial_eq::tests::test_partial_eq_example ... ok
test trait_bound::partial_eq::tests::test_point_partial_eq ... ok
test trait_bound::partial_eq::tests::test_status_partial_eq ... ok
test trait_bound::partial_order::tests::test_find_min_partial ... ok
test trait_bound::partial_order::tests::test_nan_comparison ... ok
test trait_bound::partial_order::tests::test_partial_ord_example ... ok
test trait_bound::partial_order::tests::test_point_partial_ord ... ok
test trait_bound::partial_order::tests::test_status_partial_ord ... ok
test trait_bound::send::tests::test_custom_send_type ... ok
test trait_bound::send::tests::test_send_container ... ok
test trait_bound::sync::tests::test_sync_container ... ok
test trait_bound::sync::tests::test_sync_example ... ok
test type_constructor::tests::test_calculate ... ok
test trait_bound::send::tests::test_send_example ... ok
test trait_bound::send::tests::test_thread_safe_data ... ok
test type_constructor::tests::test_container ... ok
test type_constructor::tests::test_find_max ... ok
test type_constructor::tests::test_filter_items ... ok
test type_constructor::tests::test_number_iterator ... ok
test type_constructor::tests::test_numeric_i32 ... ok
test trait_bound::sync::tests::test_custom_sync_type ... ok
test trait_bound::sync::tests::test_thread_safe_data ... ok
test type_constructor::tests::test_pair ... ok
test type_constructor::tests::test_queue ... ok
test type_constructor::tests::test_reference_container ... ok
test type_constructor::tests::test_sort_items ... ok
test type_constructor::tests::test_stack ... ok
test type_inference::tests::test_add_inference ... ok
test type_inference::tests::test_container_inference ... ok
test type_inference::tests::test_find_max ... ok
test type_inference::tests::test_multiply_inference ... ok
test type_inference::tests::test_number_iterator ... ok
test type_inference::tests::test_sort_items ... ok
test practical_examples::performance::tests::test_performance_timer ... ok

test result: ok. 266 passed; 0 failed; 1 ignored; 0 measured; 0 filtered out; finished in 0.02s

     Running unittests src\bin\main.rs (target\debug\deps\c04_generic-8dc612d79100fbf5.exe)

running 0 tests

test result: ok. 0 passed; 0 failed; 0 ignored; 0 measured; 0 filtered out; finished in 0.00s

     Running unittests src\bin\generic_define.rs (target\debug\deps\generic_define-5c1633d04f31748f.exe)

running 0 tests

test result: ok. 0 passed; 0 failed; 0 ignored; 0 measured; 0 filtered out; finished in 0.00s

     Running tests\concurrent_safety_tests.rs (target\debug\deps\concurrent_safety_tests-525fc7e9373597cd.exe)

running 5 tests
test test_synchronization_primitives ... ok
test test_atomic_operations ... ok
test test_race_conditions ... ok
test test_shared_state_safety ... ok
test test_memory_safety ... ok

test result: ok. 5 passed; 0 failed; 0 ignored; 0 measured; 0 filtered out; finished in 0.03s

     Running tests\edge_cases_tests.rs (target\debug\deps\edge_cases_tests-0c7037ddbc3a0997.exe)

running 7 tests
test test_boundary_value_combinations ... ok
test test_generic_parameter_boundaries ... ok
test test_error_paths ... ok
test test_trait_boundaries ... ok
test test_type_inference_boundaries ... ok
test test_complex_generic_scenarios ... ok
test test_resource_exhaustion ... ok

test result: ok. 7 passed; 0 failed; 0 ignored; 0 measured; 0 filtered out; finished in 0.00s

     Running tests\error_paths_tests.rs (target\debug\deps\error_paths_tests-1e89ffb1169cb2fa.exe)

running 7 tests
test test_exception_cases ... ok
test test_error_states ... ok
test test_error_inputs ... ok
test test_generic_constraint_errors ... ok
test test_resource_exhaustion ... ok
test test_type_inference_errors ... ok
test test_concurrent_safety ... ok

test result: ok. 7 passed; 0 failed; 0 ignored; 0 measured; 0 filtered out; finished in 0.00s

     Running tests\generic_tests.rs (target\debug\deps\generic_tests-6b55df0924825c0b.exe)

running 9 tests
test test_associated_type ... ok
test test_const_generics ... ok
test test_generic_enum ... ok
test test_generic_function ... ok
test test_type_parameter ... ok
test test_generic_stack ... ok
test test_generic_struct ... ok
test test_trait_bound ... ok
test test_generic_queue ... ok

test result: ok. 9 passed; 0 failed; 0 ignored; 0 measured; 0 filtered out; finished in 0.00s

     Running tests\integration_tests.rs (target\debug\deps\integration_tests-c62b43bc1caed347.exe)

running 6 tests
test test_associated_type_integration ... ok
test test_generic_method_integration ... ok
test test_generic_function_integration ... ok
test test_generic_enum_integration ... ok
test test_generic_struct_integration ... ok
test test_trait_bound_integration ... ok

test result: ok. 6 passed; 0 failed; 0 ignored; 0 measured; 0 filtered out; finished in 0.00s

     Running unittests src\lib.rs (target\debug\deps\c05_threads-9bb5c3806a1c1ef9.exe)

running 224 tests
test advanced_concurrency::tests::test_lock_free_ring_buffer ... ok
test advanced_concurrency::tests::test_lock_free_stack ... ok
test archive::rust_190_features::advanced_tests::test_high_performance_counter ... ok
test archive::rust_190_features::tests::test_performance_optimizations ... ok
test archive::rust_192_features::tests::test_thread_pool_size ... ok
test archive::rust_190_features::advanced_tests::test_lockfree_ring_buffer ... ok
test archive::rust_190_features::advanced_tests::test_memory_prefetch_optimizer ... ok
test concurrency::async_concurrency::tests::test_async_channel ... ok
test archive::rust_190_features::tests::test_improved_trait ... ok
test archive::rust_190_features::tests::test_never_type ... ok
test archive::rust_192_features::tests::test_thread_pool_queue_rotate ... ok
test archive::rust_192_features::tests::test_thread_scheduling_config ... ok
test concurrency::actor_model::tests::test_actor_ref ... ok
test concurrency::actor_model::tests::test_counter_actor ... ok
test concurrency::actor_model::tests::test_mailbox_send_recv ... ok
test concurrency::async_concurrency::tests::test_async_barrier ... ok
test archive::rust_190_features::tests::test_generic_array ... ok
test concurrency::async_concurrency::tests::test_async_task_manager ... ok
test advanced_concurrency::tests::test_parallel_map ... ok
test advanced_concurrency::tests::test_high_performance_thread_pool ... ok
test archive::rust_192_features::tests::test_thread_safe_uninit_buffer ... ok
test concurrency::cache_optimization::tests::test_cache_aligned_counter ... ok
test advanced_concurrency::tests::test_parallel_reduce ... ok
test archive::rust_192_features::tests::test_thread_resource_allocator ... ok
test archive::rust_190_features::tests::test_advanced_concurrency ... ok
test concurrency::async_concurrency::tests::test_async_semaphore ... ok
test archive::rust_190_features::tests::test_standard_library_features ... ok
test concurrency::cache_optimization::tests::test_cache_friendly_array ... ok
test concurrency::async_concurrency::tests::test_async_timeout ... ok
test concurrency::cache_optimization::tests::test_cache_line_size ... ok
test concurrency::cache_optimization::tests::test_cache_optimized_accumulator ... ok
test concurrency::concurrency_patterns::tests::test_divide_and_conquer ... ok
test concurrency::concurrency_patterns::tests::test_pipeline ... ok
test concurrency::cache_optimization::tests::test_false_sharing_detector ... ok
test concurrency::concurrency_patterns::tests::test_reader_writer ... ok
test concurrency::concurrency_patterns::tests::test_fan_out_fan_in ... ok
test concurrency::memory_ordering::tests::test_conceptual_queue ... ok
test concurrency::parallel_iterators::tests::test_parallel_filter ... ok
test concurrency::parallel_iterators::tests::test_parallel_iterator_adapter ... ok
test concurrency::parallel_iterators::tests::test_parallel_map ... ok
test concurrency::parallel_iterators::tests::test_parallel_reduce ... ok
test concurrency::work_stealing::tests::test_adaptive_work_stealing ... ok
test concurrency::parallel_iterators::tests::test_parallel_find ... ok
test error::tests::test_error_creation ... ok
test error::tests::test_error_conversion ... ok
test concurrency::memory_ordering::tests::test_atomic_ptr_concept ... ok
test concurrency::scoped_threads::tests::test_error_handling ... ok
test concurrency::work_stealing::tests::test_basic_work_stealing ... ok
test concurrency::work_stealing::tests::test_numa_aware_work_stealing ... ok
test concurrency::work_stealing::tests::test_priority_work_stealing ... ok
test concurrency::scoped_threads::tests::test_basic_scoped_threads ... ok
test concurrency::memory_ordering::tests::test_acqrel_flag ... ok
test concurrency::memory_ordering::tests::test_seqcst_global_ordering ... ok
test concurrency::memory_ordering::tests::test_arch_info ... ok
test demo_simple::tests::test_message_passing ... ok
test concurrency::memory_ordering::tests::test_spinlock ... ok
test concurrency::memory_ordering::tests::test_relaxed_counter ... ok
test lockfree::lockfree_bplus_tree::tests::test_bplus_tree_insert_and_get ... ignored
test error::tests::test_retryable_error ... ok
test lockfree::lockfree_bplus_tree::tests::test_bplus_tree_range_query ... ignored
test demo_simple::tests::test_basic_sync ... ok
test lockfree::lockfree_bplus_tree::tests::test_bplus_tree_remove ... ignored
test lockfree::lockfree_hashmap::tests::test_dashmap_wrapper ... ok
test lockfree::lockfree_hashmap::tests::test_lockfree_hashmap ... ok
test lockfree::lockfree_hashmap::tests::test_segmented_hashmap ... ok
test lockfree::lockfree_ring_buffer::tests::test_crossbeam_ring_buffer_only ... ok
test lockfree::lockfree_skip_list::tests::test_lockfree_skip_list_create ... ok
test lockfree::lockfree_skip_list::tests::test_skip_list_map_basic ... ok
test lockfree::lockfree_skip_list::tests::test_skip_list_map_empty ... ok
test message_passing::backpressure_handling::tests::test_adaptive_backpressure ... ok
test message_passing::backpressure_handling::tests::test_blocking_backpressure ... ok
test message_passing::backpressure_handling::tests::test_dropping_backpressure ... ok
test message_passing::priority_channels::tests::test_dynamic_priority_channel ... ok
test message_passing::priority_channels::tests::test_fair_scheduling_priority_channel ... ok
test message_passing::priority_channels::tests::test_multi_level_priority_channel ... ok
test message_passing::priority_channels::tests::test_priority_channel ... ok
test message_passing::priority_channels_simple::tests::test_len_and_is_empty ... ok
test message_passing::backpressure_handling::tests::test_flow_control_backpressure ... ok
test message_passing::priority_channels_simple::tests::test_try_recv ... ok
test message_passing::priority_channels_simple::tests::test_simple_priority_channel ... ok
test concurrency::concurrency_patterns::tests::test_producer_consumer ... ok
test miri_tests::test_arc_shared ... ok
test miri_tests::test_atomic_basic ... ok
test miri_tests::test_data_race ... ignored, This test should fail with data race
test miri_tests::test_atomic_swap_cas ... ok
test miri_tests::test_arc_mutex_threaded ... ok
test miri_tests::test_rwlock ... ok
test miri_tests::test_release_acquire ... ok
test miri_tests::test_condvar ... ok
test miri_tests::test_thread_local ... ok
test miri_tests::test_send_trait ... ok
test miri_tests::test_seqcst ... ok
test paralelism::advanced_parallel_algorithms::tests::test_parallel_dot_product ... ok
test paralelism::advanced_parallel_algorithms::tests::test_parallel_merge_sort ... ok
test miri_tests::test_unsafe_cell ... ok
test miri_tests::test_barrier ... ok
test miri_tests::test_spinlock ... ok
test paralelism::advanced_parallel_algorithms::tests::test_parallel_quick_sort ... ok
test paralelism::numa_aware::tests::test_numa_aware_data_layout ... ok
test miri_tests::test_unsafe_cell_with_mutex ... ok
test paralelism::advanced_parallel_algorithms::tests::test_parallel_radix_sort ... ok
test miri_tests::test_sync_trait ... ok
test paralelism::advanced_parallel_algorithms::tests::test_parallel_matrix_multiply ... ok
test paralelism::numa_aware::tests::test_numa_aware_memory_allocator ... ok
test paralelism::numa_aware::tests::test_numa_aware_task_allocator ... ok
test paralelism::numa_aware::tests::test_numa_topology ... ok
test paralelism::simd_operations::tests::test_auto_vectorization ... ok
test paralelism::simd_operations::tests::test_simd_math ... ok
test paralelism::simd_operations::tests::test_simd_vector ... ok
test paralelism::simd_operations::tests::test_simd_parallel_processing ... ok
test paralelism::numa_aware::tests::test_numa_aware_parallel_compute ... ok
test performance_benchmarks::tests::test_benchmark_config ... ok
test performance_benchmarks::tests::test_benchmark_result ... ok
test performance_benchmarks::tests::test_generate_performance_report ... ok
test rust_194_features::tests::test_analyze_unicode_ranges ... ok
test rust_194_features::tests::test_async_db_pool_exhaustion ... ok
test rust_194_features::tests::test_compute_differences ... ok
test rust_194_features::tests::test_control_flow_batch ... ok
test rust_194_features::tests::test_control_flow_matrix_search ... ok
test rust_194_features::tests::test_control_flow_validate ... ok
test rust_194_features::tests::test_demonstrate_features ... ok
test rust_194_features::tests::test_detect_outliers ... ok
test rust_194_features::tests::test_euler_gamma_approximation ... ok
test rust_194_features::tests::test_get_info ... ok
test rust_194_features::tests::test_golden_ratio_calculation ... ok
test rust_194_features::tests::test_lazylock_deref_int ... ok
test rust_194_features::tests::test_lazylock_deref_string ... ok
test rust_194_features::tests::test_peekable_next_if ... ok
test rust_194_features::tests::test_simple_parser ... ok
test rust_194_features::tests::test_single_thread_cache ... ok
test rust_194_features::tests::test_single_thread_cache_concurrent ... ok
test rust_194_features::tests::test_string_to_usize_array ... ok
test rust_194_features::tests::test_thread_safe_resource_manager ... ok
test rust_196_features::tests::test_assign_thread_priority ... ok
test rust_196_features::tests::test_concurrent_stats ... ok
test rust_196_features::tests::test_distribute_tasks ... ok
test rust_196_features::tests::test_get_rust_196_thread_info ... ok
test rust_196_features::tests::test_is_load_healthy ... ok
test concurrency::scoped_threads::tests::test_work_stealing ... ok
test synchronization::condition_variable::tests::test_bounded_queue_demo ... ignored
test rust_196_features::tests::test_check_pool_config ... ok
test rust_196_features::tests::test_parse_thread_priority ... ok
test synchronization::condition_variable::tests::test_wait_with_timeout_demo ... ignored
test rust_196_features::tests::test_safe_lock_usage ... ok
test rust_196_features::tests::test_thread_pool_range_manager ... ok
test synchronization::adaptive_locks::tests::test_adaptive_mutex ... ok
test synchronization::adaptive_locks::tests::test_adaptive_rwlock ... ok
test synchronization::adaptive_locks::tests::test_adaptive_spinlock ... ok
test synchronization::adaptive_locks::tests::test_hybrid_lock ... ok
test synchronization::arc::tests::test_break_cycle_demo ... ok
test synchronization::arc::tests::test_strong_weak_demo ... ok
test synchronization::atomic::tests::test_atomic_basics_demo ... ok
test synchronization::atomic::tests::test_compare_exchange_demo ... ok
test synchronization::lockfree_barrier::tests::test_hierarchical_barrier ... ok
test synchronization::os_specific::tests::test_performance_monitor ... ok
test synchronization::performance_monitoring::tests::test_monitored_rwlock ... ignored
test synchronization::os_specific::tests::test_cross_platform_sync ... ok
test synchronization::arc::tests::test_mutex_vs_rwlock ... ok
test synchronization::os_specific::tests::test_windows_sync ... ok
test synchronization::performance_monitoring::tests::test_monitored_mutex ... ok
test synchronization::lockfree_barrier::tests::test_lockfree_barrier ... ok
test synchronization::mutex::tests::test_custom_mutex_wrapper ... ok
test synchronization::lockfree_barrier::tests::test_reusable_barrier ... ok
test synchronization::barrier::tests::test_basic_barrier ... ok
test synchronization::barrier::tests::test_multi_phase_barrier ... ok
test synchronization::atomic::tests::test_visibility_demo ... ok
test synchronization::performance_monitoring::tests::test_performance_monitor ... ignored
test synchronization::performance_monitoring::tests::test_performance_metrics ... ok
test synchronization::mutex::tests::test_basic_mutex_usage ... ok
test synchronization::barrier::tests::test_batched_parallel_sum ... ok
test synchronization::priority_inheritance::tests::test_priority_inheritance_rwlock ... ok
test synchronization::priority_inheritance::tests::test_priority_inheritance_mutex ... ok
test synchronization::mutex::tests::test_shared_complex_data ... ok
test synchronization::priority_inheritance::tests::test_priority_inheritance_semaphore ... ok
test synchronization::lockfree_barrier::tests::test_adaptive_barrier ... ok
test synchronization::rw_lock::tests::test_emulate_upgrade_downgrade ... ok
test tests::smoke_memory_ordering_increments ... ok
test synchronization::atomic::tests::test_spin_increment ... ok
test threads::os_thread_features::tests::test_cross_platform_thread_features ... ok
test threads::creation::tests::test_thread_error_handling_example ... ok
test threads::creation::tests::test_thread_with_parameters ... ok
test synchronization::shared_state::tests::test_shared_vec_sum ... ok
test threads::priority_scheduling::tests::test_real_time_scheduler ... ok
test synchronization::rw_lock::tests::test_read_heavy_demo ... ok
test synchronization::spinlock::tests::test_spinlock_demo ... ok
test threads::os_thread_features::tests::test_windows_thread_pool ... ok
test threads::priority_scheduling::tests::test_priority_boost ... ok
test threads::joining::tests::test_join_multiple_and_collect ... ok
test threads::priority_scheduling::tests::test_thread_priority_conversion ... ok
test threads::creation::tests::test_thread_best_practices ... ok
test threads::priority_scheduling::tests::test_thread_priority_scheduler ... ok
test synchronization::semaphore::tests::test_semaphore_throttle_concurrency ... ok
test threads::resource_monitoring::tests::test_system_resource_monitor ... ok
test threads::resource_monitoring::tests::test_performance_profiler ... ok
test threads::resource_monitoring::tests::test_thread_resource_stats ... ok
test message_passing::priority_channels_simple::tests::test_multiple_threads ... ok
test threads::thread_affinity::tests::test_performance_stats ... ok
test threads::thread_affinity::tests::test_thread_affinity_manager ... ok
test threads::thread_affinity::tests::test_workload_affinity ... ok
test threads::thread_management::tests::test_thread_communication ... ok
test threads::thread_management::tests::test_thread_manager ... ok
test threads::thread_local::tests::test_tls_in_threads ... ok
test threads::thread_pool::tests::test_configurable_thread_pool ... ok
test threads::thread_local::tests::test_tls_increment_is_thread_local ... ok
test threads::thread_pool::tests::test_simple_pool_execute_with_result ... ok
test threads::thread_pool::tests::test_configurable_pool_execute_with_result ... ok
test threads::thread_pool::tests::test_configurable_try_execute_and_shutdown ... ok
test threads::thread_pool::tests::test_simple_thread_pool ... ok
test synchronization::shared_state::tests::test_cooperative_cancellation ... ok
test rust_194_features::tests::test_thread_safe_cache_poison ... ok
test threads::joining::tests::test_join_with_panic_handling ... ok
test synchronization::mutex::tests::test_deadlock_prevention ... ok
test threads::thread_pool::tests::test_thread_pool_benchmark ... ok
test threads::joining::tests::test_basic_join ... ok
test threads::thread_management::tests::test_advanced_thread_pool ... ok
test archive::rust_190_features::advanced_tests::test_advanced_thread_pool ... ok
test synchronization::mutex::tests::test_try_lock_example ... ok
test threads::creation::tests::test_custom_stack_size_thread ... ok
test threads::creation::tests::test_named_threads ... ok
test threads::joining::tests::test_join_with_timeout_simulated ... ok
test synchronization::mutex::tests::test_mutex_with_condition ... ok
test threads::creation::tests::test_basic_thread_creation ... ok
test threads::creation::tests::test_parallel_execution ... ok
test synchronization::mutex::tests::test_lock_optimization ... ok

test result: ok. 216 passed; 0 failed; 8 ignored; 0 measured; 0 filtered out; finished in 0.53s

     Running unittests src\bin\arc_exp01.rs (target\debug\deps\arc_exp01-f025c0b19dffe9bf.exe)

running 0 tests

test result: ok. 0 passed; 0 failed; 0 ignored; 0 measured; 0 filtered out; finished in 0.00s

     Running unittests src\bin\basic_threads_demo.rs (target\debug\deps\basic_threads_demo-28c393bdd0a937ca.exe)

running 0 tests

test result: ok. 0 passed; 0 failed; 0 ignored; 0 measured; 0 filtered out; finished in 0.00s

     Running unittests src\bin\main.rs (target\debug\deps\c05_threads-9e24c2d14a3ae419.exe)

running 0 tests

test result: ok. 0 passed; 0 failed; 0 ignored; 0 measured; 0 filtered out; finished in 0.00s

     Running unittests src\bin\lockfree_crossbeam_exp01.rs (target\debug\deps\lockfree_crossbeam_exp01-4128ee63d5018f84
.exe)

running 0 tests

test result: ok. 0 passed; 0 failed; 0 ignored; 0 measured; 0 filtered out; finished in 0.00s

     Running unittests src\bin\performance_main.rs (target\debug\deps\performance_main-08db0b682f275cd2.exe)

running 0 tests

test result: ok. 0 passed; 0 failed; 0 ignored; 0 measured; 0 filtered out; finished in 0.00s

     Running unittests src\bin\synchronization_demo.rs (target\debug\deps\synchronization_demo-a851363c0a8e5c04.exe)

running 0 tests

test result: ok. 0 passed; 0 failed; 0 ignored; 0 measured; 0 filtered out; finished in 0.00s

     Running tests\concurrent_safety_tests.rs (target\debug\deps\concurrent_safety_tests-875659a0454f0469.exe)

running 6 tests
test test_thread_pool_safety ... ok
test test_synchronization_primitives ... ok
test test_atomic_operations ... ok
test test_shared_state_safety ... ok
test test_race_conditions ... ok
test test_memory_safety ... ok

test result: ok. 6 passed; 0 failed; 0 ignored; 0 measured; 0 filtered out; finished in 0.04s

     Running tests\edge_cases_tests.rs (target\debug\deps\edge_cases_tests-4fe9bc71afd32c2d.exe)

running 7 tests
test test_boundary_value_combinations ... ok
test test_concurrency_boundaries ... ok
test test_resource_limit_boundaries ... ok
test test_error_paths ... ok
test test_concurrent_safety ... ok
test test_thread_count_boundaries ... ok
test test_resource_exhaustion ... ok

test result: ok. 7 passed; 0 failed; 0 ignored; 0 measured; 0 filtered out; finished in 0.00s

     Running tests\error_paths_tests.rs (target\debug\deps\error_paths_tests-d73a2c46ce9d95b8.exe)

running 7 tests
test test_error_states ... ok
test test_error_inputs ... ok
test test_exception_cases ... ok
test test_thread_creation_failure ... ok
test test_concurrent_safety ... ok
test test_resource_exhaustion ... ok
test test_thread_panic_handling ... ok

test result: ok. 7 passed; 0 failed; 0 ignored; 0 measured; 0 filtered out; finished in 0.01s

     Running tests\integration_tests.rs (target\debug\deps\integration_tests-4db07f0005efc846.exe)

running 6 tests
test test_thread_local_storage_integration ... ok
test test_thread_communication_integration ... ok
test test_multithreaded_cooperation_integration ... ok
test test_atomic_operations_integration ... ok
test test_thread_creation_integration ... ok
test test_thread_synchronization_integration ... ok

test result: ok. 6 passed; 0 failed; 0 ignored; 0 measured; 0 filtered out; finished in 0.00s

     Running tests\loom_comprehensive.rs (target\debug\deps\loom_comprehensive-11185e41bd5319ec.exe)

running 14 tests
test test_atomic_boolean ... ignored, loom stack overflow on Windows
test test_atomic_operations ... ignored, loom stack overflow on Windows
test test_barrier ... ignored, loom Barrier causes stack overflow on Windows
test test_bounded_channel ... ignored, loom stack overflow on Windows
test test_cancellation ... ignored, loom stack overflow on Windows
test test_complex_concurrency ... ignored, loom stack overflow on Windows
test test_condition_variable ... ignored, loom stack overflow on Windows
test test_deadlock_prevention ... ignored, loom stack overflow on Windows
test test_memory_ordering ... ignored, loom stack overflow on Windows
test test_mutex ... ignored, loom stack overflow on Windows
test test_producer_consumer ... ignored, loom stack overflow on Windows
test test_rwlock ... ignored, loom stack overflow on Windows
test test_semaphore ... ignored, loom stack overflow on Windows
test test_timeout ... ignored, loom stack overflow on Windows

test result: ok. 0 passed; 0 failed; 14 ignored; 0 measured; 0 filtered out; finished in 0.00s

     Running tests\loom_minimal.rs (target\debug\deps\loom_minimal-b0d9e447b58ec853.exe)

running 1 test
test tests::loom_counter_increments ... ok

test result: ok. 1 passed; 0 failed; 0 ignored; 0 measured; 0 filtered out; finished in 0.00s

     Running tests\message_passing_tests.rs (target\debug\deps\message_passing_tests-bc9b7542475b8481.exe)

running 16 tests
test test_channel_helpers_send_all_and_drain ... ok
test test_mpsc_helpers_send_all_and_try_recv_timeout ... ok
test test_watch_borrow_and_update_and_has_changed_and_drop_close ... ok
test test_receiver_stream_try_next ... ok
test test_sync_channel_helpers ... ok
test test_sync_channel_capacity ... ok
test test_bridge_to_mpsc_max_forward_and_stop ... ok
test test_crossbeam_unbounded_basic ... ok
test test_receiver_stream_iterates ... ok
test test_watch_try_changed ... ok
test test_std_channel_basic ... ok
test test_bridge_to_mpsc_rate_limited ... ok
test test_stream_rate_limit_iter_and_batch_with_max_wait ... ok
test test_watch_changed_and_borrow ... ok
test test_receiver_stream_next_batch_max_and_take_until_timeout ... ok
test test_receiver_stream_timeout_next ... ok

test result: ok. 16 passed; 0 failed; 0 ignored; 0 measured; 0 filtered out; finished in 0.02s

     Running unittests src\lib.rs (target\debug\deps\c06_async-21486e28d3eda163.exe)

running 109 tests
test advanced_tools::batch_processor::tests::test_batch_processing ... ignored
test advanced_tools::batch_processor::tests::test_hybrid_batch_strategy ... ignored
test advanced_tools::retry_engine::tests::test_exponential_backoff ... ignored
test advanced_tools::retry_engine::tests::test_retry_condition ... ignored
test async_debugging_advanced::tests::test_execution_flow_manager ... ok
test async_ecosystem_integration::tests::test_async_sync_converter ... ignored
test async_ecosystem_integration::tests::test_runtime_manager ... ignored
test archive::rust_190_features::tests::test_borrow_checker_demo ... ok
test archive::rust_190_features::tests::test_trait_solver_demo ... ok
test archive::rust_192_features::tests::test_async_resource_allocator ... ok
test archive::rust_192_features::tests::test_compare_async_task_lists ... ok
test archive::rust_192_features::tests::test_async_task_queue_rotate ... ok
test async_debugging_advanced::tests::test_debug_decorator ... ok
test async_ecosystem_comprehensive::tests::test_async_runtime_analyzer ... ok
test archive::rust_192_features::tests::test_async_pool_size ... ok
test async_ecosystem_comprehensive::tests::test_runtime_comparison ... ok
test async_integration_framework::tests::test_aggregation_composition ... ok
test async_ecosystem_integration::tests::test_task_wrapper ... ok
test async_integration_framework::tests::test_async_commonality_analyzer ... ok
test async_logging_debugging::tests::test_async_task_tracker ... ok
test async_logging_debugging::tests::test_local_debugger ... ok
test async_logging_debugging::tests::test_performance_monitor ... ok
test async_recursion_analysis::tests::test_mutual_recursion ... ok
test async_recursion_analysis::tests::test_deep_recursion ... ok
test async_runtime_integration_framework_simple::tests::test_aggregation_composition ... ok
test async_integration_framework::tests::test_data_processing_component ... ok
test async_semantics_theory::tests::test_cps ... ok
test archive::rust_190_features::tests::test_async_resource ... ok
test async_runtime_integration_framework_simple::tests::test_simple_framework ... ok
test async_integration_framework::tests::test_async_sync_conversion ... ok
test async_semantics_theory::tests::test_monad_laws ... ok
test async_semantics_theory::tests::test_state_machine ... ok
test csp_model_comparison::tests::test_pipeline ... ok
test async_ecosystem_comprehensive::tests::test_async_sync_conversion ... ok
test error::tests::test_error_conversion ... ok
test error::tests::test_error_creation ... ok
test error::tests::test_retryable_error ... ok
test async_runtime_integration_framework_simple::tests::test_async_sync_conversion ... ok
test formal_verification::tests::test_invariant ... ok
test async_semantics_theory::tests::test_control_flow ... ok
test archive::rust_190_features::tests::test_async_generator ... ok
test miri_tests::test_async_block_capture ... ok
test async_ecosystem_comprehensive::tests::test_aggregation_composition ... ok
test miri_tests::test_async_block_ref_capture ... ok
test miri_tests::test_async_mutex ... ok
test miri_tests::test_future_combinator ... ok
test miri_tests::test_pin_box_heap ... ok
test miri_tests::test_pin_heap_semantics ... ok
test miri_tests::test_pin_new_unchecked_ub ... ignored, This test should fail with UB
test miri_tests::test_pin_self_referential ... ok
test miri_tests::test_pinned_projection ... ok
test miri_tests::test_simple_future ... ok
test miri_tests::test_state_machine_future ... ok
test miri_tests::test_stream_poll ... ok
test miri_tests::test_unpin_boundaries ... ok
test miri_tests::test_unsafe_pin_projection ... ignored, This test demonstrates unsafe Pin usage
test rust_194_features::tests::test_async_detect_trend_changes ... ok
test rust_194_features::tests::test_async_lazy_value ... ok
test rust_194_features::tests::test_async_lazy_value_concurrent ... ok
test archive::rust_190_features::tests::test_parallel_frontend_demo ... ok
test rust_194_features::tests::test_async_config_manager ... ok
test async_runtime_examples::tests::test_smol_examples ... ok
test rust_194_features::tests::test_async_numerical_integration ... ok
test rust_194_features::tests::test_async_sliding_window ... ok
test rust_194_features::tests::test_async_token_stream ... ok
test rust_194_features::tests::test_async_unicode_parser ... ok
test rust_194_features::tests::test_async_validate_encoding ... ok
test rust_194_features::tests::test_control_flow_batch ... ok
test rust_194_features::tests::test_control_flow_matrix_search ... ok
test rust_194_features::tests::test_control_flow_validate ... ok
test rust_194_features::tests::test_get_info ... ok
test rust_196_features::async_closure_tests::test_basic_async_closure ... ok
test rust_194_features::tests::test_unicode_analyzer_empty ... ok
test rust_196_features::async_closure_tests::test_cancellation_safe_async_closure ... ok
test rust_196_features::async_closure_tests::test_compare_capture_behavior ... ok
test rust_196_features::async_closure_tests::test_get_async_closures_info ... ok
test rust_196_features::async_closure_tests::test_process_stream_with_async_closure ... ok
test rust_196_features::async_closure_tests::test_run_async_closures_concurrently ... ok
test rust_196_features::tests::test_async_stats ... ok
test rust_196_features::tests::test_async_task_scheduler ... ok
test rust_196_features::tests::test_batch_async_tasks ... ok
test rust_196_features::tests::test_evaluate_task_result ... ok
test rust_196_features::tests::test_get_rust_196_async_info ... ok
test rust_196_features::tests::test_is_back_pressure_needed ... ok
test rust_196_features::tests::test_optimal_concurrency_range ... ok
test rust_196_features::tests::test_parse_timeout_ms ... ok
test rust_196_features::tests::test_timeout_category ... ok
test actor_reactor_patterns::tests::test_reactor ... ok
test async_runtime_examples::tests::test_runtime_composition ... ok
test async_ecosystem_comprehensive::tests::test_integration_patterns ... ok
test csp_model_comparison::tests::test_select ... ok
test actor_reactor_patterns::tests::test_simple_actor ... ok
test async_debugging_advanced::tests::test_metrics_collector ... ok
test async_recursion_analysis::tests::test_tree_traversal ... ok
test advanced_tools::retry_engine::tests::test_fixed_retry_strategy ... ok
test csp_model_comparison::tests::test_fan_in_out ... ok
test async_runtime_examples::tests::test_tokio_examples ... ok
test async_runtime_examples::tests::test_async_std_examples ... ok
test actor_reactor_patterns::tests::test_tokio_event_loop ... ok
test formal_verification::tests::test_termination ... ok
test csp_model_comparison::tests::test_producer_consumer ... ok
test async_runtime_examples::tests::test_std_async_examples ... ok
test async_recursion_analysis::tests::test_basic_recursion ... ok
test rust_194_features::tests::test_async_math_calculator ... ok
test async_semantics_theory::tests::test_equivalence ... ok
test rust_194_features::tests::test_async_math_timeout ... ok
test async_recursion_analysis::tests::test_tail_recursion ... ok
test rust_194_features::tests::test_demonstrate_features ... ok
test formal_verification::tests::test_deadlock ... ok

test result: ok. 101 passed; 0 failed; 8 ignored; 0 measured; 0 filtered out; finished in 2.05s

     Running unittests src\bin\actix_exp01.rs (target\debug\deps\actix_exp01-82fe164febf766dc.exe)

running 0 tests

test result: ok. 0 passed; 0 failed; 0 ignored; 0 measured; 0 filtered out; finished in 0.00s

     Running unittests src\bin\advanced_strategy_exp01.rs (target\debug\deps\advanced_strategy_exp01-b105cb5b16bd0e09.e
xe)

running 0 tests

test result: ok. 0 passed; 0 failed; 0 ignored; 0 measured; 0 filtered out; finished in 0.00s

     Running unittests src\bin\async_await_exp01.rs (target\debug\deps\async_await_exp01-a2730db88e7828b5.exe)

running 0 tests

test result: ok. 0 passed; 0 failed; 0 ignored; 0 measured; 0 filtered out; finished in 0.00s

     Running unittests src\bin\async_await_exp02.rs (target\debug\deps\async_await_exp02-1d67fc909089429c.exe)

running 0 tests

test result: ok. 0 passed; 0 failed; 0 ignored; 0 measured; 0 filtered out; finished in 0.00s

     Running unittests src\bin\async_future_exp01.rs (target\debug\deps\async_future_exp01-151384d1043a1d9b.exe)

running 0 tests

test result: ok. 0 passed; 0 failed; 0 ignored; 0 measured; 0 filtered out; finished in 0.00s

     Running unittests src\bin\async_minimal_exp01.rs (target\debug\deps\async_minimal_exp01-c11a3364cf983844.exe)

running 0 tests

test result: ok. 0 passed; 0 failed; 0 ignored; 0 measured; 0 filtered out; finished in 0.00s

     Running unittests src\bin\main.rs (target\debug\deps\c06_async-4c9e3a40a4e54967.exe)

running 0 tests

test result: ok. 0 passed; 0 failed; 0 ignored; 0 measured; 0 filtered out; finished in 0.00s

     Running unittests src\bin\cancel_propagation_exp01.rs (target\debug\deps\cancel_propagation_exp01-39a4d7c50a50dc0d
.exe)

running 0 tests

test result: ok. 0 passed; 0 failed; 0 ignored; 0 measured; 0 filtered out; finished in 0.00s

     Running unittests src\bin\circuit_breaker_exp01.rs (target\debug\deps\circuit_breaker_exp01-d721a9e8d7578585.exe)

running 0 tests

test result: ok. 0 passed; 0 failed; 0 ignored; 0 measured; 0 filtered out; finished in 0.00s

     Running unittests src\bin\cloud_native_exp01.rs (target\debug\deps\cloud_native_exp01-f37a365bdf1b4fe1.exe)

running 0 tests

test result: ok. 0 passed; 0 failed; 0 ignored; 0 measured; 0 filtered out; finished in 0.00s

     Running unittests src\bin\concurrent_fetch_error_handling_exp01.rs (target\debug\deps\concurrent_fetch_error_handl
ing_exp01-627e858d3696f366.exe)

running 0 tests

test result: ok. 0 passed; 0 failed; 0 ignored; 0 measured; 0 filtered out; finished in 0.00s

     Running unittests src\bin\concurrent_fetch_reqwest_exp01.rs (target\debug\deps\concurrent_fetch_reqwest_exp01-b481
0ed58ed2cc80.exe)

running 0 tests

test result: ok. 0 passed; 0 failed; 0 ignored; 0 measured; 0 filtered out; finished in 0.00s

     Running unittests src\bin\distributed_consensus_exp01.rs (target\debug\deps\distributed_consensus_exp01-d9ce22fde7
e0d943.exe)

running 0 tests

test result: ok. 0 passed; 0 failed; 0 ignored; 0 measured; 0 filtered out; finished in 0.00s

     Running unittests src\bin\distributed_lock_exp01.rs (target\debug\deps\distributed_lock_exp01-35fa249d4d6ed925.exe
)

running 0 tests

test result: ok. 0 passed; 0 failed; 0 ignored; 0 measured; 0 filtered out; finished in 0.00s

     Running unittests src\bin\event_sourcing_exp01.rs (target\debug\deps\event_sourcing_exp01-217a155e9f1dd6a9.exe)

running 0 tests

test result: ok. 0 passed; 0 failed; 0 ignored; 0 measured; 0 filtered out; finished in 0.00s

     Running unittests src\bin\exec_helper_advanced_exp01.rs (target\debug\deps\exec_helper_advanced_exp01-2d2c968a1113
1944.exe)

running 0 tests

test result: ok. 0 passed; 0 failed; 0 ignored; 0 measured; 0 filtered out; finished in 0.00s

     Running unittests src\bin\graceful_shutdown_exp01.rs (target\debug\deps\graceful_shutdown_exp01-9e9a6438b414c9c8.e
xe)

running 0 tests

test result: ok. 0 passed; 0 failed; 0 ignored; 0 measured; 0 filtered out; finished in 0.00s

     Running unittests src\bin\http_ingest_pipeline_exp01.rs (target\debug\deps\http_ingest_pipeline_exp01-0c958facc929
fa65.exe)

running 0 tests

test result: ok. 0 passed; 0 failed; 0 ignored; 0 measured; 0 filtered out; finished in 0.00s

     Running unittests src\bin\joinset_cancel_on_error_exp01.rs (target\debug\deps\joinset_cancel_on_error_exp01-0a5ae6
c47fcecdc2.exe)

running 0 tests

test result: ok. 0 passed; 0 failed; 0 ignored; 0 measured; 0 filtered out; finished in 0.00s

     Running unittests src\bin\localset_nonsend_exp01.rs (target\debug\deps\localset_nonsend_exp01-0ecb2db8c8d86f92.exe
)

running 0 tests

test result: ok. 0 passed; 0 failed; 0 ignored; 0 measured; 0 filtered out; finished in 0.00s

     Running unittests src\bin\metrics_prometheus_exp01.rs (target\debug\deps\metrics_prometheus_exp01-e18acc6eaedb6985
.exe)

running 0 tests

test result: ok. 0 passed; 0 failed; 0 ignored; 0 measured; 0 filtered out; finished in 0.00s

     Running unittests src\bin\microservice_patterns_exp01.rs (target\debug\deps\microservice_patterns_exp01-c78c0c704b
f30a7b.exe)

running 0 tests

test result: ok. 0 passed; 0 failed; 0 ignored; 0 measured; 0 filtered out; finished in 0.00s

     Running unittests src\bin\mpsc_backpressure_compare_exp01.rs (target\debug\deps\mpsc_backpressure_compare_exp01-88
1169587c9d280a.exe)

running 0 tests

test result: ok. 0 passed; 0 failed; 0 ignored; 0 measured; 0 filtered out; finished in 0.00s

     Running unittests src\bin\mpsc_worker_pool_exp01.rs (target\debug\deps\mpsc_worker_pool_exp01-94692c6e21cc6721.exe
)

running 0 tests

test result: ok. 0 passed; 0 failed; 0 ignored; 0 measured; 0 filtered out; finished in 0.00s

     Running unittests src\bin\pipeline_helper_exp01.rs (target\debug\deps\pipeline_helper_exp01-48218716d96338be.exe)

running 0 tests

test result: ok. 0 passed; 0 failed; 0 ignored; 0 measured; 0 filtered out; finished in 0.00s

     Running unittests src\bin\retry_backoff_exp01.rs (target\debug\deps\retry_backoff_exp01-279b5f662eb0082e.exe)

running 0 tests

test result: ok. 0 passed; 0 failed; 0 ignored; 0 measured; 0 filtered out; finished in 0.00s

     Running unittests src\bin\select_timeout_fallback_exp01.rs (target\debug\deps\select_timeout_fallback_exp01-456946
b76a0e01ba.exe)

running 0 tests

test result: ok. 0 passed; 0 failed; 0 ignored; 0 measured; 0 filtered out; finished in 0.00s

     Running unittests src\bin\semaphore_mpsc_pipeline_exp01.rs (target\debug\deps\semaphore_mpsc_pipeline_exp01-b63d96
818655f811.exe)

running 0 tests

test result: ok. 0 passed; 0 failed; 0 ignored; 0 measured; 0 filtered out; finished in 0.00s

     Running unittests src\bin\simple_demo.rs (target\debug\deps\simple_demo-8b2fab293494f4f3.exe)

running 0 tests

test result: ok. 0 passed; 0 failed; 0 ignored; 0 measured; 0 filtered out; finished in 0.00s

     Running unittests src\bin\strategy_from_config_exp01.rs (target\debug\deps\strategy_from_config_exp01-0deffee2992a
11ed.exe)

running 0 tests

test result: ok. 0 passed; 0 failed; 0 ignored; 0 measured; 0 filtered out; finished in 0.00s

     Running unittests src\bin\stream_buffer_unordered_exp01.rs (target\debug\deps\stream_buffer_unordered_exp01-7616de
a78e38fddd.exe)

running 0 tests

test result: ok. 0 passed; 0 failed; 0 ignored; 0 measured; 0 filtered out; finished in 0.00s

     Running unittests src\bin\task_scope_structured_concurrency_exp01.rs (target\debug\deps\task_scope_structured_conc
urrency_exp01-239019413eb131d5.exe)

running 0 tests

test result: ok. 0 passed; 0 failed; 0 ignored; 0 measured; 0 filtered out; finished in 0.00s

     Running unittests src\bin\timeout_cancel_scope_exp01.rs (target\debug\deps\timeout_cancel_scope_exp01-58c2b6580e40
e0f1.exe)

running 0 tests

test result: ok. 0 passed; 0 failed; 0 ignored; 0 measured; 0 filtered out; finished in 0.00s

     Running unittests src\bin\tokio_broadcast_exp01.rs (target\debug\deps\tokio_broadcast_exp01-4e18190b2b629357.exe)

running 0 tests

test result: ok. 0 passed; 0 failed; 0 ignored; 0 measured; 0 filtered out; finished in 0.00s

     Running unittests src\bin\tokio_chan_exp01.rs (target\debug\deps\tokio_chan_exp01-d7688b6012d12ef4.exe)

running 0 tests

test result: ok. 0 passed; 0 failed; 0 ignored; 0 measured; 0 filtered out; finished in 0.00s

     Running unittests src\bin\tokio_chan_exp02.rs (target\debug\deps\tokio_chan_exp02-a83a7167de13aad7.exe)

running 0 tests

test result: ok. 0 passed; 0 failed; 0 ignored; 0 measured; 0 filtered out; finished in 0.00s

     Running unittests src\bin\tokio_chan_oneshot_exp01.rs (target\debug\deps\tokio_chan_oneshot_exp01-114d0edcc428a026
.exe)

running 0 tests

test result: ok. 0 passed; 0 failed; 0 ignored; 0 measured; 0 filtered out; finished in 0.00s

     Running unittests src\bin\tokio_exp01.rs (target\debug\deps\tokio_exp01-246dfaa0bc6453e3.exe)

running 0 tests

test result: ok. 0 passed; 0 failed; 0 ignored; 0 measured; 0 filtered out; finished in 0.00s

     Running unittests src\bin\tokio_exp02.rs (target\debug\deps\tokio_exp02-0848740c546a4e26.exe)

running 0 tests

test result: ok. 0 passed; 0 failed; 0 ignored; 0 measured; 0 filtered out; finished in 0.00s

     Running unittests src\bin\tokio_exp03.rs (target\debug\deps\tokio_exp03-62bd9c01122b531a.exe)

running 0 tests

test result: ok. 0 passed; 0 failed; 0 ignored; 0 measured; 0 filtered out; finished in 0.00s

     Running unittests src\bin\tokio_exp04.rs (target\debug\deps\tokio_exp04-2f99938fb7cb34ea.exe)

running 0 tests

test result: ok. 0 passed; 0 failed; 0 ignored; 0 measured; 0 filtered out; finished in 0.00s

     Running unittests src\bin\tokio_fs_async_io_exp01.rs (target\debug\deps\tokio_fs_async_io_exp01-9d37e3c8a22e180b.e
xe)

running 0 tests

test result: ok. 0 passed; 0 failed; 0 ignored; 0 measured; 0 filtered out; finished in 0.00s

     Running unittests src\bin\tokio_joinset_exp01.rs (target\debug\deps\tokio_joinset_exp01-5a2d480105cb62fc.exe)

running 0 tests

test result: ok. 0 passed; 0 failed; 0 ignored; 0 measured; 0 filtered out; finished in 0.00s

     Running unittests src\bin\tokio_mpsc_backpressure_exp01.rs (target\debug\deps\tokio_mpsc_backpressure_exp01-24203c
6c948c079b.exe)

running 0 tests

test result: ok. 0 passed; 0 failed; 0 ignored; 0 measured; 0 filtered out; finished in 0.00s

     Running unittests src\bin\tokio_select_exp01.rs (target\debug\deps\tokio_select_exp01-76589c282b48b670.exe)

running 0 tests

test result: ok. 0 passed; 0 failed; 0 ignored; 0 measured; 0 filtered out; finished in 0.00s

     Running unittests src\bin\tokio_select_prefs_exp01.rs (target\debug\deps\tokio_select_prefs_exp01-0c69878546e8ab08
.exe)

running 0 tests

test result: ok. 0 passed; 0 failed; 0 ignored; 0 measured; 0 filtered out; finished in 0.00s

     Running unittests src\bin\tokio_semaphore_limit_exp01.rs (target\debug\deps\tokio_semaphore_limit_exp01-ac78db3b57
6f1163.exe)

running 0 tests

test result: ok. 0 passed; 0 failed; 0 ignored; 0 measured; 0 filtered out; finished in 0.00s

     Running unittests src\bin\tokio_sync_mutex_exp01.rs (target\debug\deps\tokio_sync_mutex_exp01-455d0cbd683d3eda.exe
)

running 0 tests

test result: ok. 0 passed; 0 failed; 0 ignored; 0 measured; 0 filtered out; finished in 0.00s

     Running unittests src\bin\tokio_sync_notify_exp01.rs (target\debug\deps\tokio_sync_notify_exp01-3822f470f9299589.e
xe)

running 0 tests

test result: ok. 0 passed; 0 failed; 0 ignored; 0 measured; 0 filtered out; finished in 0.00s

     Running unittests src\bin\tokio_sync_rwlock_exp01.rs (target\debug\deps\tokio_sync_rwlock_exp01-e436c9dc5d89b189.e
xe)

running 0 tests

test result: ok. 0 passed; 0 failed; 0 ignored; 0 measured; 0 filtered out; finished in 0.00s

     Running unittests src\bin\tokio_timeout_cancel_exp01.rs (target\debug\deps\tokio_timeout_cancel_exp01-94a3434e2558
7aa2.exe)

running 0 tests

test result: ok. 0 passed; 0 failed; 0 ignored; 0 measured; 0 filtered out; finished in 0.00s

     Running unittests src\bin\tokio_try_join_exp01.rs (target\debug\deps\tokio_try_join_exp01-c75b178d1f56c32c.exe)

running 0 tests

test result: ok. 0 passed; 0 failed; 0 ignored; 0 measured; 0 filtered out; finished in 0.00s

     Running unittests src\bin\tokio_watch_exp01.rs (target\debug\deps\tokio_watch_exp01-d282320049aa3702.exe)

running 0 tests

test result: ok. 0 passed; 0 failed; 0 ignored; 0 measured; 0 filtered out; finished in 0.00s

     Running unittests src\bin\tracing_console_exp01.rs (target\debug\deps\tracing_console_exp01-afda39770113ef70.exe)

running 0 tests

test result: ok. 0 passed; 0 failed; 0 ignored; 0 measured; 0 filtered out; finished in 0.00s

     Running unittests src\bin\utils_demo_exp01.rs (target\debug\deps\utils_demo_exp01-d446854cb43d07ae.exe)

running 0 tests

test result: ok. 0 passed; 0 failed; 0 ignored; 0 measured; 0 filtered out; finished in 0.00s

     Running unittests src\bin\window_batch_semaphore_exp01.rs (target\debug\deps\window_batch_semaphore_exp01-f681dad0
60d598c9.exe)

running 0 tests

test result: ok. 0 passed; 0 failed; 0 ignored; 0 measured; 0 filtered out; finished in 0.00s

     Running tests\async_ecosystem_comprehensive_tests.rs (target\debug\deps\async_ecosystem_comprehensive_tests-b90b2c
de76872c91.exe)

running 19 tests
test test_async_runtime_analyzer ... ok
test test_async_commonality_analyzer ... ok
test test_runtime_config ... ok
test test_runtime_metrics ... ok
test test_runtime_type ... ok
test test_task_priority ... ok
test test_abstract_async_operation ... ok
test test_error_handling ... ok
test test_data_source ... ok
test test_async_sync_conversion_framework ... ok
test test_aggregation_composition_service ... ok
test test_async_sync_conversion_service ... ok
test test_concurrency_safety ... ok
test test_simple_async_runtime_framework ... ok
test test_aggregation_composition_framework ... ok
test test_async_integration_patterns ... ok
test test_complete_async_ecosystem_demo ... ok
test test_high_concurrency ... ok
test test_memory_leak_prevention ... ok

test result: ok. 19 passed; 0 failed; 0 ignored; 0 measured; 0 filtered out; finished in 15.74s

     Running tests\concurrent_safety_tests.rs (target\debug\deps\concurrent_safety_tests-e94e1284f5d64b0c.exe)

running 6 tests
test test_atomic_operations ... ok
test test_future_safety ... ok
test test_shared_state_safety ... ok
test test_race_conditions ... ok
test test_synchronization_primitives ... ok
test test_memory_safety ... ok

test result: ok. 6 passed; 0 failed; 0 ignored; 0 measured; 0 filtered out; finished in 0.04s

     Running tests\edge_cases_tests.rs (target\debug\deps\edge_cases_tests-fc4684710900b362.exe)

running 11 tests
test test_async_backpressure_boundaries ... ok
test test_async_error_propagation_boundaries ... ok
test test_boundary_value_combinations ... ok
test test_async_cancellation_boundaries ... ok
test test_async_timeout_boundaries ... ok
test test_resource_exhaustion ... ok
test test_concurrency_boundaries ... ok
test test_error_paths ... ok
test test_async_concurrent_safety ... ok
test test_stream_boundaries ... ok
test test_future_boundaries ... ok

test result: ok. 11 passed; 0 failed; 0 ignored; 0 measured; 0 filtered out; finished in 0.00s

     Running tests\error_paths_tests.rs (target\debug\deps\error_paths_tests-ea6373375e38fa69.exe)

running 5 tests
test test_concurrent_safety ... ok
test test_exception_cases ... ok
test test_error_states ... ok
test test_error_inputs ... ok
test test_resource_exhaustion ... ok

test result: ok. 5 passed; 0 failed; 0 ignored; 0 measured; 0 filtered out; finished in 0.00s

     Running tests\integration_test_suite.rs (target\debug\deps\integration_test_suite-76d3412454c9d730.exe)

running 5 tests
test tests::test_async_error_handling ... ok
test tests::test_integration_test_manager ... ok
test tests::test_async_resource_management ... ok
test tests::test_async_basic_functionality ... ok
test tests::test_async_concurrency_control ... ok

test result: ok. 5 passed; 0 failed; 0 ignored; 0 measured; 0 filtered out; finished in 0.08s

     Running tests\integration_tests.rs (target\debug\deps\integration_tests-66f1f1503f8989b9.exe)

running 6 tests
test test_async_function_integration ... ok
test test_async_sync_primitives_integration ... ok
test test_async_concurrency_integration ... ok
test test_async_error_handling_integration ... ok
test test_async_stream_integration ... ok
test test_future_integration ... ok

test result: ok. 6 passed; 0 failed; 0 ignored; 0 measured; 0 filtered out; finished in 0.01s

     Running tests\simple_tests.rs (target\debug\deps\simple_tests-71402f2e9d6a5d42.exe)

running 11 tests
test test_runtime_config ... ok
test test_runtime_type ... ok
test test_task_priority ... ok
test test_runtime_metrics ... ok
test test_aggregation_composition ... ok
test test_simple_framework ... ok
test test_health_check ... ok
test test_error_handling ... ok
test test_async_sync_conversion ... ok
test test_batch_execution ... ok
test test_performance_monitoring ... ok

test result: ok. 11 passed; 0 failed; 0 ignored; 0 measured; 0 filtered out; finished in 0.07s

     Running tests\streams_smoke.rs (target\debug\deps\streams_smoke-ee506e7755cf2b29.exe)

running 1 test
test interval_stream_accumulates ... ok

test result: ok. 1 passed; 0 failed; 0 ignored; 0 measured; 0 filtered out; finished in 0.01s

     Running tests\utils_smoke.rs (target\debug\deps\utils_smoke-84f40938718658dc.exe)

running 1 test
test exec_strategy_basic_works ... ok

test result: ok. 1 passed; 0 failed; 0 ignored; 0 measured; 0 filtered out; finished in 0.02s

     Running unittests src\lib.rs (target\debug\deps\c07_process-57f1172bdb367a4a.exe)

running 86 tests
test async_runtime::enhanced::tests::test_spawn_with_async_callback ... ignored
test archive::rust_190_features::tests::test_improved_concurrency ... ok
test archive::rust_190_features::tests::test_improved_error_handling ... ok
test archive::rust_190_features::tests::test_improved_iterators ... ok
test archive::rust_190_features::tests::test_improved_macros ... ok
test archive::rust_190_features::tests::test_improved_type_inference ... ok
test archive::rust_190_features::tests::test_std_library_features ... ok
test archive::rust_192_features::tests::test_compare_process_lists ... ok
test archive::rust_192_features::tests::test_process_pool_size ... ok
test archive::rust_192_features::tests::test_process_resource_allocator ... ok
test archive::rust_190_features::tests::test_improved_pattern_matching ... ok
test async_runtime::tests::test_async_stdio_invalid_pid ... ok
test concurrency::enhanced::tests::test_deadlock_detection ... ok
test archive::rust_192_features::tests::test_process_queue_rotate ... ok
test error::enhanced::tests::test_batch_recovery ... ok
test concurrency::enhanced::tests::test_enhanced_sync_manager ... ok
test concurrency::enhanced::tests::test_adaptive_scheduler ... ok
test error::enhanced::tests::test_enhanced_error_manager ... ok
test error::enhanced::tests::test_error_classification ... ok
test error::enhanced::tests::test_error_pattern_analysis ... ok
test error::enhanced::tests::test_error_recovery ... ok
test error_unified::tests::test_error_conversion ... ok
test error_unified::tests::test_error_creation ... ok
test error::enhanced::tests::test_smart_recovery ... ok
test error::enhanced::tests::test_error_prediction ... ok
test inter_process_communication::enhanced::tests::test_batch_messages ... ok
test inter_process_communication::enhanced::tests::test_enhanced_ipc_manager ... ok
test error_unified::tests::test_retryable_error ... ok
test inter_process_communication::enhanced::tests::test_performance_monitoring ... ok
test inter_process_communication::enhanced::tests::test_shared_memory_channel ... ok
test miri_tests::test_cstring_null_rejection ... ok
test inter_process_communication::enhanced::tests::test_zero_copy_shared_memory ... ok
test miri_tests::test_env_var_modification ... ok
test miri_tests::test_process_info_init ... ok
test miri_tests::test_cstring_safety ... ok
test miri_tests::test_env_var_safety ... ok
test miri_tests::test_process_info_layout ... ok
test performance::enhanced::tests::test_cache_manager ... ok
test performance::enhanced::tests::test_cpu_monitor ... ok
test miri_tests::test_rlimit_struct ... ok
test miri_tests::test_sigset_operations ... ok
test performance::enhanced::tests::test_io_monitor ... ok
test rust_194_features::tests::test_analyze_encoding_distribution ... ok
test performance::enhanced::tests::test_memory_monitor ... ok
test performance::enhanced::tests::test_enhanced_performance_manager ... ok
test rust_194_features::tests::test_calculate_change_rates ... ok
test rust_194_features::tests::test_control_flow_batch ... ok
test rust_194_features::tests::test_control_flow_validate ... ok
test rust_194_features::tests::test_control_flow_matrix_search ... ok
test rust_194_features::tests::test_demonstrate_features ... ok
test rust_194_features::tests::test_detect_anomalies ... ok
test rust_194_features::tests::test_detect_error_patterns ... ok
test rust_194_features::tests::test_encode_decode ... ok
test rust_194_features::tests::test_estimate_harmonic_series ... ok
test rust_194_features::tests::test_get_info ... ok
test rust_194_features::tests::test_golden_section_search ... ok
test rust_194_features::tests::test_log_analyzer_empty ... ok
test rust_194_features::tests::test_log_parser ... ok
test rust_194_features::tests::test_metrics_analyzer_empty_data ... ok
test rust_194_features::tests::test_moving_average ... ok
test rust_194_features::tests::test_process_config_manager ... ok
test rust_194_features::tests::test_process_communication_invalid_unicode ... ok
test rust_196_features::tests::test_check_resource_limit ... ok
test rust_196_features::tests::test_get_rust_196_process_info ... ok
test rust_196_features::tests::test_interpret_exit_status ... ok
test rust_196_features::tests::test_group_processes ... ok
test rust_196_features::tests::test_parse_pid ... ok
test rust_196_features::tests::test_priority_range ... ok
test rust_196_features::tests::test_process_pool_manager ... ok
test rust_194_features::tests::test_log_analyzer_large_input ... ok
test rust_196_features::tests::test_process_stats ... ok
test tests::test_library_info ... ok
[2m2026-04-24T09:37:30.636125Z[0m [32m INFO[0m [2mc07_process[0m[2m:[0m C07 Process Management Library initialized
[2m2026-04-24T09:37:30.636149Z[0m [32m INFO[0m [2mc07_process[0m[2m:[0m Cleaning up C07 Process Management Library
test tests::test_enabled_features ... ok
test tests::test_init_and_cleanup ... ok
test async_runtime::enhanced::tests::test_performance_stats ... ok
test async_runtime::enhanced::tests::test_spawn_with_callback ... ok
test async_runtime::tests::test_async_stdio_close_stdin ... ok
test async_runtime::enhanced::tests::test_enhanced_async_process_manager ... ok
test async_runtime::tests::test_async_stdio_write_stdin ... ok
test async_runtime::tests::test_async_stdio_wait_with_timeout ... ok
test concurrency::enhanced::tests::test_performance_analysis ... ok
test archive::rust_190_features::tests::test_async_closures ... ok
test archive::rust_190_features::tests::test_async_task_demo ... ok
test async_runtime::tests::test_async_stdio_read_stdout ... ok
test async_runtime::tests::test_async_stdio_read_stderr ... ok
test concurrency::enhanced::tests::stress_test_mutex_rwlock_semaphore ... ok

test result: ok. 85 passed; 0 failed; 1 ignored; 0 measured; 0 filtered out; finished in 2.54s

     Running unittests src\bin\async_demo.rs (target\debug\deps\async_demo-ca9f84f85a117960.exe)

running 0 tests

test result: ok. 0 passed; 0 failed; 0 ignored; 0 measured; 0 filtered out; finished in 0.00s

     Running unittests src\bin\async_stdio_demo.rs (target\debug\deps\async_stdio_demo-8c9902d6263bea13.exe)

running 0 tests

test result: ok. 0 passed; 0 failed; 0 ignored; 0 measured; 0 filtered out; finished in 0.00s

     Running unittests src\bin\main.rs (target\debug\deps\c07_process-c60bcd0b6d9d1e86.exe)

running 0 tests

test result: ok. 0 passed; 0 failed; 0 ignored; 0 measured; 0 filtered out; finished in 0.00s

     Running unittests src\bin\enhanced_async_demo.rs (target\debug\deps\enhanced_async_demo-42561b225fcf1670.exe)

running 0 tests

test result: ok. 0 passed; 0 failed; 0 ignored; 0 measured; 0 filtered out; finished in 0.00s

     Running unittests src\bin\enhanced_error_demo.rs (target\debug\deps\enhanced_error_demo-58a4d27840a4b828.exe)

running 0 tests

test result: ok. 0 passed; 0 failed; 0 ignored; 0 measured; 0 filtered out; finished in 0.00s

     Running unittests src\bin\enhanced_ipc_demo.rs (target\debug\deps\enhanced_ipc_demo-e55c6d9d2f44414f.exe)

running 0 tests

test result: ok. 0 passed; 0 failed; 0 ignored; 0 measured; 0 filtered out; finished in 0.00s

     Running unittests src\bin\enhanced_sync_demo.rs (target\debug\deps\enhanced_sync_demo-0dc3052ea1373f5f.exe)

running 0 tests

test result: ok. 0 passed; 0 failed; 0 ignored; 0 measured; 0 filtered out; finished in 0.00s

     Running unittests src\bin\group_control_demo.rs (target\debug\deps\group_control_demo-6b1c970865fd9447.exe)

running 0 tests

test result: ok. 0 passed; 0 failed; 0 ignored; 0 measured; 0 filtered out; finished in 0.00s

     Running unittests src\bin\group_demo.rs (target\debug\deps\group_demo-842bb330af8f5379.exe)

running 0 tests

test result: ok. 0 passed; 0 failed; 0 ignored; 0 measured; 0 filtered out; finished in 0.00s

     Running unittests src\bin\ipc_demo.rs (target\debug\deps\ipc_demo-8af2de3dbcbfe0e1.exe)

running 0 tests

test result: ok. 0 passed; 0 failed; 0 ignored; 0 measured; 0 filtered out; finished in 0.00s

     Running unittests src\bin\process_demo.rs (target\debug\deps\process_demo-1cf67f1acf84abf2.exe)

running 0 tests

test result: ok. 0 passed; 0 failed; 0 ignored; 0 measured; 0 filtered out; finished in 0.00s

     Running unittests src\bin\process_pool_demo.rs (target\debug\deps\process_pool_demo-62cf310d8b3cf79f.exe)

running 0 tests

test result: ok. 0 passed; 0 failed; 0 ignored; 0 measured; 0 filtered out; finished in 0.00s

     Running unittests src\bin\rust_190_features_demo.rs (target\debug\deps\rust_190_features_demo-85869c7eaf346aaa.exe
)

running 0 tests

test result: ok. 0 passed; 0 failed; 0 ignored; 0 measured; 0 filtered out; finished in 0.00s

     Running unittests src\bin\rust_192_features_demo.rs (target\debug\deps\rust_192_features_demo-8bd0e7d4f9e81e5f.exe
)

running 0 tests

test result: ok. 0 passed; 0 failed; 0 ignored; 0 measured; 0 filtered out; finished in 0.00s

     Running unittests src\bin\stdio_demo.rs (target\debug\deps\stdio_demo-7df2e31da4360c09.exe)

running 0 tests

test result: ok. 0 passed; 0 failed; 0 ignored; 0 measured; 0 filtered out; finished in 0.00s

     Running unittests src\bin\supervisor_demo.rs (target\debug\deps\supervisor_demo-49555ba28c7acc2b.exe)

running 0 tests

test result: ok. 0 passed; 0 failed; 0 ignored; 0 measured; 0 filtered out; finished in 0.00s

     Running unittests src\bin\sync_demo.rs (target\debug\deps\sync_demo-5a3213d3105fb740.exe)

running 0 tests

test result: ok. 0 passed; 0 failed; 0 ignored; 0 measured; 0 filtered out; finished in 0.00s

     Running unittests src\bin\timeout_demo.rs (target\debug\deps\timeout_demo-fa38d58de3276614.exe)

running 0 tests

test result: ok. 0 passed; 0 failed; 0 ignored; 0 measured; 0 filtered out; finished in 0.00s

     Running tests\async_edge_cases_tests.rs (target\debug\deps\async_edge_cases_tests-05341bc66a569eb6.exe)

running 8 tests
test async_edge_cases::test_close_stdin_to_nonexistent_process ... ok
test async_edge_cases::test_read_stderr_from_nonexistent_process ... ok
test async_edge_cases::test_read_stdout_from_nonexistent_process ... ok
test async_edge_cases::test_write_stdin_to_nonexistent_process ... ok
test async_edge_cases::test_wait_with_timeout_for_nonexistent_process ... ok
test async_edge_cases::test_empty_stdin_write ... ok
test async_edge_cases::test_multiple_concurrent_operations ... ok
test async_edge_cases::test_timeout_behavior ... ok

test result: ok. 8 passed; 0 failed; 0 ignored; 0 measured; 0 filtered out; finished in 0.02s

     Running tests\concurrent_safety_tests.rs (target\debug\deps\concurrent_safety_tests-b4ccaad1faa5b6ca.exe)

running 6 tests
test test_process_management_safety ... ok
test test_synchronization_primitives ... ok
test test_race_conditions ... ok
test test_atomic_operations ... ok
test test_shared_state_safety ... ok
test test_memory_safety ... ok

test result: ok. 6 passed; 0 failed; 0 ignored; 0 measured; 0 filtered out; finished in 0.03s

     Running tests\edge_cases_tests.rs (target\debug\deps\edge_cases_tests-ca22a595608085c7.exe)

running 8 tests
test test_boundary_value_combinations ... ok
test test_error_paths ... ok
test test_resource_exhaustion ... ok
test test_process_count_boundaries ... ok
test test_ipc_boundaries ... ok
test test_timeout_boundaries ... ok
test test_process_lifecycle_boundaries ... ok
test test_resource_limit_boundaries ... ok

test result: ok. 8 passed; 0 failed; 0 ignored; 0 measured; 0 filtered out; finished in 0.00s

     Running tests\error_handling_tests.rs (target\debug\deps\error_handling_tests-9d061daa0d30de6d.exe)

running 5 tests
test test_error_source_chain ... ok
test test_invalid_process_config ... ok
test test_ipc_error_display ... ok
test test_sync_error_display ... ok
test test_process_error_display ... ok

test result: ok. 5 passed; 0 failed; 0 ignored; 0 measured; 0 filtered out; finished in 0.00s

     Running tests\error_paths_tests.rs (target\debug\deps\error_paths_tests-7a6fae2fa8e47084.exe)

running 5 tests
test test_error_inputs ... ok
test test_error_states ... ok
test test_resource_exhaustion ... ok
test test_exception_cases ... ok
test test_concurrent_safety ... ok

test result: ok. 5 passed; 0 failed; 0 ignored; 0 measured; 0 filtered out; finished in 0.00s

     Running tests\integration_tests.rs (target\debug\deps\integration_tests-75997a123fc8022c.exe)

running 8 tests
test test_config_defaults ... ok
test test_message_creation ... ok
test test_basic_functionality ... ok
test async_tests::test_async_process_not_found ... ok
test async_tests::test_async_process_manager_creation ... ok
test test_process_config_creation ... ok
test async_tests::test_async_process_spawn_and_kill ... ok
test async_tests::test_async_process_list_all ... ok

test result: ok. 8 passed; 0 failed; 0 ignored; 0 measured; 0 filtered out; finished in 0.01s

     Running unittests src\lib.rs (target\debug\deps\c08_algorithms-f4f3ddc874b4a39e.exe)

running 403 tests
test advanced_algorithms::tests::test_linear_regression ... ok
test advanced_algorithms::tests::test_rsa_encryption ... ok
test algorithms::formal_verification_examples::tests::test_binary_search_verified ... ok
test algorithms::formal_verification_examples::tests::test_sorting_properties ... ok
test algorithms::formal_verification_examples::tests::test_quick_sort_verified ... ok
test algorithms::rust_2025_features::tests::test_const_context_algorithms ... ok
test algorithms::rust_2025_features::tests::test_generator_algorithms ... ok
test algorithms::formal_verification_examples::tests::test_insertion_sort_verified ... ok
test algorithms::rust_2025_features::tests::test_performance_optimized_algorithms ... ok
test algorithms::formal_verification_examples::tests::test_merge_sort_verified ... ok
test archive::rust_192_features::btree_map_insert_entry_tests::test_btree_map_insert_entry ... ok
test algorithms::rust_2025_features::tests::test_async_closure_algorithms ... ok
test archive::rust_192_features::btree_map_insert_entry_tests::test_cache_insert_or_update ... ok
test advanced_algorithms::tests::test_sha256 ... ok
test algorithms::rust_2025_features::tests::test_structural_update_algorithms ... ok
test algorithms::rust_2025_features::tests::test_async_iterator_algorithms ... ok
test archive::rust_192_features::tests::test_compare_arrays ... ok
test archive::rust_192_features::tests::test_rotate_right ... ok
test backtracking::tests::test_permutations_and_subsets ... ok
test data_structure::fenwick::tests::test_fenwick_basic ... ok
test data_structure::dsu::tests::test_dsu_basic ... ok
test archive::rust_192_features::tests::test_div_ceil ... ok
test advanced_algorithms::tests::test_parallel_sort ... ok
test data_structure::sparse_table::tests::test_sparse_table_min ... ok
test data_structure::stack::tests::test_is_valid ... ok
test data_structure::lru_cache::tests::test_lru_basic ... ok
test backtracking::tests::test_nqueens_counts_sync ... ok
test data_structure::priority_queue::tests::test_max_heap_basic ... ok
test data_structure::priority_queue::tests::test_min_heap_basic ... ok
test data_structure::segtree::tests::test_segtree_sum ... ok
test divide_and_conquer::tests::test_closest_pair ... ok
test divide_and_conquer::tests::test_fast_pow_mod ... ok
test divide_and_conquer::tests::test_quickselect_and_karatsuba ... ok
test divide_and_conquer::tests::test_matrix_pow ... ok
test divide_and_conquer::tests::test_max_subarray_sum ... ok
test dynamic_programming::tests::test_lcs ... ok
test dynamic_programming::tests::test_knapsack ... ok
test dynamic_programming::tests::test_stone_merge ... ok
test dynamic_programming::tests::test_weighted_interval_and_mcm ... ok
test error::tests::test_error_conversion ... ok
test error::tests::test_error_creation ... ok
test geometry::tests::test_convex_hull_and_diameter ... ok
test graph::tests::test_bellman_ford_and_floyd ... ok
test dynamic_programming::tests::test_edit_distance ... ok
test dynamic_programming::tests::test_lis_len ... ok
test graph::tests::test_edmonds_karp_and_min_cut ... ok
test graph::tests::test_bfs_shortest_path_sync ... ok
test graph::tests::test_dijkstra_sync ... ok
test graph::tests::test_floyd_with_path ... ok
test graph::tests::test_hld ... ok
test graph::tests::test_hopcroft_karp_basic ... ok
test graph::tests::test_lca_binary_lift ... ok
test data_structure::priority_queue::tests::test_build_heap_async ... ok
test backtracking::tests::test_nqueens_parallel_and_async ... ok
test graph::tests::test_max_flow_dinic_small ... ok
test graph::tests::test_mst_kruskal_and_prim_and_topo ... ok
test graph::tests::test_tarjan_scc ... ok
test graph::tests::test_tree_centroid ... ok
test graph::tests::test_tree_diameter ... ok
test graph::tests::test_tree_max_independent_set ... ok
test greedy::tests::test_coin_change_greedy ... ok
test greedy::tests::test_fractional_knapsack ... ok
test greedy::tests::test_huffman_basic ... ok
test greedy::tests::test_interval_scheduling ... ok
test greedy::tests::test_job_sequencing ... ok
test leetcode::array::tests::test_contains_duplicate ... ok
test leetcode::array::tests::test_max_area ... ok
test leetcode::array::tests::test_max_profit ... ok
test leetcode::array::tests::test_max_subarray ... ok
test leetcode::array::tests::test_move_zeroes ... ok
test leetcode::array::tests::test_remove_element ... ok
test leetcode::array::tests::test_product_except_self ... ok
test leetcode::array::tests::test_two_sum ... ok
test leetcode::array::tests::test_remove_duplicates ... ok
test leetcode::array::tests::test_rotate ... ok
test leetcode::array::tests::test_summary_ranges ... ok
test leetcode::backtracking::tests::test_permute ... ok
test leetcode::backtracking::tests::test_combination_sum ... ok
test leetcode::backtracking::tests::test_combine ... ok
test leetcode::array::tests::test_three_sum ... ok
test leetcode::backtracking::tests::test_subsets ... ok
test leetcode::backtracking::tests::test_generate_parenthesis ... ok
test leetcode::backtracking::tests::test_letter_combinations ... ok
test leetcode::backtracking::tests::test_subsets_with_dup ... ok
test leetcode::backtracking::tests::test_partition ... ok
test leetcode::backtracking::tests::test_combination_sum3 ... ok
test leetcode::backtracking::tests::test_exist ... ok
test leetcode::binary_indexed_tree::tests::test_num_array_bit ... ok
test greedy::tests::test_async_wrappers ... ok
test leetcode::binary_search::tests::test_binary_search ... ok
test leetcode::binary_search::tests::test_find_min ... ok
test leetcode::binary_search::tests::test_find_peak_element ... ok
test leetcode::binary_search::tests::test_first_bad_version ... ok
test leetcode::binary_search::tests::test_is_perfect_square ... ok
test leetcode::binary_search::tests::test_my_sqrt ... ok
test leetcode::binary_search::tests::test_search_insert ... ok
test leetcode::binary_search::tests::test_search_matrix ... ok
test leetcode::binary_search::tests::test_search_range ... ok
test leetcode::binary_search::tests::test_search_rotated ... ok
test leetcode::bit_manipulation::tests::test_count_bits ... ok
test leetcode::bit_manipulation::tests::test_find_complement ... ok
test leetcode::bit_manipulation::tests::test_get_sum ... ok
test leetcode::bit_manipulation::tests::test_hamming_distance ... ok
test leetcode::bit_manipulation::tests::test_hamming_weight ... ok
test leetcode::bit_manipulation::tests::test_is_power_of_two ... ok
test leetcode::bit_manipulation::tests::test_missing_number ... ok
test leetcode::bit_manipulation::tests::test_reverse_bits ... ok
test leetcode::bit_manipulation::tests::test_single_number ... ok
test leetcode::bit_manipulation::tests::test_single_number_ii ... ok
test leetcode::bit_manipulation::tests::test_single_number_iii ... ok
test leetcode::breadth_first_search::tests::test_level_order ... ok
test leetcode::breadth_first_search::tests::test_min_depth ... ok
test leetcode::depth_first_search::tests::test_diameter_of_binary_tree ... ok
test leetcode::depth_first_search::tests::test_is_valid_bst ... ok
test leetcode::depth_first_search::tests::test_max_depth_dfs ... ok
test leetcode::design::tests::test_lru_cache ... ok
test leetcode::design::tests::test_min_stack ... ok
test leetcode::dynamic_programming::tests::test_change ... ok
test leetcode::dynamic_programming::tests::test_climb_stairs ... ok
test leetcode::dynamic_programming::tests::test_coin_change ... ok
test leetcode::dynamic_programming::tests::test_const_dp ... ok
test leetcode::dynamic_programming::tests::test_fib ... ok
test leetcode::dynamic_programming::tests::test_length_of_lis ... ok
test leetcode::dynamic_programming::tests::test_longest_common_subsequence ... ok
test leetcode::dynamic_programming::tests::test_min_cost_climbing_stairs ... ok
test leetcode::dynamic_programming::tests::test_rob ... ok
test leetcode::dynamic_programming::tests::test_rob_circular ... ok
test leetcode::graph::tests::test_can_finish ... ok
test leetcode::graph::tests::test_find_circle_num ... ok
test leetcode::graph::tests::test_flood_fill ... ok
test leetcode::graph::tests::test_max_area_of_island ... ok
test leetcode::graph::tests::test_num_islands ... ok
test leetcode::graph::tests::test_oranges_rotting ... ok
test leetcode::graph::tests::test_solve ... ok
test leetcode::greedy::tests::test_can_complete_circuit ... ok
test leetcode::greedy::tests::test_can_jump ... ok
test leetcode::greedy::tests::test_jump ... ok
test leetcode::greedy::tests::test_largest_number ... ok
test leetcode::greedy::tests::test_max_profit_ii ... ok
test leetcode::hash_table::tests::test_contains_nearby_duplicate ... ok
test leetcode::hash_table::tests::test_find_the_difference ... ok
test leetcode::hash_table::tests::test_four_sum_count ... ok
test leetcode::hash_table::tests::test_group_anagrams ... ok
test leetcode::hash_table::tests::test_intersect ... ok
test leetcode::hash_table::tests::test_intersection ... ok
test leetcode::hash_table::tests::test_is_anagram ... ok
test leetcode::hash_table::tests::test_is_isomorphic ... ok
test leetcode::hash_table::tests::test_roman_to_int ... ok
test leetcode::hash_table::tests::test_is_happy ... ok
test leetcode::hash_table::tests::test_single_number ... ok
test leetcode::hash_table::tests::test_word_pattern ... ok
test leetcode::heap::tests::test_find_kth_largest ... ok
test leetcode::heap::tests::test_frequency_sort ... ok
test leetcode::heap::tests::test_k_closest ... ok
test leetcode::heap::tests::test_kth_largest ... ok
test leetcode::heap::tests::test_last_stone_weight ... ok
test leetcode::heap::tests::test_top_k_frequent ... ok
test leetcode::heap::tests::test_top_k_frequent_words ... ok
test leetcode::linked_list::tests::test_add_two_numbers ... ok
test leetcode::linked_list::tests::test_merge_two_lists ... ok
test leetcode::linked_list::tests::test_reverse_list ... ok
test leetcode::math::tests::test_count_primes ... ok
test leetcode::math::tests::test_fib ... ok
test leetcode::math::tests::test_is_happy ... ok
test leetcode::math::tests::test_is_palindrome ... ok
test leetcode::math::tests::test_is_perfect_square ... ok
test leetcode::math::tests::test_is_power_of_three ... ok
test leetcode::math::tests::test_is_power_of_two ... ok
test leetcode::math::tests::test_my_pow ... ok
test leetcode::math::tests::test_my_sqrt ... ok
test leetcode::math::tests::test_reverse ... ok
test leetcode::matrix::tests::test_num_islands ... ok
test leetcode::matrix::tests::test_search_matrix ... ok
test leetcode::matrix::tests::test_set_zeroes ... ok
test leetcode::matrix::tests::test_rotate ... ok
test leetcode::matrix::tests::test_spiral_order ... ok
test leetcode::monotonic_stack::tests::test_max_sliding_window ... ok
test leetcode::monotonic_stack::tests::test_next_greater_element ... ok
test leetcode::monotonic_stack::tests::test_largest_rectangle_area ... ok
test leetcode::monotonic_stack::tests::test_next_greater_elements ... ok
test leetcode::monotonic_stack::tests::test_trap ... ok
test leetcode::ordered_map::tests::test_contains_nearby_almost_duplicate ... ok
test leetcode::ordered_map::tests::test_summary_ranges ... ok
test leetcode::queue::tests::test_max_sliding_window_queue ... ok
test leetcode::queue::tests::test_moving_average ... ok
test leetcode::queue::tests::test_my_queue ... ok
test leetcode::queue::tests::test_my_stack ... ok
test leetcode::recursion::tests::test_fib_recursive ... ok
test leetcode::recursion::tests::test_merge_two_lists_recursive ... ok
test leetcode::recursion::tests::test_my_pow_recursive ... ok
test leetcode::recursion::tests::test_reverse_list_recursive ... ok
test leetcode::recursion::tests::test_swap_pairs ... ok
test leetcode::segment_tree::tests::test_count_smaller ... ok
test leetcode::segment_tree::tests::test_num_array ... ok
test leetcode::sliding_window::tests::test_check_inclusion ... ok
test leetcode::sliding_window::tests::test_find_anagrams ... ok
test leetcode::sliding_window::tests::test_find_max_average ... ok
test leetcode::sliding_window::tests::test_length_of_longest_substring ... ok
test leetcode::sliding_window::tests::test_max_sliding_window ... ok
test leetcode::sliding_window::tests::test_min_sub_array_len ... ok
test leetcode::sliding_window::tests::test_min_window ... ok
test leetcode::sliding_window::tests::test_num_subarray_product_less_than_k ... ok
test leetcode::sliding_window::tests::test_total_fruit ... ok
test leetcode::sorting::tests::test_find_kth_largest_sorting ... ok
test leetcode::sorting::tests::test_is_anagram_sorting ... ok
test leetcode::sorting::tests::test_largest_number_sorting ... ok
test leetcode::sorting::tests::test_merge_intervals ... ok
test leetcode::sorting::tests::test_sort_colors ... ok
test leetcode::stack::tests::test_backspace_compare ... ok
test leetcode::stack::tests::test_daily_temperatures ... ok
test leetcode::stack::tests::test_eval_rpn ... ok
test leetcode::stack::tests::test_min_stack ... ok
test leetcode::stack::tests::test_next_greater_element ... ok
test leetcode::stack::tests::test_next_greater_elements ... ok
test leetcode::string_algorithms::tests::test_add_strings ... ok
test leetcode::string_algorithms::tests::test_can_construct ... ok
test leetcode::string_algorithms::tests::test_count_segments ... ok
test leetcode::string_algorithms::tests::test_first_uniq_char ... ok
test leetcode::string_algorithms::tests::test_is_subsequence ... ok
test leetcode::string_algorithms::tests::test_is_valid_parentheses ... ok
test leetcode::string_algorithms::tests::test_longest_common_prefix ... ok
test leetcode::string_algorithms::tests::test_longest_palindrome ... ok
test leetcode::string_algorithms::tests::test_repeated_substring_pattern ... ok
test leetcode::string_algorithms::tests::test_str_str ... ok
test leetcode::tree::tests::test_diameter_of_binary_tree ... ok
test leetcode::tree::tests::test_has_path_sum ... ok
test leetcode::tree::tests::test_inorder_traversal ... ok
test leetcode::tree::tests::test_invert_tree ... ok
test leetcode::tree::tests::test_is_balanced ... ok
test leetcode::tree::tests::test_is_same_tree ... ok
test leetcode::tree::tests::test_is_symmetric ... ok
test leetcode::tree::tests::test_max_depth ... ok
test leetcode::tree::tests::test_merge_trees ... ok
test leetcode::tree::tests::test_min_depth ... ok
test leetcode::tree::tests::test_postorder_traversal ... ok
test leetcode::tree::tests::test_preorder_traversal ... ok
test leetcode::trie::tests::test_trie ... ok
test leetcode::trie::tests::test_word_dictionary ... ok
test leetcode::two_pointers::tests::test_is_palindrome ... ok
test leetcode::two_pointers::tests::test_remove_duplicates_ii ... ok
test leetcode::two_pointers::tests::test_reverse_string ... ok
test leetcode::two_pointers::tests::test_reverse_vowels ... ok
test leetcode::two_pointers::tests::test_sort_colors ... ok
test leetcode::two_pointers::tests::test_three_sum_closest ... ok
test leetcode::two_pointers::tests::test_trap ... ok
test leetcode::two_pointers::tests::test_two_sum_ii ... ok
test leetcode::union_find::tests::test_find_circle_num ... ok
test leetcode::union_find::tests::test_find_redundant_connection ... ok
test leetcode::union_find::tests::test_longest_consecutive ... ok
test machine_learning::clustering::tests::test_davies_bouldin_score ... ok
test machine_learning::clustering::tests::test_dbscan_clustering ... ok
test machine_learning::clustering::tests::test_kmeans_clustering ... ok
test machine_learning::clustering::tests::test_silhouette_score ... ok
test machine_learning::kmeans::tests::test_kmeans_basic ... ok
test machine_learning::kmeans::tests::test_kmeans_empty_data ... ok
test machine_learning::kmeans::tests::test_kmeans_invalid_k ... ok
test machine_learning::kmeans::tests::test_kmeans_async ... ok
test machine_learning::naive_bayes::tests::test_multinomial_naive_bayes ... ok
test machine_learning::naive_bayes::tests::test_naive_bayes_basic ... ok
test machine_learning::naive_bayes::tests::test_naive_bayes_empty_data ... ok
test machine_learning::neural_network::tests::test_activation_functions ... ok
test machine_learning::naive_bayes::tests::test_naive_bayes_async ... ok
test machine_learning::neural_network::tests::test_layer_creation ... ok
test machine_learning::neural_network::tests::test_layer_forward ... ok
test machine_learning::neural_network::tests::test_mlp_creation ... ok
test machine_learning::neural_network::tests::test_mlp_forward ... ok
test machine_learning::neural_network::tests::test_mlp_regression_training ... ok
test machine_learning::regression::tests::test_linear_regression ... ok
test machine_learning::regression::tests::test_mse_calculation ... ok
test machine_learning::tests::test_metrics_computation ... ok
test machine_learning::tests::test_normalize ... ok
test machine_learning::tests::test_standardize ... ok
test machine_learning::tests::test_train_test_split ... ok
test miri_tests::test_bst_safety ... ok
test miri_tests::test_inplace_reverse ... ok
test miri_tests::test_linked_list_safety ... ok
test miri_tests::test_maybeuninit_array ... ok
test miri_tests::test_quicksort_safety ... ok
test miri_tests::test_stack_safety ... ok
test number_theory::tests::test_mod_pow_inv ... ok
test number_theory::tests::test_mr_pollard ... ok
test performance_examples::compile_time_optimization::tests::test_compile_time_operations ... ok
test performance_examples::compile_time_optimization::tests::test_fibonacci ... ok
test performance_examples::compile_time_optimization::tests::test_lookup_table ... ok
test performance_examples::compile_time_optimization::tests::test_optimized_vector ... ok
test performance_examples::concurrency_optimization::tests::test_atomic_counter ... ok
test performance_examples::concurrency_optimization::tests::test_lock_free_stack ... ok
test performance_examples::memory_optimization::tests::test_object_pool ... ok
test performance_examples::runtime_profiling::tests::test_memory_monitor ... ok
test performance_examples::memory_optimization::tests::test_zero_copy_buffer ... ok
test performance_examples::runtime_profiling::tests::test_metrics_collector ... ok
test performance_examples::tests::test_memory_monitor ... ok
test performance_optimization::tests::test_memory_pool ... ok
test performance_optimization::tests::test_optimized_container ... ok
test performance_optimization::tests::test_memory_profiler ... ok
test rust_194_features::tests::test_control_flow_batch ... ok
test rust_194_features::tests::test_control_flow_matrix_search ... ok
test performance_optimization::tests::test_object_pool ... ok
test rust_194_features::tests::test_fibonacci_cache ... ok
test rust_194_features::tests::test_demonstrate_features ... ok
test rust_194_features::tests::test_count_unicode_blocks ... ok
test rust_194_features::tests::test_control_flow_validate ... ok
test rust_194_features::tests::test_fibonacci_closed_form ... ok
test rust_194_features::tests::test_fibonacci_overflow ... ok
test rust_194_features::tests::test_find_anagrams ... ok
test performance_optimization::tests::test_lock_free_counter ... ok
test rust_194_features::tests::test_fibonacci_cache_large_n ... ok
test rust_194_features::tests::test_find_chars_in_range ... ok
test rust_194_features::tests::test_find_pattern_occurrences ... ok
test rust_194_features::tests::test_get_info ... ok
test rust_194_features::tests::test_golden_section_search ... ok
test rust_194_features::tests::test_harmonic_number ... ok
test rust_194_features::tests::test_longest_increasing_subsequence ... ok
test rust_194_features::tests::test_max_subarray_sum ... ok
test rust_194_features::tests::test_moving_median ... ok
test rust_194_features::tests::test_sequence_deduplicator ... ok
test rust_194_features::tests::test_sliding_window_find_patterns_empty ... ok
test rust_194_features::tests::test_sorted_iterator_merger ... ok
test rust_194_features::tests::test_string_window_algorithms_edge_cases ... ok
test rust_194_features::tests::test_unicode_sum ... ok
test rust_194_features::tests::test_window_sum ... ok
test rust_196_features::gen_block_algorithm_tests::test_cartesian_product_gen ... ok
test rust_196_features::gen_block_algorithm_tests::test_fibonacci_gen ... ok
test rust_196_features::gen_block_algorithm_tests::test_prime_sieve_gen ... ok
test rust_196_features::gen_block_algorithm_tests::test_sliding_window_gen ... ok
test rust_196_features::gen_block_algorithm_tests::test_tree_in_order_gen ... ok
test rust_196_features::gen_block_algorithm_tests::test_tree_level_order_gen ... ok
test rust_196_features::gen_block_algorithm_tests::test_tree_pre_order_gen ... ok
test rust_196_features::tests::test_arithmetic_sequence ... ok
test rust_196_features::tests::test_classify_by_range ... ok
test rust_196_features::tests::test_count_in_range ... ok
test rust_196_features::tests::test_distribute_tasks ... ok
test rust_196_features::tests::test_fibonacci_range ... ok
test rust_196_features::tests::test_grade_score ... ok
test rust_196_features::tests::test_inclusive_binary_search ... ok
test rust_196_features::tests::test_paginate ... ok
test rust_196_features::tests::test_prefix_statistics ... ok
test rust_196_features::tests::test_range_intersection ... ok
test rust_196_features::tests::test_range_union ... ok
test rust_196_features::tests::test_safe_parse_number ... ok
test rust_196_features::tests::test_sliding_window_stats ... ok
test rust_196_features::tests::test_trapezoidal_integral ... ok
test rust_196_features::tests::test_validate_algorithm_param ... ok
test searching::tests::test_exponential_and_ternary ... ok
test searching::tests::test_graph_search_sync ... ok
test searching::tests::test_interpolation_and_jump ... ok
test searching::tests::test_linear_and_binary_sync ... ok
test simd_operations::tests::test_array_add ... ok
test searching::tests::test_parallel_search ... ok
test simd_operations::tests::test_array_add_odd_length ... ok
test simd_operations::tests::test_search ... ok
test sorting::tests::test_i32_counting_and_radix ... ok
test sorting::tests::test_parallel_sort ... ok
test sorting::tests::test_counting_and_radix_u32 ... ok
test sorting::tests::test_shell_and_bucket ... ok
test sorting::tests::test_sync_sort_variants ... ok
test string_algorithms::tests::test_bmh ... ok
test string_algorithms::tests::test_kmp ... ok
test string_algorithms::tests::test_sam_basic ... ok
test string_algorithms::tests::test_trie_ac ... ok
test string_algorithms::tests::test_sa_kasai ... ok
test string_algorithms::tests::test_manacher ... ok
test string_algorithms::tests::test_rk ... ok
test tests::test_algorithm_benchmark ... ok
test tests::test_search_algorithms ... ok
test tests::test_version ... ok
test topics::formal_verification::tests::test_formal_verification ... ok
test topics::formal_verification::tests::test_proof_validator ... ok
test string_algorithms::tests::test_z_algorithm_and_search ... ok
test topics::searching::tests::test_breadth_first_search ... ok
test tests::test_complexity_analyzer ... ok
test tests::test_get_algorithms_by_category ... ok
test tests::test_get_all_algorithms ... ok
test topics::formal_verification::tests::test_proof_manager ... ok
test topics::searching::tests::test_binary_search ... ok
test topics::searching::tests::test_depth_first_search ... ok
test topics::searching::tests::test_linear_search ... ok
test topics::searching::tests::test_interpolation_search ... ok
test topics::searching::tests::test_exponential_search ... ok
test topics::searching::tests::test_jump_search ... ok
test topics::searching::tests::test_searching_complexities ... ok
test topics::searching::tests::test_parallel_search ... ok
test topics::searching::tests::test_async_search ... ok
test topics::searching::tests::test_searching_validator ... ok
test string_algorithms::tests::test_async_wraps ... ok
test topics::searching::tests::test_ternary_search ... ok
test topics::sorting::tests::test_bubble_sort ... ok
test topics::sorting::tests::test_heap_sort ... ok
test topics::sorting::tests::test_merge_sort ... ok
test topics::sorting::tests::test_async_sort ... ok
test topics::sorting::tests::test_parallel_sort ... ok
test topics::sorting::tests::test_quick_sort ... ok
test topics::sorting::tests::test_sorting_complexities ... ok
test topics::sorting::tests::test_sorting_validator ... ok
test topics::tests::test_algorithm_benchmark ... ok
test topics::tests::test_complexity_analyzer ... ok
test topics::tests::test_library_stats ... ok
test topics::tests::test_version_info ... ok
test performance_examples::tests::test_profiler ... ok
test performance_examples::runtime_profiling::tests::test_simple_profiler ... ok
test performance_optimization::tests::test_performance_profiler ... ok
test performance_examples::concurrency_optimization::tests::test_simple_thread_pool ... ok
test performance_examples::tests::test_benchmarker ... ok

test result: ok. 403 passed; 0 failed; 0 ignored; 0 measured; 0 filtered out; finished in 0.17s

     Running unittests src\bin\main.rs (target\debug\deps\algo-fc0adadac03ed02e.exe)

running 0 tests

test result: ok. 0 passed; 0 failed; 0 ignored; 0 measured; 0 filtered out; finished in 0.00s

     Running unittests src\bin\bench_report.rs (target\debug\deps\bench_report-5c9a5af66fbfc119.exe)

running 0 tests

test result: ok. 0 passed; 0 failed; 0 ignored; 0 measured; 0 filtered out; finished in 0.00s

     Running tests\bench_parallel.rs (target\debug\deps\bench_parallel-cb50dc1065055c1b.exe)

running 7 tests
test bench_memory_pool_allocate_deallocate ... ok
test bench_parallel_quicksort_vs_std_sort ... ok
test test_manacher_and_floyd ... ok
test test_searching_parallel_and_async ... ok
test test_sorting_parallel_and_async ... ok
test test_graph_async_bfs_and_dijkstra ... ok
test test_counting_and_radix_sorts ... ok

test result: ok. 7 passed; 0 failed; 0 ignored; 0 measured; 0 filtered out; finished in 0.01s

     Running tests\concurrent_safety_tests.rs (target\debug\deps\concurrent_safety_tests-0d6aa8b6b0849737.exe)

running 5 tests
test test_synchronization_primitives ... ok
test test_race_conditions ... ok
test test_atomic_operations ... ok
test test_shared_state_safety ... ok
test test_memory_safety ... ok

test result: ok. 5 passed; 0 failed; 0 ignored; 0 measured; 0 filtered out; finished in 0.04s

     Running tests\edge_cases_tests.rs (target\debug\deps\edge_cases_tests-38800df285c9dd09.exe)

running 7 tests
test test_algorithm_edge_cases ... ok
test test_boundary_value_combinations ... ok
test test_empty_collections ... ok
test test_single_element ... ok
test test_large_arrays ... ok
test test_error_paths ... ok
test test_resource_exhaustion ... ok

test result: ok. 7 passed; 0 failed; 0 ignored; 0 measured; 0 filtered out; finished in 0.00s

     Running tests\error_paths_tests.rs (target\debug\deps\error_paths_tests-f0d4e8e6ddf9a58a.exe)

running 5 tests
test test_error_inputs ... ok
test test_error_states ... ok
test test_exception_cases ... ok
test test_concurrent_safety ... ok
test test_resource_exhaustion ... ok

test result: ok. 5 passed; 0 failed; 0 ignored; 0 measured; 0 filtered out; finished in 0.00s

     Running tests\integration_tests.rs (target\debug\deps\integration_tests-9b6a28436bf691c0.exe)

running 21 tests
test test_algorithm_complexity_analysis ... ok
test test_algorithm_consistency ... ok
test test_algorithm_stability ... ok
test test_algorithm_robustness ... ok
test test_combinations_generator ... ok
test test_edge_cases ... ok
test test_error_handling ... ok
test test_memory_usage ... ok
test test_async_algorithms_correctness ... ok
test test_prime_generator ... ok
test test_rust_2025_features ... ok
test test_searching_algorithms_correctness ... ok
test test_string_algorithms_correctness ... ok
test test_async_closure_algorithms ... ok
test test_parallel_algorithms_correctness ... ok
test test_sorting_algorithms_correctness ... ok
test test_performance_optimized_algorithms ... ok
test test_async_iterator_algorithms ... ok
test test_concurrency_safety ... ok
test test_algorithm_scalability ... ok
test test_large_dataset_performance ... ok

test result: ok. 21 passed; 0 failed; 0 ignored; 0 measured; 0 filtered out; finished in 0.02s

     Running unittests src\lib.rs (target\debug\deps\c09_design_pattern-90b977a63dcb63b8.exe)

running 156 tests
test archive::rust_189_features::tests::test_advanced_singleton ... ok
test archive::rust_189_features::tests::test_demonstrate_features ... ok
test archive::rust_189_features::tests::test_cell_update_demo ... ok
test archive::rust_189_features::tests::test_array_conversion_demo ... ok
test archive::rust_189_features::tests::test_pointer_default_demo ... ok
test archive::rust_189_features::tests::test_socket_demo ... ok
test archive::rust_192_features::tests::test_pattern_error ... ok
test archive::rust_190_features::dyn_upcasting_demo::tests::test_dyn_upcast ... ok
test behavioral::chain_of_responsibility::define::tests::test_chain_of_responsibility01 ... ok
test behavioral::interpreter::define::tests::test_interpreter01 ... ok
test archive::rust_190_features::rpitit_demo::tests::test_words_on_str ... ok
test archive::rust_190_features::rpitit_demo::tests::test_words_on_string ... ok
test behavioral::observer::define::gats_tests::test_borrowing_observer ... ok
test archive::rust_192_features::tests::test_factory ... ok
test archive::rust_192_features::tests::test_object_pool ... ok
test archive::rust_192_features::tests::test_singleton ... ok
test archive::rust_192_features::tests::test_sorting_strategy ... ok
test archive::rust_190_features::gats_demo::tests::test_gats_vec_view ... ok
test behavioral::command::define::tests::test_command01 ... ok
test behavioral::iterator::define::tests::test_iterator01 ... ok
test behavioral::mediator::define::tests::test_mediator01 ... ok
test behavioral::memento::define::tests::test_memento01 ... ok
test behavioral::state::define::tests::test_state01 ... ok
test behavioral::observer::define::tests::test_observer01 ... ok
test behavioral::strategy::define::tests::test_strategy01 ... ok
test behavioral::template_method::define::tests::test_template_method01 ... ok
test behavioral::visitor::define::tests::test_visitor01 ... ok
test concurrency::asynchronous::native_async_trait::tests::test_native_async_trait_echo ... ok
test concurrency::message_passing::define::async_bus_tests::test_generic_bus_basic ... ok
test concurrency::message_passing::define::async_bus_tests::test_run_until_cancel ... ok
test concurrency::message_passing::define::async_bus_tests::test_run_with_backpressure ... ok
test concurrency::message_passing::define::async_bus_tests::test_run_with_strategy_variants ... ok
test concurrency::message_passing::define::async_bus_tests::test_run_with_timeout_like ... ok
test concurrency::message_passing::define::tests::test_message_passing01 ... ok
test creational::abstract_factory::generic::tests::test_rectangle_factory ... ok
test concurrency::producer_consumer::define::tests::test_producer_consumer01 ... ok
test creational::abstract_factory::generic::tests::test_abstract_factory01 ... ok
test creational::factory_method::method::tests::test_factory_method01 ... ok
test creational::singleton::define::tests::test_cell_update_demo ... ok
test creational::singleton::define::tests::test_singleton01 ... ok
test creational::object_pool::pool::tests::test_object_pool01 ... ok
test creational::prototype::prototype::tests::test_prototype01 ... ok
test creational::simple_factory::factory::tests::test_simple_factory01 ... ok
test creational::abstract_factory::generic::tests::test_circle_factory ... ok
test creational::static_creation_method::define::tests::test_static_creation_method01 ... ok
test creational::builder::builder::tests::test_builder01 ... ok
test concurrency::shared_state::define::tests::test_shared_state01 ... ok
test database_patterns::tests::test_active_record_pattern ... ok
test database_patterns::tests::test_dao_pattern ... ok
test database_patterns::tests::test_unit_of_work_pattern ... ok
test error_handling::tests::test_error_handler_fallback ... ok
test database_patterns::tests::test_repository_with_unit_of_work ... ok
test error_handling::tests::test_error_monitor ... ok
test creational::singleton::define::tests::test_singleton_thread_safety ... ok
test error_handling::tests::test_validation_utils ... ok
test error_unified::tests::test_error_conversion ... ok
test error_unified::tests::test_error_creation ... ok
test formal_verification_examples::tests::test_database_connection_typesafe ... ok
test formal_verification_examples::tests::test_observer_consistency ... ok
test formal_verification_examples::tests::test_quick_sort_terminates ... ok
test formal_verification_examples::tests::test_singleton_uniqueness ... ok
test formal_verification_examples::tests::test_typestate_file_lifecycle ... ok
test miri_tests::test_builder_pattern ... ok
test miri_tests::test_decorator_pattern ... ok
test miri_tests::test_factory_pattern ... ok
test game_engine_patterns::tests::test_component_system ... ok
test miri_tests::test_adapter_pattern ... ok
test miri_tests::test_proxy_pattern ... ok
test game_engine_patterns::tests::test_observer_pattern ... ok
test game_engine_patterns::tests::test_state_pattern ... ok
test miri_tests::test_observer_pattern ... ok
test os_patterns::tests::test_singleton_pattern ... ok
test miri_tests::test_singleton ... ok
test os_patterns::tests::test_command_pattern ... ok
test os_patterns::tests::test_factory_pattern ... ok
test os_patterns::tests::test_strategy_pattern ... ok
test formal_verification_examples::tests::test_safe_counter_no_race ... ok
test parallel::pipeline::define::iter_tests::test_make_pipeline_iter ... ok
test parallel::pipeline::define::pluggable_tests::test_make_pluggable_iter ... ok
test pattern_combinations::tests::test_game_engine ... ok
test pattern_combinations::tests::test_ai_state_transitions ... ok
test performance_benchmarks::tests::test_flyweight_benchmark ... ok
test parallel::data_parrallelism::define::tests::test_parallel_process01 ... ok
test parallel::task_decomposition::define::tests::test_task_decomposition01 ... ok
test pattern_combinations::tests::test_circuit_breaker ... ok
test parallel::parallel_reduction::define::tests::test_parallel_reduction01 ... ok
test pattern_combinations::tests::test_command_mapper ... ok
test performance_benchmarks::tests::test_benchmark_results_report ... ok
test performance_benchmarks::tests::test_proxy_benchmark ... ok
test rust_194_features::tests::test_char_to_position_mapper ... ok
test performance_benchmarks::tests::test_performance_requirements ... ok
test performance_benchmarks::tests::test_singleton_benchmark ... ok
test rust_194_features::tests::test_control_flow_matrix_search ... ok
test rust_194_features::tests::test_array_windows_state_validator ... ok
test rust_194_features::tests::test_control_flow_batch ... ok
test rust_194_features::tests::test_control_flow_validate ... ok
test error_handling::tests::test_error_handler_retry ... ok
test pattern_combinations::tests::test_web_server_facade ... ok
test parallel::pipeline::define::tests::test_parallel_pipeline01 ... ok
test performance_benchmarks::tests::test_parallel_benchmark ... ok
test parallel::work_stealing::define::tests::test_work_stealing01 ... ok
test rust_194_features::tests::test_array_windows_sliding_logger ... ok
test rust_194_features::tests::test_demonstrate_patterns ... ok
test rust_194_features::tests::test_singleton_cache_eviction ... ok
test rust_194_features::tests::test_state_transition_validator_invalid ... ok
test rust_194_features::tests::test_golden_ratio_factory ... ok
test rust_194_features::tests::test_golden_ratio_factory_edge_cases ... ok
test rust_194_features::tests::test_golden_section_search ... ok
test rust_194_features::tests::test_lazylock_global_config ... ok
test rust_194_features::tests::test_peekable_lexer ... ok
test rust_194_features::tests::test_simple_char_calculator ... ok
test rust_194_features::tests::test_euler_calculator ... ok
test rust_194_features::tests::test_get_info ... ok
test rust_196_features::tests::test_cache_tier ... ok
test rust_196_features::tests::test_connection_pool_config ... ok
test rust_196_features::tests::test_access_level_permission ... ok
test rust_196_features::tests::test_factory_batch_ranges ... ok
test rust_196_features::tests::test_get_rust_196_pattern_info ... ok
test rust_196_features::tests::test_object_pool_size_range ... ok
test rust_196_features::tests::test_parse_observer_threshold ... ok
test rust_196_features::tests::test_decorator_depth_category ... ok
test rust_196_features::tests::test_parse_strategy_config ... ok
test rust_196_features::tests::test_pattern_composer ... ok
test structural::adapter::define::tests::test_adapter01 ... ok
test structural::bridge::define::tests::test_bridge01 ... ok
test performance_benchmarks::tests::test_performance_test_suite ... ok
test structural::composite::define::tests::test_composite01 ... ok
test structural::decorator::define::tests::test_decorator01 ... ok
test structural::flyweight::define::tests::test_array_conversion_optimization ... ok
test structural::facade::define::tests::test_facade01 ... ok
test structural::flyweight::define::tests::test_batch_creation ... ok
test structural::flyweight::define::tests::test_flyweight01 ... ok
test structural::flyweight::define::tests::test_flyweight_pool ... ok
test structural::flyweight::define::tests::test_flyweight_reuse ... ok
test rust_194_features::tests::test_global_config_thread_safety ... ok
test structural::proxy::define::tests::test_pointer_default ... ok
test structural::proxy::define::tests::test_proxy01 ... ok
test structural::proxy::define::tests::test_proxy_id_consistency ... ok
test structural::proxy::define::tests::test_virtual_proxy_lazy_loading ... ok
test tests::test_get_all_patterns ... ok
test tests::test_get_patterns_by_category ... ok
test tests::test_version ... ok
test tests::test_search_patterns ... ok
test web_framework_patterns::tests::test_mvc_pattern ... ok
test web_framework_patterns::tests::test_mvvm_pattern ... ok
test web_framework_patterns::tests::test_repository_pattern ... ok
test concurrency::asynchronous::control::tests::test_rate_limiter_concurrency ... ok
test concurrency::asynchronous::control::tests::test_timeout_ok ... ok
test concurrency::asynchronous::control::tests::test_timeout_err ... ok
test concurrency::reader_writer::define::tests::test_reader_writer01 ... ok
test concurrency::asynchronous::observer::define::tests::test_observer_pattern01 ... ok
test concurrency::asynchronous::callback::define::tests::test_callback01 ... ok
test concurrency::asynchronous::promise_future::define::tests::test_promise_future01 ... ok
test concurrency::asynchronous::event_driven::define::tests::test_event_driven01 ... ok
test concurrency::asynchronous::coroutine::define::tests::test_coroutine01 ... ok
test concurrency::task_scheduling::define::tests::test_task_scheduling01 ... ok

test result: ok. 156 passed; 0 failed; 0 ignored; 0 measured; 0 filtered out; finished in 10.01s

     Running unittests src\bin\abf01.rs (target\debug\deps\abf01-0919aa097e3b26e2.exe)

running 0 tests

test result: ok. 0 passed; 0 failed; 0 ignored; 0 measured; 0 filtered out; finished in 0.00s

     Running unittests src\bin\abf02.rs (target\debug\deps\abf02-94fc7a1f62fb9bf3.exe)

running 0 tests

test result: ok. 0 passed; 0 failed; 0 ignored; 0 measured; 0 filtered out; finished in 0.00s

     Running unittests src\bin\main.rs (target\debug\deps\dp-fc2780216ba59147.exe)

running 0 tests

test result: ok. 0 passed; 0 failed; 0 ignored; 0 measured; 0 filtered out; finished in 0.00s

     Running tests\concurrent_safety_tests.rs (target\debug\deps\concurrent_safety_tests-83102eb04e7468c3.exe)

running 6 tests
test test_design_pattern_safety ... ok
test test_synchronization_primitives ... ok
test test_race_conditions ... ok
test test_atomic_operations ... ok
test test_shared_state_safety ... ok
test test_memory_safety ... ok

test result: ok. 6 passed; 0 failed; 0 ignored; 0 measured; 0 filtered out; finished in 0.04s

     Running tests\edge_cases_tests.rs (target\debug\deps\edge_cases_tests-38aa324de7bbe1db.exe)

running 8 tests
test test_boundary_value_combinations ... ok
test test_execution_model_boundaries ... ok
test test_pattern_performance_boundaries ... ok
test test_pattern_state_boundaries ... ok
test test_pattern_combination_boundaries ... ok
test test_pattern_complexity_boundaries ... ok
test test_error_paths ... ok
test test_resource_exhaustion ... ok

test result: ok. 8 passed; 0 failed; 0 ignored; 0 measured; 0 filtered out; finished in 0.00s

     Running tests\error_paths_tests.rs (target\debug\deps\error_paths_tests-c419b2b82f851e2e.exe)

running 5 tests
test test_error_inputs ... ok
test test_error_states ... ok
test test_exception_cases ... ok
test test_resource_exhaustion ... ok
test test_concurrent_safety ... ok

test result: ok. 5 passed; 0 failed; 0 ignored; 0 measured; 0 filtered out; finished in 0.00s

     Running tests\execution_model_tests.rs (target\debug\deps\execution_model_tests-122a1d6f403b9415.exe)

running 3 tests
test execution_model_async_has_items ... ok
test execution_model_hybrid_has_items ... ok
test execution_model_sync_has_items ... ok

test result: ok. 3 passed; 0 failed; 0 ignored; 0 measured; 0 filtered out; finished in 0.00s

     Running tests\integration_events_singleton.rs (target\debug\deps\integration_events_singleton-6faab24004a605c9.exe
)

running 2 tests
test integration_singleton_shared_instance ... ok
test integration_event_dispatch_throughput ... ok

test result: ok. 2 passed; 0 failed; 0 ignored; 0 measured; 0 filtered out; finished in 0.00s

     Running tests\integration_tests.rs (target\debug\deps\integration_tests-8cc2f31868308f86.exe)

running 11 tests
test integration_tests::test_chain_with_observer_integration ... ok
test integration_tests::test_error_handling_integration ... ok
test integration_tests::test_flyweight_proxy_performance_integration ... ok
test integration_tests::test_execution_model_query ... ok
test integration_tests::test_memory_optimization_integration ... ok
test integration_tests::test_proxy_with_flyweight_integration ... ok
test integration_tests::test_singleton_with_factory_integration ... ok
test performance_tests::test_singleton_performance ... ok
test performance_tests::test_flyweight_performance ... ok
test integration_tests::test_multithreaded_pattern_integration ... ok
test performance_tests::test_proxy_performance ... ok

test result: ok. 11 passed; 0 failed; 0 ignored; 0 measured; 0 filtered out; finished in 0.00s

     Running tests\pattern_combinations_tests.rs (target\debug\deps\pattern_combinations_tests-64e4055ccbbb9793.exe)

running 12 tests
test test_builder_validation ... ok
test test_error_handling_in_pattern_combinations ... ok
test test_web_server_facade_builder_integration ... ok
test test_game_engine_observer_events ... ok
test test_game_engine_ai_state_machine ... ok
test test_pattern_combination_performance ... ok
test test_game_engine_command_execution ... ok
test test_web_server_routing_strategy_switching ... ok
test test_game_engine_concurrent_inputs ... ok
test test_circuit_breaker_concurrent_access ... ok
test test_web_server_concurrent_requests ... ok
test test_circuit_breaker_state_transitions ... ok

test result: ok. 12 passed; 0 failed; 0 ignored; 0 measured; 0 filtered out; finished in 0.15s

     Running unittests src\lib.rs (target\debug\deps\c10_networks-4414dcf9ea7ab0f9.exe)

running 135 tests
test archive::rust_192_features::tests::test_network_connection_pool ... ok
test archive::rust_192_features::tests::test_network_bandwidth_allocator ... ok
test archive::rust_192_features::tests::test_network_packet_queue_rotate ... ok
test archive::rust_192_features::tests::test_packet_fragments ... ok
test error::tests::test_error_recovery ... ok
test archive::rust_192_features::tests::test_compare_packet_lists ... ok
test miri_tests::test_ip_parsing ... ok
test error::tests::test_error_stats ... ok
test error::tests::test_protocol_error ... ok
test error_unified::tests::test_error_creation ... ok
test error_unified::tests::test_retryable_error ... ok
test miri_tests::test_connection_state ... ok
test miri_tests::test_network_buffer ... ok
test miri_tests::test_socket_addr ... ok
test miri_tests::test_tcp_header ... ok
test miri_tests::test_uri_parsing ... ok
test packet::buffer::tests::test_packet_buffer_basic ... ok
test packet::buffer::tests::test_packet_buffer_overflow ... ok
test error_unified::tests::test_http_error ... ok
test packet::buffer::tests::test_ring_buffer ... ok
test packet::buffer::tests::test_ring_buffer_overflow ... ok
test packet::parser::tests::test_http_request_parser ... ok
test packet::parser::tests::test_packet_parser ... ok
test packet::parser::tests::test_websocket_frame_parser ... ok
test packet::serializer::tests::test_websocket_frame_serializer ... ok
test packet::serializer::tests::test_http_response_serializer ... ok
test packet::serializer::tests::test_packet_serializer ... ok
test packet::serializer::tests::test_http_request_serializer ... ok
test packet::tests::test_packet_builder ... ok
test packet::serializer::tests::test_serializer_stats ... ok
test packet::tests::test_packet_creation ... ok
test packet::tests::test_packet_filter ... ok
test performance::cache::tests::test_cache_basic ... ok
test packet::tests::test_packet_stats ... ok
test performance::cache::tests::test_cache_eviction ... ok
test performance::cache::tests::test_cache_manager ... ok
test performance::cache::tests::test_cache_stats ... ok
test performance::cache::tests::test_lru_cache ... ok
test performance::memory_pool::tests::test_memory_pool_exhaustion ... ok
test performance::memory_pool::tests::test_memory_pool_cleanup ... ok
test performance::memory_pool::tests::test_memory_pool_basic ... ok
test performance::memory_pool::tests::test_pooled_bytes ... ok
test performance::memory_pool::tests::test_memory_pool_manager ... ok
test performance::metrics::tests::test_error_stats ... ok
test performance::metrics::tests::test_memory_stats ... ok
test performance::metrics::tests::test_metrics_collector ... ok
test performance::metrics::tests::test_operation_timing ... ok
test performance::metrics::tests::test_performance_monitor ... ok
test performance::metrics::tests::test_performance_reporter ... ok
test performance::tests::test_batch_processor ... ok
test performance::tests::test_performance_monitor ... ok
test performance::tests::test_zero_copy_buffer ... ok
test protocol::async_traits::tests::test_async_trait_composer ... ok
test protocol::async_traits::tests::test_async_trait_optimizer ... ok
test protocol::http::tests::test_http_version_parsing ... ok
test performance::tests::test_performance_manager ... ok
test protocol::http::tests::test_http_response_creation ... ok
test protocol::http::tests::test_http_method_parsing ... ok
test protocol::tcp::connection::tests::test_tcp_congestion_control ... ok
test protocol::tcp::connection::tests::test_tcp_connection_stats ... ok
test protocol::http::tests::test_http_request_creation ... ok
test protocol::tcp::connection::tests::test_tcp_connection_creation ... ok
test protocol::tcp::state::tests::test_tcp_state_machine ... ok
test protocol::tcp::state::tests::test_tcp_state_machine_can_execute ... ok
test protocol::tcp::state::tests::test_tcp_state_properties ... ok
test protocol::tcp::tests::test_tcp_connection_pool ... ok
test protocol::websocket::frame::tests::test_websocket_frame_creation ... ok
test protocol::websocket::frame::tests::test_websocket_opcode ... ok
test protocol::websocket::handshake::tests::test_websocket_client ... ok
test protocol::websocket::handshake::tests::test_websocket_handshake_request ... ok
test protocol::websocket::handshake::tests::test_websocket_handshake_response ... ok
test protocol::websocket::tests::test_websocket_connection ... ok
test rust_194_features::tests::test_array_windows_frame_boundary ... ok
test rust_194_features::tests::test_array_windows_http2_preamble ... ok
test rust_194_features::tests::test_array_windows_sequence_validator ... ok
test rust_194_features::tests::test_control_flow_batch ... ok
test rust_194_features::tests::test_control_flow_matrix_search ... ok
test rust_194_features::tests::test_control_flow_validate ... ok
test rust_194_features::tests::test_demonstrate_features ... ok
test rust_194_features::tests::test_euler_backoff ... ok
test rust_194_features::tests::test_frame_boundary_detector_malformed ... ok
test rust_194_features::tests::test_get_info ... ok
test rust_194_features::tests::test_golden_ratio_load_balancer ... ok
test rust_194_features::tests::test_hex_codec ... ok
test rust_194_features::tests::test_http2_preamble_detector_partial ... ok
test rust_194_features::tests::test_lazylock_network_config ... ok
test rust_194_features::tests::test_mac_address_parser_invalid ... ok
test rust_194_features::tests::test_mac_address_parser_valid ... ok
test rust_194_features::tests::test_network_config_overload ... ok
test rust_194_features::tests::test_peekable_http_parser ... ok
test rust_194_features::tests::test_tlv_parser ... ok
test rust_194_features::tests::test_tlv_parser_nested ... ok
test rust_196_features::tests::test_bandwidth_tier ... ok
test rust_196_features::tests::test_check_response ... ok
test rust_196_features::tests::test_connection_pool_manager ... ok
test rust_196_features::tests::test_connection_state ... ok
test rust_196_features::tests::test_connection_stats ... ok
test rust_196_features::tests::test_get_rust_196_network_info ... ok
test rust_196_features::tests::test_is_valid_port ... ok
test rust_196_features::tests::test_mtu_category ... ok
test rust_196_features::tests::test_network_monitor_summary ... ok
test rust_196_features::tests::test_parse_port ... ok
test rust_196_features::tests::test_parse_retry_count ... ok
test rust_196_features::tests::test_port_category ... ok
test rust_196_features::tests::test_protocol_version ... ok
test rust_196_features::tests::test_rate_limit_check ... ok
test semantics::formal_spec::tests::test_http_formal_spec_creation ... ok
test semantics::formal_spec::tests::test_http_request_validation ... ok
test semantics::formal_spec::tests::test_http_rule_application ... ok
test semantics::formal_spec::tests::test_tcp_formal_spec_creation ... ok
test semantics::formal_spec::tests::test_tcp_invariant_check ... ok
test semantics::formal_spec::tests::test_tcp_state_transition ... ok
test semantics::model_checking::tests::test_guard_evaluation ... ok
test semantics::model_checking::tests::test_model_checker_creation ... ok
test semantics::model_checking::tests::test_tla_model_checker_creation ... ok
test semantics::tests::test_connection_state_creation ... ok
test semantics::tests::test_network_state_creation ... ok
test semantics::tests::test_semantic_verifier_creation ... ok
test socket::tests::test_tcp_socket_creation ... ok
test telemetry::tests::test_dns_query_span_creation ... ok
test telemetry::tests::test_request_span_creation ... ok
test telemetry::tests::test_tcp_connection_span_creation ... ok
test telemetry::tests::test_telemetry_config_default ... ok
test telemetry::tests::test_telemetry_config_jaeger ... ok
test telemetry::tests::test_telemetry_config_stdout ... ok
test unified_api::tests::test_cache_entry ... ok
test telemetry::tests::test_telemetry_config_otlp ... ok
test socket::tests::test_udp_socket_creation ... ok
test socket::tests::test_socket_factory ... ok
test socket::tests::test_utils ... ok
test performance::metrics::tests::test_throughput_stats ... ok
test protocol::async_traits::tests::test_async_network_client ... ok
test performance::cache::tests::test_cache_max_idle_time ... ok
test performance::cache::tests::test_cache_ttl ... ok
test protocol::tcp::tests::test_tcp_connection_pool_cleanup ... ok

test result: ok. 135 passed; 0 failed; 0 ignored; 0 measured; 0 filtered out; finished in 0.21s

     Running unittests src\bin\main.rs (target\debug\deps\net-bc82d6c3f1a62f1e.exe)

running 0 tests

test result: ok. 0 passed; 0 failed; 0 ignored; 0 measured; 0 filtered out; finished in 0.00s

     Running tests\concurrent_safety_tests.rs (target\debug\deps\concurrent_safety_tests-97dd0d1380e7a07f.exe)

running 6 tests
test test_network_operations_safety ... ok
test test_synchronization_primitives ... ok
test test_race_conditions ... ok
test test_atomic_operations ... ok
test test_shared_state_safety ... ok
test test_memory_safety ... ok

test result: ok. 6 passed; 0 failed; 0 ignored; 0 measured; 0 filtered out; finished in 0.04s

     Running tests\dns_tests.rs (target\debug\deps\dns_tests-6a29b0c7ab761a0d.exe)

running 3 tests
test dns_system_lookup_ips ... ok
test dns_doh_txt ... ok
test dns_lookup_system_smoke ... ok

test result: ok. 3 passed; 0 failed; 0 ignored; 0 measured; 0 filtered out; finished in 0.01s

     Running tests\edge_cases_tests.rs (target\debug\deps\edge_cases_tests-81d242c0bb4aeac4.exe)

running 10 tests
test test_boundary_value_combinations ... ok
test test_buffer_boundaries ... ok
test test_protocol_boundaries ... ok
test test_connection_state_boundaries ... ok
test test_resource_exhaustion ... ok
test test_retry_boundaries ... ok
test test_packet_size_boundaries ... ok
test test_timeout_boundaries ... ok
test test_error_paths ... ok
test test_connection_count_boundaries ... ok

test result: ok. 10 passed; 0 failed; 0 ignored; 0 measured; 0 filtered out; finished in 0.00s

     Running tests\error_paths_tests.rs (target\debug\deps\error_paths_tests-c2b8009b28aebe26.exe)

running 5 tests
test test_error_inputs ... ok
test test_exception_cases ... ok
test test_resource_exhaustion ... ok
test test_error_states ... ok
test test_concurrent_safety ... ok

test result: ok. 5 passed; 0 failed; 0 ignored; 0 measured; 0 filtered out; finished in 0.00s

     Running tests\integration_tests.rs (target\debug\deps\integration_tests-5fd296c31f6d201b.exe)

running 14 tests
test test_concurrent_processing ... ok
test test_packet_buffer ... ok
test test_error_handling ... ok
test test_http_protocol_basic ... ok
test test_packet_processing ... ok
test test_packet_serialization ... ok
test test_tcp_connection_management ... ok
test test_tcp_socket_basic ... ok
test test_websocket_protocol_basic ... ok
test test_memory_usage ... ok
test test_performance_benchmark ... ok
test test_tcp_connection_pool ... ok
test test_udp_socket_basic ... ok
test test_timeout_handling ... ok

test result: ok. 14 passed; 0 failed; 0 ignored; 0 measured; 0 filtered out; finished in 0.11s

     Running tests\performance_tests.rs (target\debug\deps\performance_tests-55df3a6af6d6e2c4.exe)

running 16 tests
test test_performance_benchmark_suite ... ignored
test test_websocket_handshake_performance ... ignored
test test_large_packet_performance ... ok
test test_memory_allocation_performance ... ok
test test_websocket_frame_creation_performance ... ok
test test_packet_deserialization_performance ... ok
test test_packet_creation_performance ... ok
test test_packet_builder_performance ... ok
test test_packet_serialization_performance ... ok
test test_http_request_creation_performance ... ok
test test_packet_filter_performance ... ok
test test_packet_stats_performance ... ok
test test_concurrent_packet_processing_performance ... ok
test test_http_response_creation_performance ... ok
test test_error_handling_performance ... ok
test test_packet_type_comparison_performance ... ok

test result: ok. 14 passed; 0 failed; 2 ignored; 0 measured; 0 filtered out; finished in 0.02s

     Running tests\protocol_tests.rs (target\debug\deps\protocol_tests-92bdbd0bff757b97.exe)

running 17 tests
test test_http_protocol_implementation ... ignored
test test_http_methods ... ok
test test_http_status_codes ... ok
test test_protocol_test_suite ... ignored
test test_protocol_boundary_conditions ... ok
test test_protocol_error_handling ... ok
test test_socket_configurations ... ok
test test_tcp_congestion_control ... ok
test test_protocol_packets ... ok
test test_tcp_protocol_implementation ... ok
test test_tcp_state_machine ... ok
test test_websocket_handshake_request ... ok
test test_websocket_opcodes ... ok
test test_protocol_compatibility ... ok
test test_websocket_protocol_implementation ... ok
test test_http_versions ... ok
test test_protocol_performance ... ok

test result: ok. 15 passed; 0 failed; 2 ignored; 0 measured; 0 filtered out; finished in 0.00s

     Running tests\security_tests.rs (target\debug\deps\security_tests-4a50362813a19b54.exe)

running 16 tests
test test_error_handling_security ... ignored
test test_acme_manager_security ... ok
test test_http_security_headers ... ok
test test_input_validation_and_sanitization ... ok
test test_security_test_suite ... ignored
test test_network_error_security ... ok
test test_packet_filter_security ... ok
test test_protocol_security ... ok
test test_packet_type_security ... ok
test test_boundary_condition_security ... ok
test test_memory_security ... ok
test test_sequence_number_security ... ok
test test_malicious_packet_detection ... ok
test test_websocket_security_validation ... ok
test test_packet_size_limits ... ok
test test_concurrency_security ... ok

test result: ok. 14 passed; 0 failed; 2 ignored; 0 measured; 0 filtered out; finished in 0.00s

     Running tests\test_runner.rs (target\debug\deps\test_runner-d4bb94b5aa52773d.exe)

running 5 tests
test test_test_report_generation ... ok
test test_test_result ... ok
test test_test_runner_config ... ok
test test_test_suite_result ... ok
test test_test_runner ... ok

test result: ok. 5 passed; 0 failed; 0 ignored; 0 measured; 0 filtered out; finished in 0.00s

     Running tests\unit_tests.rs (target\debug\deps\unit_tests-6ed14d97ad28a4ca.exe)

running 24 tests
test test_empty_packet ... ok
test test_http_protocol ... ok
test test_network_error_types ... ok
test test_packet_builder ... ok
test test_packet_builder_chaining ... ok
test test_packet_display ... ok
test test_packet_filter_sequence ... ok
test test_packet_filter ... ok
test test_packet_filter_default ... ok
test test_packet_stats_reset ... ok
test test_packet_type_hash ... ok
test test_packet_header ... ok
test test_performance_errors ... ok
test test_packet_serialization ... ok
test test_packet_stats ... ok
test test_error_stats ... ok
test test_packet_type_equality ... ok
test test_packet_types ... ok
test test_packet_with_sequence ... ok
test test_protocol_errors ... ok
test test_security_errors ... ok
test test_socket_configs ... ok
test test_websocket_protocol ... ok
test test_packet_creation ... ok

test result: ok. 24 passed; 0 failed; 0 ignored; 0 measured; 0 filtered out; finished in 0.00s

     Running unittests src\lib.rs (target\debug\deps\c11_macro_system-2bb0b51cb66170d3.exe)

running 54 tests
test archive::rust_192_features::tests::test_compare_macro_lists ... ok
test archive::rust_192_features::tests::test_macro_cache_size ... ok
test archive::rust_192_features::tests::test_macro_memory_allocator ... ok
test error::tests::test_error_creation ... ok
test macro_hygiene::hygiene_tests::test_variable_hygiene ... ok
test declarative::advanced_macros::tests::test_hashmap ... ok
test declarative::basic_macros::tests::test_calculate_macro ... ok
test declarative::recursive_macros::tests::test_count ... ok
test declarative::recursive_macros::tests::test_max ... ok
test declarative::utility_macros::tests::test_impl_from ... ok
test declarative::utility_macros::tests::test_vec_of ... ok
test declarative_macros::tests::test_count_macro ... ok
test declarative_macros::tests::test_my_vec ... ok
test declarative_macros::tests::test_my_vec_with_capacity ... ok
test error::tests::test_error_conversion ... ok
test declarative::advanced_macros::tests::test_vec_of_strings ... ok
test archive::rust_192_features::tests::test_macro_queue_rotate ... ok
test macro_hygiene::hygiene_tests::test_lifetime_hygiene ... ok
test archive::rust_192_features::tests::test_performance_monitor ... ok
test macro_patterns::tests::test_error_macro ... ok
test macro_patterns::tests::test_newtype ... ok
test rust_194_features::tests::test_array_windows_block_matcher ... ok
test declarative::basic_macros::tests::test_create_function_macro ... ok
test rust_194_features::tests::test_array_windows_token_analyzer ... ok
test rust_194_features::tests::test_control_flow_batch ... ok
test proc::custom_derive::tests::test_custom_debug_generation ... ok
test rust_194_features::tests::test_control_flow_matrix_search ... ok
test rust_194_features::tests::test_control_flow_validate ... ok
test rust_194_features::tests::test_demonstrate_features ... ok
test rust_194_features::tests::test_escape_sequence_handler ... ok
test rust_194_features::tests::test_euler_recursion_limit ... ok
test rust_194_features::tests::test_euler_recursion_limiter ... ok
test rust_194_features::tests::test_get_info ... ok
test rust_194_features::tests::test_golden_ratio_expansion_strategy ... ok
test rust_194_features::tests::test_lazylock_macro_registry ... ok
test rust_194_features::tests::test_macro_compile_cache_eviction ... ok
test rust_194_features::tests::test_peekable_macro_parser ... ok
test rust_194_features::tests::test_peekable_macro_parser_unexpected ... ok
test rust_194_features::tests::test_token_encoder ... ok
test rust_194_features::tests::test_token_stream_analyzer_empty ... ok
test rust_196_features::tests::test_batch_macro_expansions ... ok
test rust_196_features::tests::test_check_expansion_depth ... ok
test rust_196_features::tests::test_compilation_time_estimate ... ok
test rust_196_features::tests::test_get_rust_196_macro_info ... ok
test rust_196_features::tests::test_macro_complexity_score ... ok
test rust_196_features::tests::test_macro_expansion_manager ... ok
test rust_196_features::tests::test_macro_performance_tier ... ok
test rust_196_features::tests::test_macro_stats ... ok
test rust_196_features::tests::test_parse_macro_arity ... ok
test rust_196_features::tests::test_recursion_depth_category ... ok
test tests::test_module_name ... ok
test tests::test_version ... ok
test utils::debug::tests::test_macro_debug_info ... ok
test utils::expansion::tests::test_expansion_context ... ok

test result: ok. 54 passed; 0 failed; 0 ignored; 0 measured; 0 filtered out; finished in 0.00s

     Running tests\concurrent_safety_tests.rs (target\debug\deps\concurrent_safety_tests-3bbc23b6ab28e602.exe)

running 6 tests
test test_macro_expansion_safety ... ok
test test_shared_state_safety ... ok
test test_synchronization_primitives ... ok
test test_atomic_operations ... ok
test test_race_conditions ... ok
test test_memory_safety ... ok

test result: ok. 6 passed; 0 failed; 0 ignored; 0 measured; 0 filtered out; finished in 0.03s

     Running tests\edge_cases_tests.rs (target\debug\deps\edge_cases_tests-c0790b1f0945394c.exe)

running 9 tests
test test_boundary_value_combinations ... ok
test test_error_paths ... ok
test test_complex_macro_scenarios ... ok
test test_resource_exhaustion ... ok
test test_macro_parameter_type_boundaries ... ok
test test_macro_performance_boundaries ... ok
test test_macro_recursion_boundaries ... ok
test test_nesting_depth_boundaries ... ok
test test_macro_expansion_boundaries ... ok

test result: ok. 9 passed; 0 failed; 0 ignored; 0 measured; 0 filtered out; finished in 0.00s

     Running tests\error_paths_tests.rs (target\debug\deps\error_paths_tests-55f35a7aab16dcfe.exe)

running 5 tests
test test_error_inputs ... ok
test test_error_states ... ok
test test_resource_exhaustion ... ok
test test_exception_cases ... ok
test test_concurrent_safety ... ok

test result: ok. 5 passed; 0 failed; 0 ignored; 0 measured; 0 filtered out; finished in 0.00s

     Running tests\integration_tests.rs (target\debug\deps\integration_tests-edfb8e049453801d.exe)

running 6 tests
test test_code_generation_integration ... ok
test test_metaprogramming_integration ... ok
test test_macro_pattern_matching_integration ... ok
test test_macro_repetition_integration ... ok
test test_recursive_macro_integration ... ok
test test_declarative_macro_integration ... ok

test result: ok. 6 passed; 0 failed; 0 ignored; 0 measured; 0 filtered out; finished in 0.00s

     Running tests\macro_tests.rs (target\debug\deps\macro_tests-6546f3678eb8ae2f.exe)

running 10 tests
test test_assert_macro ... ok
test test_macro_hygiene ... ok
test test_option_macro ... ok
test test_format_macro ... ok
test test_custom_macro ... ok
test test_macro_repetition ... ok
test test_declarative_macro ... ok
test test_println_macro ... ok
test test_result_macro ... ok
test test_vec_macro ... ok

test result: ok. 10 passed; 0 failed; 0 ignored; 0 measured; 0 filtered out; finished in 0.00s

     Running unittests src\lib.rs (target\debug\deps\c12_wasm-6ac72420f1774409.exe)

running 71 tests
test archive::rust_192_features::tests::test_calculate_buffer_chunks ... ok
test archive::rust_192_features::tests::test_wasm_allocator_config ... ok
test archive::rust_193_features::tests::test_char_constants ... ok
test archive::rust_192_features::tests::test_wasm_optimized_processor ... ok
test browser_api::tests::test_timer_creation ... ok
test ecosystem_examples::tests::test_singleton_pattern ... ok
test archive::rust_193_features::tests::test_deque_conditional ... ok
test ffi_advanced::tests::test_dynamic_loading_concept ... ok
test archive::rust_193_features::tests::test_fmt_from_fn ... ok
test archive::rust_193_features::tests::test_wasm_buffer_193 ... ok
test math_utils::tests::test_vec2_operations ... ok
test archive::rust_192_features::tests::test_wasm_transfer_config ... ok
test archive::rust_192_features::tests::test_wasm_buffer ... ok
test error::tests::test_error_creation ... ok
test ffi_advanced::tests::test_callback_wrapper_creation ... ok
test ffi_advanced::tests::test_opaque_context_size ... ok
test archive::rust_193_features::tests::test_slice_to_array ... ok
test math_utils::tests::test_mean ... ok
test ecosystem_examples::tests::test_builder_pattern ... ok
test ecosystem_examples::tests::test_factory_pattern ... ok
test error::tests::test_error_conversion ... ok
test math_utils::tests::test_linear_regression ... ok
test archive::rust_193_features::tests::test_duration_from_nanos ... ok
test miri_tests::test_call_stack ... ok
test miri_tests::test_linear_memory ... ok
test miri_tests::test_wasm_value_union ... ok
test miri_tests::test_memory_bounds_check ... ok
test miri_tests::test_module_instance ... ok
test miri_tests::test_stack_overflow_protection ... ok
test rust_194_features::tests::test_array_windows_find_sequence ... ok
test rust_194_features::tests::test_array_windows_memory_view ... ok
test rust_194_features::tests::test_char_frequency_analyzer ... ok
test rust_194_features::tests::test_control_flow_batch ... ok
test rust_194_features::tests::test_control_flow_matrix_search ... ok
test rust_194_features::tests::test_control_flow_validate ... ok
test rust_194_features::tests::test_csv_parser ... ok
test rust_194_features::tests::test_euler_audio_synthesizer ... ok
test rust_194_features::tests::test_demonstrate_features ... ok
test rust_194_features::tests::test_get_info ... ok
test rust_194_features::tests::test_golden_ratio_layout ... ok
test rust_194_features::tests::test_lazylock_wasm_config ... ok
test rust_194_features::tests::test_read_all_i32_le_unaligned ... ok
test rust_194_features::tests::test_utf8_encoder ... ok
test rust_194_features::tests::test_utf8_encoder_surrogate ... ok
test rust_194_features::tests::test_wasm_base64 ... ok
test rust_194_features::tests::test_wasm_base64_invalid_padding ... ok
test rust_194_features::tests::test_wasm_memory_view_out_of_bounds ... ok
test rust_194_features::tests::test_wat_parser ... ok
test rust_194_features::tests::test_wat_parser_invalid_syntax ... ok
test rust_196_features::tests::test_data_segment_tier ... ok
test rust_196_features::tests::test_export_function_info ... ok
test rust_196_features::tests::test_get_rust_196_wasm_info ... ok
test rust_196_features::tests::test_instantiation_tier ... ok
test rust_196_features::tests::test_memory_budget_check ... ok
test rust_196_features::tests::test_memory_pages_category ... ok
test rust_196_features::tests::test_memory_stats ... ok
test rust_196_features::tests::test_parse_memory_pages ... ok
test rust_196_features::tests::test_parse_table_limit ... ok
test rust_196_features::tests::test_performance_tier ... ok
test rust_196_features::tests::test_wasm_module_manager ... ok
test rust_196_features::unsafe_extern_tests::test_get_unsafe_extern_info ... ok
test rust_196_features::unsafe_extern_tests::test_safe_performance_now ... ok
test rust_196_features::unsafe_extern_tests::test_safe_strlen ... ok
test rust_196_features::unsafe_extern_tests::test_wasm_buffer_layout ... ok
test tests::test_add ... ok
test tests::test_counter ... ok
test tests::test_greet ... ok
test tests::test_is_palindrome ... ok
test tests::test_reverse_string ... ok
test wasmedge_examples::tests::test_process_with_reuse ... ok
test wasmedge_examples::tests::test_parallel_process ... ok

test result: ok. 71 passed; 0 failed; 0 ignored; 0 measured; 0 filtered out; finished in 0.00s

     Running unittests src\bin\wasi_app.rs (target\debug\deps\wasi_app-32c36d6417a10722.exe)

running 0 tests

test result: ok. 0 passed; 0 failed; 0 ignored; 0 measured; 0 filtered out; finished in 0.00s

     Running tests\basic_tests.rs (target\debug\deps\basic_tests-094e2e4c4e8fefa2.exe)

running 20 tests
test test_add_function ... ok
test test_calculate_average ... ok
test test_count_words ... ok
test test_complex_workflow ... ok
test test_create_preallocated_vector ... ok
test test_filter_even ... ok
test test_counter_increment ... ok
test test_reverse_array ... ok
test test_counter_reset ... ok
test test_to_uppercase ... ok
test test_find_max ... ok
test test_greet_function ... ok
test test_is_palindrome ... ok
test test_person ... ok
test test_process_bytes_optimized ... ok
test test_reverse_string ... ok
test test_counter_decrement ... ok
test test_person_set_age ... ok
test test_sum_array ... ok
test test_counter_new ... ok

test result: ok. 20 passed; 0 failed; 0 ignored; 0 measured; 0 filtered out; finished in 0.00s

     Running tests\concurrent_safety_tests.rs (target\debug\deps\concurrent_safety_tests-6833a71fbe6673b7.exe)

running 6 tests
test test_synchronization_primitives ... ok
test test_wasm_module_safety ... ok
test test_atomic_operations ... ok
test test_race_conditions ... ok
test test_shared_state_safety ... ok
test test_memory_safety ... ok

test result: ok. 6 passed; 0 failed; 0 ignored; 0 measured; 0 filtered out; finished in 0.03s

     Running tests\design_patterns_tests.rs (target\debug\deps\design_patterns_tests-59ef1fb06c6e3c71.exe)

running 6 tests
test tests::test_builder_missing_required_field ... ignored
test tests::test_builder_pattern ... ignored
test tests::test_builder_with_defaults ... ignored
test tests::test_factory_pattern ... ignored
test tests::test_patterns_integration ... ignored
test tests::test_wasm_renderer_factory ... ignored

test result: ok. 0 passed; 0 failed; 6 ignored; 0 measured; 0 filtered out; finished in 0.00s

     Running tests\edge_cases_tests.rs (target\debug\deps\edge_cases_tests-6a14a1859200bf30.exe)

running 7 tests
test test_boundary_value_combinations ... ok
test test_memory_limit_boundaries ... ok
test test_wasi_boundaries ... ok
test test_resource_exhaustion ... ok
test test_error_paths ... ok
test test_wasm_function_boundaries ... ok
test test_wasm_module_size_boundaries ... ok

test result: ok. 7 passed; 0 failed; 0 ignored; 0 measured; 0 filtered out; finished in 0.00s

     Running tests\error_paths_tests.rs (target\debug\deps\error_paths_tests-93482754f6c580c3.exe)

running 5 tests
test test_concurrent_safety ... ignored
test test_error_inputs ... ignored
test test_error_states ... ignored
test test_exception_cases ... ignored
test test_resource_exhaustion ... ignored

test result: ok. 0 passed; 0 failed; 5 ignored; 0 measured; 0 filtered out; finished in 0.00s

     Running tests\integration_tests.rs (target\debug\deps\integration_tests-d9692105edafbe9f.exe)

running 6 tests
test test_wasm_function_call_integration ... ok
test test_wasm_import_export_integration ... ok
test test_wasm_module_integration ... ok
test test_wasm_rust_interop_integration ... ok
test test_wasi_integration ... ok
test test_wasm_memory_integration ... ok

test result: ok. 6 passed; 0 failed; 0 ignored; 0 measured; 0 filtered out; finished in 0.00s

     Running tests\rust_190_features_tests.rs (target\debug\deps\rust_190_features_tests-ee00508c9a973efa.exe)

running 9 tests
test test_edge_cases ... ok
test test_impl_trait_return ... ok
test test_iterator_chaining ... ok
test test_impl_trait_return_empty ... ok
test test_impl_trait_return_all_positive ... ok
test test_let_else_with_none ... ok
test test_performance_characteristics ... ok
test test_rust_190_features_integration ... ok
test test_let_else_with_some ... ok

test result: ok. 9 passed; 0 failed; 0 ignored; 0 measured; 0 filtered out; finished in 0.00s

     Running tests\rust_192_features_tests.rs (target\debug\deps\rust_192_features_tests-4f7f1acfeb6e61e3.exe)

running 12 tests
test test_wasm_optimized_vec_eq ... ok
test test_calculate_buffer_chunks ... ok
test test_wasm_transfer_config ... ok
test test_wasm_buffer ... ok
test test_wasm_circular_buffer ... ok
test test_wasm_debug_info ... ok
test test_wasm_ffi_union ... ok
test test_wasm_optimized_array_eq ... ok
test test_comprehensive_usage ... ok
test test_wasm_rotate_data ... ok
test test_wasm_optimized_processor ... ok
test test_wasm_allocator_config ... ok

test result: ok. 12 passed; 0 failed; 0 ignored; 0 measured; 0 filtered out; finished in 0.00s

     Running tests\wasi_tests.rs (target\debug\deps\wasi_tests-e9f9ce25d9ee68f8.exe)

running 1 test
test wasi_tests_skip_on_non_wasi ... ok

test result: ok. 1 passed; 0 failed; 0 ignored; 0 measured; 0 filtered out; finished in 0.00s

     Running unittests src\lib.rs (target\debug\deps\c13_embedded-3d1c2935e646b75b.exe)

running 31 tests
test bare_metal_basics::tests::test_panic_handler_description ... ok
test cxx_interop::tests::test_cxx_concepts ... ok
test bare_metal_basics::tests::test_startup_sequence ... ok
test ffi_c_interop::embedded_ffi_tests::test_get_embedded_ffi_info ... ok
test ffi_c_interop::embedded_ffi_tests::test_gpio_register_addr ... ok
test ffi_c_interop::tests::test_sensor_data_layout ... ok
test hal_design_patterns::tests::test_type_state_spi ... ok
test ffi_c_interop::tests::test_bindgen_workflow ... ok
test ffi_c_interop::tests::test_rust_initialize_sensor ... ok
test interrupt_handling::tests::test_critical_section_practices ... ok
test ffi_c_interop::tests::test_sensor_status_values ... ok
test ffi_c_interop::embedded_ffi_tests::test_safe_read_register_validation ... ok
test ffi_c_interop::embedded_ffi_tests::test_safe_write_register_validation ... ok
test hal_design_patterns::tests::test_uart_builder_missing_baudrate ... ok
test ffi_c_interop::embedded_ffi_tests::test_safe_hal_init ... ok
test interrupt_handling::tests::test_nvic_steps ... ok
test raw_pointers_advanced::tests::test_volatile_read_write ... ok
test memory_mapped_registers::tests::test_gpio_port_mock ... ok
test memory_mapped_registers::tests::test_modify_bits ... ok
test no_std_practices::tests::test_ring_buffer ... ok
test no_std_practices::tests::test_sum_slice ... ok
test hal_design_patterns::tests::test_uart_builder ... ok
test tests::test_library_info ... ok
test raw_pointers_advanced::tests::test_rdtsc ... ok
test no_std_practices::tests::test_format_number ... ok
test raw_pointers_advanced::tests::test_asm_nop ... ok
test memory_mapped_registers::tests::test_bit_ops ... ok
test uart_driver::tests::test_uart_driver_mock ... ok
test no_std_practices::tests::test_ring_buffer_full ... ok
test uart_driver::tests::test_uart_send_receive ... ok
test raw_pointers_advanced::tests::test_raw_pointer_alias ... ok

test result: ok. 31 passed; 0 failed; 0 ignored; 0 measured; 0 filtered out; finished in 0.00s

     Running unittests src\main.rs (target\debug\deps\embedded_demo-305de3e80e609bb2.exe)

running 0 tests

test result: ok. 0 passed; 0 failed; 0 ignored; 0 measured; 0 filtered out; finished in 0.00s

     Running tests\integration_tests.rs (target\debug\deps\integration_tests-5b37c213d8bb2d24.exe)

running 16 tests
test test_bindgen_workflow ... ok
test test_bit_operations ... ok
test test_core_usage ... ok
test test_nvic_setup ... ok
test test_gpio_register_size ... ok
test test_library_info ... ok
test test_uart_builder ... ok
test test_critical_section_practices ... ok
test test_panic_handler_concept ... ok
test test_ring_buffer ... ok
test test_spi_type_state ... ok
test test_spin_lock_concept ... ok
test test_uart_driver ... ok
test test_zero_cost_abstraction ... ok
test test_sensor_data_ffi ... ok
test test_startup_sequence ... ok

test result: ok. 16 passed; 0 failed; 0 ignored; 0 measured; 0 filtered out; finished in 0.00s

     Running unittests src\lib.rs (target\debug\deps\common-9642618fabb95518.exe)

running 16 tests
test error::tests::test_common_error ... ok
test error::tests::test_error_code_category ... ok
test error::tests::test_error_recovery_trait ... ok
test traits::tests::test_identifiable ... ok
test error::tests::test_trait_impl ... ok
test error::tests::test_macro_impl ... ok
test traits::tests::test_measurable ... ok
test types::tests::test_pagination ... ok
test utils::tests::test_batch_process ... ok
test utils::tests::test_format_bytes ... ok
test utils::tests::test_format_duration ... ok
test utils::tests::test_truncate_with_ellipsis ... ok
test error::tests::test_unified_error ... ok
test types::tests::test_paginated ... ok
test types::tests::test_version ... ok
test utils::tests::test_once_guard ... ok

test result: ok. 16 passed; 0 failed; 0 ignored; 0 measured; 0 filtered out; finished in 0.00s

   Doc-tests c01_ownership_borrow_scope

running 15 tests
test crates\c01_ownership_borrow_scope\src\lib.rs - (line 17) ... ok
test crates\c01_ownership_borrow_scope\src\rust_194_features.rs - rust_194_features::GoldenSectionSearch::find_minimum (line 310) ... ok
test crates\c01_ownership_borrow_scope\src\lib.rs - (line 229) ... ok
test crates\c01_ownership_borrow_scope\src\lib.rs - get_basic_syntax_info (line 487) ... ok
test crates\c01_ownership_borrow_scope\src\lib.rs - (line 277) ... ok
test crates\c01_ownership_borrow_scope\src\rust_194_features.rs - rust_194_features::SingleThreadCache (line 140) ... ok
test crates\c01_ownership_borrow_scope\src\rust_194_features.rs - rust_194_features::ThreadSafeCache (line 166) ... ok
test crates\c01_ownership_borrow_scope\src\lib.rs - init (line 426) ... ok
test crates\c01_ownership_borrow_scope\src\rust_194_features.rs - rust_194_features::search_in_matrix (line 437) ... ok
test crates\c01_ownership_borrow_scope\src\lib.rs - (line 41) ... ok
test crates\c01_ownership_borrow_scope\src\rust_194_features.rs - rust_194_features::sliding_window_averages (line 72) ... ok
test crates\c01_ownership_borrow_scope\src\rust_194_features.rs - rust_194_features::validate_data (line 465) ... ok
test crates\c01_ownership_borrow_scope\src\lib.rs - get_module_info (line 448) ... ok
test crates\c01_ownership_borrow_scope\src\rust_194_features.rs - rust_194_features::has_abba (line 48) ... ok
test crates\c01_ownership_borrow_scope\src\lib.rs - run_basic_syntax_examples (line 473) ... ok

test result: ok. 15 passed; 0 failed; 0 ignored; 0 measured; 0 filtered out; finished in 0.03s


running 3 tests
test crates\c01_ownership_borrow_scope\src\lib.rs - (line 316) - compile fail ... ok
test crates\c01_ownership_borrow_scope\src\lib.rs - (line 308) - compile fail ... ok
test crates\c01_ownership_borrow_scope\src\lib.rs - (line 301) - compile fail ... ok

test result: ok. 3 passed; 0 failed; 0 ignored; 0 measured; 0 filtered out; finished in 0.04s

all doctests ran in 0.50s; merged doctests compilation took 0.35s
   Doc-tests c02_type_system

running 4 tests
test crates\c02_type_system\src\primitive_types\scalar_types\number\enhanced_float.rs - primitive_types::scalar_types::number::enhanced_float::float_types::f64_operations (line 152) ... ok
test crates\c02_type_system\src\primitive_types\scalar_types\number\enhanced_float.rs - primitive_types::scalar_types::number::enhanced_float::float_types::f32_operations (line 37) ... ok
test crates\c02_type_system\src\rust_194_features.rs - rust_194_features::char_to_usize (line 223) ... ok
test crates\c02_type_system\src\rust_194_features.rs - rust_194_features (line 21) ... ok

test result: ok. 4 passed; 0 failed; 0 ignored; 0 measured; 0 filtered out; finished in 0.01s

all doctests ran in 0.35s; merged doctests compilation took 0.30s
   Doc-tests c03_control_fn

running 7 tests
test crates\c03_control_fn\src\rust_196_features.rs - rust_196_features (line 8) ... ignored
test crates\c03_control_fn\src\rust_196_gen_examples.rs - rust_196_gen_examples::basic_gen (line 55) ... ignored
test crates\c03_control_fn\src\basic_syntax.rs - basic_syntax::BasicSyntaxDemo<T>::set_metadata (line 89) ... ok
test crates\c03_control_fn\src\basic_syntax.rs - basic_syntax::BasicSyntaxDemo<T>::to_string_impl (line 106) ... ok
test crates\c03_control_fn\src\basic_syntax.rs - basic_syntax::BasicSyntaxDemo<T>::new (line 49) ... ok
test crates\c03_control_fn\src\basic_syntax.rs - basic_syntax::BasicSyntaxDemo<T>::update_data (line 70) ... ok
test crates\c03_control_fn\src\lib.rs - init (line 127) ... ok

test result: ok. 5 passed; 0 failed; 2 ignored; 0 measured; 0 filtered out; finished in 0.01s

all doctests ran in 0.40s; merged doctests compilation took 0.34s
   Doc-tests c04_generic

running 3 tests
test crates\c04_generic\src\rust_194_features.rs - rust_194_features (line 21) ... ignored
test crates\c04_generic\src\lib.rs - project_status_summary (line 346) ... ok
test crates\c04_generic\src\rust_194_features.rs - rust_194_features::FibonacciCalculator (line 288) ... ok

test result: ok. 2 passed; 0 failed; 1 ignored; 0 measured; 0 filtered out; finished in 0.01s

all doctests ran in 0.36s; merged doctests compilation took 0.30s
   Doc-tests c05_threads

running 5 tests
test crates\c05_threads\src\archive\rust_192_features.rs - archive::rust_192_features::create_manager_with_tasks (line 540) ... ignored
test crates\c05_threads\src\message_passing\watch\mod.rs - message_passing::watch (line 3) ... ignored
test crates\c05_threads\src\message_passing\sync_channel\mod.rs - message_passing::sync_channel (line 3) ... ok
test crates\c05_threads\src\message_passing\channel\mod.rs - message_passing::channel (line 3) ... ok
test crates\c05_threads\src\message_passing\mpsc\mod.rs - message_passing::mpsc (line 3) ... ok

test result: ok. 3 passed; 0 failed; 2 ignored; 0 measured; 0 filtered out; finished in 0.01s

all doctests ran in 0.41s; merged doctests compilation took 0.33s
   Doc-tests c06_async

running 32 tests
test crates\c06_async\src\futures\future01.rs - futures::future01 (line 22) ... ignored
test crates\c06_async\src\futures\future01.rs - futures::future01 (line 33) ... ignored
test crates\c06_async\src\await\await01.rs - r#await::await01::async_text01 (line 56) - compile ... ok
test crates\c06_async\src\lib.rs - smol (line 313) ... ignored
test crates\c06_async\src\lib.rs - streams (line 261) ... ignored
test crates\c06_async\src\await\await02.rs - r#await::await02 (line 28) - compile ... ok
test crates\c06_async\src\lib.rs - smol (line 328) - compile ... ok
test crates\c06_async\src\futures\future01.rs - futures::future01 (line 46) - compile ... ok
test crates\c06_async\src\futures\future01.rs - futures::future01::MyFuture (line 75) - compile ... ok
test crates\c06_async\src\futures\future01.rs - futures::future01::demo_future_combinators (line 227) - compile ... ok
test crates\c06_async\src\futures\future01.rs - futures::future01::demo_manual_future (line 182) - compile ... ok
test crates\c06_async\src\lib.rs - (line 59) - compile ... ok
test crates\c06_async\src\lib.rs - streams (line 295) - compile ... ok
test crates\c06_async\src\smol\mod.rs - smol::demo_basic_usage (line 88) - compile ... ok
test crates\c06_async\src\streams\mod.rs - streams::TickStream (line 82) - compile ... ok
test crates\c06_async\src\lib.rs - (line 83) - compile ... ok
test crates\c06_async\src\streams\mod.rs - streams::TickStream::new (line 115) - compile ... ok
test crates\c06_async\src\streams\mod.rs - streams::demo_basic_combinators (line 258) - compile ... ok
test crates\c06_async\src\await\await01.rs - r#await::await01 (line 28) - compile ... ok
test crates\c06_async\src\lib.rs - utils (line 273) - compile ... ok
test crates\c06_async\src\await\await02.rs - r#await::await02::process (line 85) - compile ... ok
test crates\c06_async\src\smol\mod.rs - smol::demo_io_operations (line 126) - compile ... ok
test crates\c06_async\src\tokio\sync\mutex.rs - tokio::sync::mutex (line 33) - compile ... ok
test crates\c06_async\src\tokio\sync\mutex.rs - tokio::sync::mutex::mutex_test01 (line 73) - compile ... ok
test crates\c06_async\src\streams\mod.rs - streams::demo_buffer_unordered (line 301) - compile ... ok
test crates\c06_async\src\streams\mod.rs - streams::demo_tick_stream (line 353) - compile ... ok
test crates\c06_async\src\tokio\sync\notify.rs - tokio::sync::notify::notify_test01 (line 80) - compile ... ok
test crates\c06_async\src\tokio\sync\rwlock.rs - tokio::sync::rwlock (line 40) - compile ... ok
test crates\c06_async\src\tokio\sync\notify.rs - tokio::sync::notify (line 40) - compile ... ok
test crates\c06_async\src\tokio\sync\rwlock.rs - tokio::sync::rwlock::rwlock_test01 (line 80) - compile ... ok
test crates\c06_async\src\lib.rs - smol (line 302) ... ok
test crates\c06_async\src\streams\mod.rs - streams::make_iter_stream (line 205) ... ok

test result: ok. 28 passed; 0 failed; 4 ignored; 0 measured; 0 filtered out; finished in 0.01s

all doctests ran in 1.63s; merged doctests compilation took 1.44s
   Doc-tests c07_process

running 4 tests
test crates\c07_process\src\lib.rs - (line 13) ... ok
test crates\c07_process\src\lib.rs - init (line 150) ... ok
test crates\c07_process\src\lib.rs - cleanup (line 179) ... ok
test crates\c07_process\src\lib.rs - get_library_info (line 206) ... ok

test result: ok. 4 passed; 0 failed; 0 ignored; 0 measured; 0 filtered out; finished in 0.01s

all doctests ran in 0.45s; merged doctests compilation took 0.37s
   Doc-tests c08_algorithms

running 4 tests
test crates\c08_algorithms\src\algorithms\formal_verification_examples.rs - algorithms::formal_verification_examples::insertion_sort_verified (line 207) ... ok
test crates\c08_algorithms\src\lib.rs - get_version (line 115) ... ok
test crates\c08_algorithms\src\algorithms\formal_verification_examples.rs - algorithms::formal_verification_examples::binary_search_verified (line 80) ... ok
test crates\c08_algorithms\src\lib.rs - get_rust_version (line 129) ... ok

test result: ok. 4 passed; 0 failed; 0 ignored; 0 measured; 0 filtered out; finished in 0.01s

all doctests ran in 0.40s; merged doctests compilation took 0.32s
   Doc-tests c09_design_pattern

running 2 tests
test crates\c09_design_pattern\src\lib.rs - get_version (line 62) ... ok
test crates\c09_design_pattern\src\lib.rs - get_all_patterns (line 109) ... ok

test result: ok. 2 passed; 0 failed; 0 ignored; 0 measured; 0 filtered out; finished in 0.01s


running 1 test
test crates\c09_design_pattern\src\formal_verification_examples.rs - formal_verification_examples::Singleton (line 93) - compile fail ... ok

test result: ok. 1 passed; 0 failed; 0 ignored; 0 measured; 0 filtered out; finished in 0.07s

all doctests ran in 0.42s; merged doctests compilation took 0.29s
   Doc-tests c10_networks

running 5 tests
test crates\c10_networks\src\telemetry.rs - telemetry (line 18) - compile ... ok
test crates\c10_networks\src\telemetry.rs - telemetry::init_tracer (line 130) - compile ... ok
test crates\c10_networks\src\lib.rs - NAME (line 74) ... ok
test crates\c10_networks\src\lib.rs - VERSION (line 63) ... ok
test crates\c10_networks\src\telemetry.rs - telemetry::request_span (line 238) ... ok

test result: ok. 5 passed; 0 failed; 0 ignored; 0 measured; 0 filtered out; finished in 0.01s

all doctests ran in 0.80s; merged doctests compilation took 0.62s
   Doc-tests c11_macro_system

running 26 tests
test crates\c11_macro_system\src\attribute_macros.rs - attribute_macros::CfgAttributes (line 46) ... ignored
test crates\c11_macro_system\src\attribute_macros.rs - attribute_macros::DeriveExample (line 15) ... ignored
test crates\c11_macro_system\src\attribute_macros.rs - attribute_macros::DeriveExample (line 25) ... ignored
test crates\c11_macro_system\src\attribute_macros.rs - attribute_macros::DocAttributes (line 56) ... ignored
test crates\c11_macro_system\src\attribute_macros.rs - attribute_macros::InlineAttributes (line 66) ... ignored
test crates\c11_macro_system\src\attribute_macros.rs - attribute_macros::TestAttributes (line 36) ... ignored
test crates\c11_macro_system\src\attribute_macros.rs - attribute_macros::patterns::parse_key_value_args (line 82) ... ignored
test crates\c11_macro_system\src\declarative\utility_macros.rs - declarative::utility_macros::impl_deref (line 132) ... ignored
test crates\c11_macro_system\src\declarative\utility_macros.rs - declarative::utility_macros::impl_display (line 96) ... ignored
test crates\c11_macro_system\src\declarative\utility_macros.rs - declarative::utility_macros::impl_getter_setter (line 9) ... ignored
test crates\c11_macro_system\src\procedural_macros.rs - procedural_macros::AttributeMacroExample (line 37) ... ignored
test crates\c11_macro_system\src\procedural_macros.rs - procedural_macros::DeriveMacroExample (line 11) ... ignored
test crates\c11_macro_system\src\procedural_macros.rs - procedural_macros::FunctionLikeMacroExample (line 52) ... ignored
test crates\c11_macro_system\src\declarative\advanced_macros.rs - declarative::advanced_macros::hashmap (line 23) ... ok
test crates\c11_macro_system\src\declarative\basic_macros.rs - declarative::basic_macros::say_hello (line 7) ... ok
test crates\c11_macro_system\src\declarative\advanced_macros.rs - declarative::advanced_macros::vec_of_strings (line 7) ... ok
test crates\c11_macro_system\src\declarative\basic_macros.rs - declarative::basic_macros::create_function (line 22) ... ok
test crates\c11_macro_system\src\lib.rs - MODULE_NAME (line 104) ... ok
test crates\c11_macro_system\src\declarative\recursive_macros.rs - declarative::recursive_macros::count (line 7) ... ok
test crates\c11_macro_system\src\declarative\utility_macros.rs - declarative::utility_macros::impl_from (line 75) ... ok
test crates\c11_macro_system\src\declarative\utility_macros.rs - declarative::utility_macros::test_module (line 44) ... ok
test crates\c11_macro_system\src\lib.rs - (line 18) ... ok
test crates\c11_macro_system\src\declarative\utility_macros.rs - declarative::utility_macros::vec_of (line 117) ... ok
test crates\c11_macro_system\src\lib.rs - VERSION (line 93) ... ok
test crates\c11_macro_system\src\declarative\basic_macros.rs - declarative::basic_macros::calculate (line 40) ... ok
test crates\c11_macro_system\src\declarative\recursive_macros.rs - declarative::recursive_macros::max (line 26) ... ok

test result: ok. 13 passed; 0 failed; 13 ignored; 0 measured; 0 filtered out; finished in 0.02s

all doctests ran in 0.41s; merged doctests compilation took 0.34s
   Doc-tests c12_wasm

running 0 tests

test result: ok. 0 passed; 0 failed; 0 ignored; 0 measured; 0 filtered out; finished in 0.00s

   Doc-tests c13_embedded

running 10 tests
test crates\c13_embedded\src\bare_metal_basics.rs - bare_metal_basics::PanicHandlerConcept (line 18) ... ignored
test crates\c13_embedded\src\bare_metal_basics.rs - bare_metal_basics::StartupCode (line 56) ... ignored
test crates\c13_embedded\src\ffi_c_interop.rs - ffi_c_interop::BuildRsExample (line 111) ... ignored
test crates\c13_embedded\src\ffi_c_interop.rs - ffi_c_interop::CBindingsConcept (line 93) ... ignored
test crates\c13_embedded\src\interrupt_handling.rs - interrupt_handling::CriticalSectionConcept (line 43) ... ignored
test crates\c13_embedded\src\interrupt_handling.rs - interrupt_handling::IsrTemplate (line 68) ... ignored
test crates\c13_embedded\src\interrupt_handling.rs - interrupt_handling::NvicConcept (line 13) ... ignored
test crates\c13_embedded\src\interrupt_handling.rs - interrupt_handling::SharedStatePattern (line 92) ... ignored
test crates\c13_embedded\src\no_std_practices.rs - no_std_practices::AllocUsage (line 146) ... ignored
test crates\c13_embedded\src\uart_driver.rs - uart_driver::InterruptDrivenUart (line 136) ... ignored

test result: ok. 0 passed; 0 failed; 10 ignored; 0 measured; 0 filtered out; finished in 0.00s


running 2 tests
test crates\c13_embedded\src\bare_metal_basics.rs - bare_metal_basics (line 6) ... ignored
test crates\c13_embedded\src\bare_metal_basics.rs - bare_metal_basics::GlobalAllocatorConcept (line 78) ... ignored

test result: ok. 0 passed; 0 failed; 2 ignored; 0 measured; 0 filtered out; finished in 0.00s

all doctests ran in 0.26s; merged doctests compilation took 0.20s
   Doc-tests common

running 2 tests
test crates\common\src\error\mod.rs - error::impl_rust_lang_error (line 299) ... ignored
test crates\common\src\lib.rs - (line 7) ... ok

test result: ok. 1 passed; 0 failed; 1 ignored; 0 measured; 0 filtered out; finished in 0.01s

all doctests ran in 0.30s; merged doctests compilation took 0.25s
